[0.074s] DEBUG:colcon:Command line arguments: ['/usr/bin/colcon', 'build']
[0.074s] DEBUG:colcon:Parsed command line arguments: Namespace(log_base=None, log_level=None, verb_name='build', build_base='build', install_base='install', merge_install=False, symlink_install=False, test_result_base=None, continue_on_error=False, executor='parallel', parallel_workers=16, event_handlers=None, ignore_user_meta=False, metas=['./colcon.meta'], base_paths=['.'], packages_ignore=None, packages_ignore_regex=None, paths=None, packages_up_to=None, packages_up_to_regex=None, packages_above=None, packages_above_and_dependencies=None, packages_above_depth=None, packages_select_by_dep=None, packages_skip_by_dep=None, packages_skip_up_to=None, packages_select_build_failed=False, packages_skip_build_finished=False, packages_select_test_failures=False, packages_skip_test_passed=False, packages_select=None, packages_skip=None, packages_select_regex=None, packages_skip_regex=None, packages_start=None, packages_end=None, allow_overriding=[], cmake_args=None, cmake_target=None, cmake_target_skip_unavailable=False, cmake_clean_cache=False, cmake_clean_first=False, cmake_force_configure=False, ament_cmake_args=None, catkin_cmake_args=None, catkin_skip_building_tests=False, verb_parser=<colcon_defaults.argument_parser.defaults.DefaultArgumentsDecorator object at 0x729e72570f70>, verb_extension=<colcon_core.verb.build.BuildVerb object at 0x729e726ddba0>, main=<bound method BuildVerb.main of <colcon_core.verb.build.BuildVerb object at 0x729e726ddba0>>)
[0.192s] Level 1:colcon.colcon_core.package_discovery:discover_packages(colcon_meta) check parameters
[0.192s] Level 1:colcon.colcon_core.package_discovery:discover_packages(recursive) check parameters
[0.192s] Level 1:colcon.colcon_core.package_discovery:discover_packages(ignore) check parameters
[0.192s] Level 1:colcon.colcon_core.package_discovery:discover_packages(path) check parameters
[0.192s] Level 1:colcon.colcon_core.package_discovery:discover_packages(colcon_meta) discover
[0.192s] Level 1:colcon.colcon_core.package_discovery:discover_packages(recursive) discover
[0.192s] INFO:colcon.colcon_core.package_discovery:Crawling recursively for packages in '/home/toris/rl_nav'
[0.192s] Level 1:colcon.colcon_core.package_identification:_identify(.) by extensions ['ignore', 'ignore_ament_install']
[0.192s] Level 1:colcon.colcon_core.package_identification:_identify(.) by extension 'ignore'
[0.193s] Level 1:colcon.colcon_core.package_identification:_identify(.) by extension 'ignore_ament_install'
[0.193s] Level 1:colcon.colcon_core.package_identification:_identify(.) by extensions ['colcon_pkg']
[0.193s] Level 1:colcon.colcon_core.package_identification:_identify(.) by extension 'colcon_pkg'
[0.193s] Level 1:colcon.colcon_core.package_identification:_identify(.) by extensions ['colcon_meta']
[0.193s] Level 1:colcon.colcon_core.package_identification:_identify(.) by extension 'colcon_meta'
[0.193s] Level 1:colcon.colcon_core.package_identification:_identify(.) by extensions ['ros']
[0.193s] Level 1:colcon.colcon_core.package_identification:_identify(.) by extension 'ros'
[0.200s] Level 1:colcon.colcon_core.package_identification:_identify(.) by extensions ['cmake', 'python']
[0.200s] Level 1:colcon.colcon_core.package_identification:_identify(.) by extension 'cmake'
[0.200s] Level 1:colcon.colcon_core.package_identification:_identify(.) by extension 'python'
[0.200s] Level 1:colcon.colcon_core.package_identification:_identify(.) by extensions ['python_setup_py']
[0.200s] Level 1:colcon.colcon_core.package_identification:_identify(.) by extension 'python_setup_py'
[0.200s] Level 1:colcon.colcon_core.package_identification:_identify(SAC_Dense) by extensions ['ignore', 'ignore_ament_install']
[0.201s] Level 1:colcon.colcon_core.package_identification:_identify(SAC_Dense) by extension 'ignore'
[0.201s] Level 1:colcon.colcon_core.package_identification:_identify(SAC_Dense) by extension 'ignore_ament_install'
[0.201s] Level 1:colcon.colcon_core.package_identification:_identify(SAC_Dense) by extensions ['colcon_pkg']
[0.201s] Level 1:colcon.colcon_core.package_identification:_identify(SAC_Dense) by extension 'colcon_pkg'
[0.201s] Level 1:colcon.colcon_core.package_identification:_identify(SAC_Dense) by extensions ['colcon_meta']
[0.201s] Level 1:colcon.colcon_core.package_identification:_identify(SAC_Dense) by extension 'colcon_meta'
[0.201s] Level 1:colcon.colcon_core.package_identification:_identify(SAC_Dense) by extensions ['ros']
[0.201s] Level 1:colcon.colcon_core.package_identification:_identify(SAC_Dense) by extension 'ros'
[0.201s] Level 1:colcon.colcon_core.package_identification:_identify(SAC_Dense) by extensions ['cmake', 'python']
[0.201s] Level 1:colcon.colcon_core.package_identification:_identify(SAC_Dense) by extension 'cmake'
[0.201s] Level 1:colcon.colcon_core.package_identification:_identify(SAC_Dense) by extension 'python'
[0.201s] Level 1:colcon.colcon_core.package_identification:_identify(SAC_Dense) by extensions ['python_setup_py']
[0.201s] Level 1:colcon.colcon_core.package_identification:_identify(SAC_Dense) by extension 'python_setup_py'
[0.201s] Level 1:colcon.colcon_core.package_identification:_identify(SAC_Dense/inference_results) by extensions ['ignore', 'ignore_ament_install']
[0.201s] Level 1:colcon.colcon_core.package_identification:_identify(SAC_Dense/inference_results) by extension 'ignore'
[0.201s] Level 1:colcon.colcon_core.package_identification:_identify(SAC_Dense/inference_results) by extension 'ignore_ament_install'
[0.201s] Level 1:colcon.colcon_core.package_identification:_identify(SAC_Dense/inference_results) by extensions ['colcon_pkg']
[0.201s] Level 1:colcon.colcon_core.package_identification:_identify(SAC_Dense/inference_results) by extension 'colcon_pkg'
[0.201s] Level 1:colcon.colcon_core.package_identification:_identify(SAC_Dense/inference_results) by extensions ['colcon_meta']
[0.201s] Level 1:colcon.colcon_core.package_identification:_identify(SAC_Dense/inference_results) by extension 'colcon_meta'
[0.201s] Level 1:colcon.colcon_core.package_identification:_identify(SAC_Dense/inference_results) by extensions ['ros']
[0.201s] Level 1:colcon.colcon_core.package_identification:_identify(SAC_Dense/inference_results) by extension 'ros'
[0.202s] Level 1:colcon.colcon_core.package_identification:_identify(SAC_Dense/inference_results) by extensions ['cmake', 'python']
[0.202s] Level 1:colcon.colcon_core.package_identification:_identify(SAC_Dense/inference_results) by extension 'cmake'
[0.202s] Level 1:colcon.colcon_core.package_identification:_identify(SAC_Dense/inference_results) by extension 'python'
[0.202s] Level 1:colcon.colcon_core.package_identification:_identify(SAC_Dense/inference_results) by extensions ['python_setup_py']
[0.202s] Level 1:colcon.colcon_core.package_identification:_identify(SAC_Dense/inference_results) by extension 'python_setup_py'
[0.202s] Level 1:colcon.colcon_core.package_identification:_identify(SAC_Dense/log) by extensions ['ignore', 'ignore_ament_install']
[0.202s] Level 1:colcon.colcon_core.package_identification:_identify(SAC_Dense/log) by extension 'ignore'
[0.202s] Level 1:colcon.colcon_core.package_identification:_identify(SAC_Dense/log) by extension 'ignore_ament_install'
[0.202s] Level 1:colcon.colcon_core.package_identification:_identify(SAC_Dense/log) by extensions ['colcon_pkg']
[0.202s] Level 1:colcon.colcon_core.package_identification:_identify(SAC_Dense/log) by extension 'colcon_pkg'
[0.202s] Level 1:colcon.colcon_core.package_identification:_identify(SAC_Dense/log) by extensions ['colcon_meta']
[0.202s] Level 1:colcon.colcon_core.package_identification:_identify(SAC_Dense/log) by extension 'colcon_meta'
[0.202s] Level 1:colcon.colcon_core.package_identification:_identify(SAC_Dense/log) by extensions ['ros']
[0.202s] Level 1:colcon.colcon_core.package_identification:_identify(SAC_Dense/log) by extension 'ros'
[0.202s] Level 1:colcon.colcon_core.package_identification:_identify(SAC_Dense/log) by extensions ['cmake', 'python']
[0.202s] Level 1:colcon.colcon_core.package_identification:_identify(SAC_Dense/log) by extension 'cmake'
[0.202s] Level 1:colcon.colcon_core.package_identification:_identify(SAC_Dense/log) by extension 'python'
[0.202s] Level 1:colcon.colcon_core.package_identification:_identify(SAC_Dense/log) by extensions ['python_setup_py']
[0.202s] Level 1:colcon.colcon_core.package_identification:_identify(SAC_Dense/log) by extension 'python_setup_py'
[0.202s] Level 1:colcon.colcon_core.package_identification:_identify(SAC_Dense/log/run_1) by extensions ['ignore', 'ignore_ament_install']
[0.202s] Level 1:colcon.colcon_core.package_identification:_identify(SAC_Dense/log/run_1) by extension 'ignore'
[0.203s] Level 1:colcon.colcon_core.package_identification:_identify(SAC_Dense/log/run_1) by extension 'ignore_ament_install'
[0.203s] Level 1:colcon.colcon_core.package_identification:_identify(SAC_Dense/log/run_1) by extensions ['colcon_pkg']
[0.203s] Level 1:colcon.colcon_core.package_identification:_identify(SAC_Dense/log/run_1) by extension 'colcon_pkg'
[0.203s] Level 1:colcon.colcon_core.package_identification:_identify(SAC_Dense/log/run_1) by extensions ['colcon_meta']
[0.203s] Level 1:colcon.colcon_core.package_identification:_identify(SAC_Dense/log/run_1) by extension 'colcon_meta'
[0.203s] Level 1:colcon.colcon_core.package_identification:_identify(SAC_Dense/log/run_1) by extensions ['ros']
[0.203s] Level 1:colcon.colcon_core.package_identification:_identify(SAC_Dense/log/run_1) by extension 'ros'
[0.203s] Level 1:colcon.colcon_core.package_identification:_identify(SAC_Dense/log/run_1) by extensions ['cmake', 'python']
[0.203s] Level 1:colcon.colcon_core.package_identification:_identify(SAC_Dense/log/run_1) by extension 'cmake'
[0.203s] Level 1:colcon.colcon_core.package_identification:_identify(SAC_Dense/log/run_1) by extension 'python'
[0.203s] Level 1:colcon.colcon_core.package_identification:_identify(SAC_Dense/log/run_1) by extensions ['python_setup_py']
[0.203s] Level 1:colcon.colcon_core.package_identification:_identify(SAC_Dense/log/run_1) by extension 'python_setup_py'
[0.203s] Level 1:colcon.colcon_core.package_identification:_identify(SAC_Dense/log/run_1/best_model) by extensions ['ignore', 'ignore_ament_install']
[0.203s] Level 1:colcon.colcon_core.package_identification:_identify(SAC_Dense/log/run_1/best_model) by extension 'ignore'
[0.203s] Level 1:colcon.colcon_core.package_identification:_identify(SAC_Dense/log/run_1/best_model) by extension 'ignore_ament_install'
[0.203s] Level 1:colcon.colcon_core.package_identification:_identify(SAC_Dense/log/run_1/best_model) by extensions ['colcon_pkg']
[0.203s] Level 1:colcon.colcon_core.package_identification:_identify(SAC_Dense/log/run_1/best_model) by extension 'colcon_pkg'
[0.203s] Level 1:colcon.colcon_core.package_identification:_identify(SAC_Dense/log/run_1/best_model) by extensions ['colcon_meta']
[0.203s] Level 1:colcon.colcon_core.package_identification:_identify(SAC_Dense/log/run_1/best_model) by extension 'colcon_meta'
[0.203s] Level 1:colcon.colcon_core.package_identification:_identify(SAC_Dense/log/run_1/best_model) by extensions ['ros']
[0.203s] Level 1:colcon.colcon_core.package_identification:_identify(SAC_Dense/log/run_1/best_model) by extension 'ros'
[0.203s] Level 1:colcon.colcon_core.package_identification:_identify(SAC_Dense/log/run_1/best_model) by extensions ['cmake', 'python']
[0.204s] Level 1:colcon.colcon_core.package_identification:_identify(SAC_Dense/log/run_1/best_model) by extension 'cmake'
[0.204s] Level 1:colcon.colcon_core.package_identification:_identify(SAC_Dense/log/run_1/best_model) by extension 'python'
[0.204s] Level 1:colcon.colcon_core.package_identification:_identify(SAC_Dense/log/run_1/best_model) by extensions ['python_setup_py']
[0.204s] Level 1:colcon.colcon_core.package_identification:_identify(SAC_Dense/log/run_1/best_model) by extension 'python_setup_py'
[0.204s] Level 1:colcon.colcon_core.package_identification:_identify(SAC_Dense/log/run_1/tb) by extensions ['ignore', 'ignore_ament_install']
[0.204s] Level 1:colcon.colcon_core.package_identification:_identify(SAC_Dense/log/run_1/tb) by extension 'ignore'
[0.204s] Level 1:colcon.colcon_core.package_identification:_identify(SAC_Dense/log/run_1/tb) by extension 'ignore_ament_install'
[0.204s] Level 1:colcon.colcon_core.package_identification:_identify(SAC_Dense/log/run_1/tb) by extensions ['colcon_pkg']
[0.204s] Level 1:colcon.colcon_core.package_identification:_identify(SAC_Dense/log/run_1/tb) by extension 'colcon_pkg'
[0.204s] Level 1:colcon.colcon_core.package_identification:_identify(SAC_Dense/log/run_1/tb) by extensions ['colcon_meta']
[0.204s] Level 1:colcon.colcon_core.package_identification:_identify(SAC_Dense/log/run_1/tb) by extension 'colcon_meta'
[0.204s] Level 1:colcon.colcon_core.package_identification:_identify(SAC_Dense/log/run_1/tb) by extensions ['ros']
[0.204s] Level 1:colcon.colcon_core.package_identification:_identify(SAC_Dense/log/run_1/tb) by extension 'ros'
[0.204s] Level 1:colcon.colcon_core.package_identification:_identify(SAC_Dense/log/run_1/tb) by extensions ['cmake', 'python']
[0.204s] Level 1:colcon.colcon_core.package_identification:_identify(SAC_Dense/log/run_1/tb) by extension 'cmake'
[0.204s] Level 1:colcon.colcon_core.package_identification:_identify(SAC_Dense/log/run_1/tb) by extension 'python'
[0.204s] Level 1:colcon.colcon_core.package_identification:_identify(SAC_Dense/log/run_1/tb) by extensions ['python_setup_py']
[0.204s] Level 1:colcon.colcon_core.package_identification:_identify(SAC_Dense/log/run_1/tb) by extension 'python_setup_py'
[0.204s] Level 1:colcon.colcon_core.package_identification:_identify(SAC_Dense/log/run_1/tb/run_1) by extensions ['ignore', 'ignore_ament_install']
[0.204s] Level 1:colcon.colcon_core.package_identification:_identify(SAC_Dense/log/run_1/tb/run_1) by extension 'ignore'
[0.204s] Level 1:colcon.colcon_core.package_identification:_identify(SAC_Dense/log/run_1/tb/run_1) by extension 'ignore_ament_install'
[0.205s] Level 1:colcon.colcon_core.package_identification:_identify(SAC_Dense/log/run_1/tb/run_1) by extensions ['colcon_pkg']
[0.205s] Level 1:colcon.colcon_core.package_identification:_identify(SAC_Dense/log/run_1/tb/run_1) by extension 'colcon_pkg'
[0.205s] Level 1:colcon.colcon_core.package_identification:_identify(SAC_Dense/log/run_1/tb/run_1) by extensions ['colcon_meta']
[0.205s] Level 1:colcon.colcon_core.package_identification:_identify(SAC_Dense/log/run_1/tb/run_1) by extension 'colcon_meta'
[0.205s] Level 1:colcon.colcon_core.package_identification:_identify(SAC_Dense/log/run_1/tb/run_1) by extensions ['ros']
[0.205s] Level 1:colcon.colcon_core.package_identification:_identify(SAC_Dense/log/run_1/tb/run_1) by extension 'ros'
[0.205s] Level 1:colcon.colcon_core.package_identification:_identify(SAC_Dense/log/run_1/tb/run_1) by extensions ['cmake', 'python']
[0.205s] Level 1:colcon.colcon_core.package_identification:_identify(SAC_Dense/log/run_1/tb/run_1) by extension 'cmake'
[0.205s] Level 1:colcon.colcon_core.package_identification:_identify(SAC_Dense/log/run_1/tb/run_1) by extension 'python'
[0.205s] Level 1:colcon.colcon_core.package_identification:_identify(SAC_Dense/log/run_1/tb/run_1) by extensions ['python_setup_py']
[0.205s] Level 1:colcon.colcon_core.package_identification:_identify(SAC_Dense/log/run_1/tb/run_1) by extension 'python_setup_py'
[0.205s] Level 1:colcon.colcon_core.package_identification:_identify(SAC_Dense_Hist) by extensions ['ignore', 'ignore_ament_install']
[0.205s] Level 1:colcon.colcon_core.package_identification:_identify(SAC_Dense_Hist) by extension 'ignore'
[0.205s] Level 1:colcon.colcon_core.package_identification:_identify(SAC_Dense_Hist) by extension 'ignore_ament_install'
[0.205s] Level 1:colcon.colcon_core.package_identification:_identify(SAC_Dense_Hist) by extensions ['colcon_pkg']
[0.205s] Level 1:colcon.colcon_core.package_identification:_identify(SAC_Dense_Hist) by extension 'colcon_pkg'
[0.205s] Level 1:colcon.colcon_core.package_identification:_identify(SAC_Dense_Hist) by extensions ['colcon_meta']
[0.205s] Level 1:colcon.colcon_core.package_identification:_identify(SAC_Dense_Hist) by extension 'colcon_meta'
[0.205s] Level 1:colcon.colcon_core.package_identification:_identify(SAC_Dense_Hist) by extensions ['ros']
[0.205s] Level 1:colcon.colcon_core.package_identification:_identify(SAC_Dense_Hist) by extension 'ros'
[0.205s] Level 1:colcon.colcon_core.package_identification:_identify(SAC_Dense_Hist) by extensions ['cmake', 'python']
[0.205s] Level 1:colcon.colcon_core.package_identification:_identify(SAC_Dense_Hist) by extension 'cmake'
[0.205s] Level 1:colcon.colcon_core.package_identification:_identify(SAC_Dense_Hist) by extension 'python'
[0.206s] Level 1:colcon.colcon_core.package_identification:_identify(SAC_Dense_Hist) by extensions ['python_setup_py']
[0.206s] Level 1:colcon.colcon_core.package_identification:_identify(SAC_Dense_Hist) by extension 'python_setup_py'
[0.206s] Level 1:colcon.colcon_core.package_identification:_identify(SAC_Dense_Hist/inference_results) by extensions ['ignore', 'ignore_ament_install']
[0.206s] Level 1:colcon.colcon_core.package_identification:_identify(SAC_Dense_Hist/inference_results) by extension 'ignore'
[0.206s] Level 1:colcon.colcon_core.package_identification:_identify(SAC_Dense_Hist/inference_results) by extension 'ignore_ament_install'
[0.206s] Level 1:colcon.colcon_core.package_identification:_identify(SAC_Dense_Hist/inference_results) by extensions ['colcon_pkg']
[0.206s] Level 1:colcon.colcon_core.package_identification:_identify(SAC_Dense_Hist/inference_results) by extension 'colcon_pkg'
[0.206s] Level 1:colcon.colcon_core.package_identification:_identify(SAC_Dense_Hist/inference_results) by extensions ['colcon_meta']
[0.206s] Level 1:colcon.colcon_core.package_identification:_identify(SAC_Dense_Hist/inference_results) by extension 'colcon_meta'
[0.206s] Level 1:colcon.colcon_core.package_identification:_identify(SAC_Dense_Hist/inference_results) by extensions ['ros']
[0.206s] Level 1:colcon.colcon_core.package_identification:_identify(SAC_Dense_Hist/inference_results) by extension 'ros'
[0.206s] Level 1:colcon.colcon_core.package_identification:_identify(SAC_Dense_Hist/inference_results) by extensions ['cmake', 'python']
[0.206s] Level 1:colcon.colcon_core.package_identification:_identify(SAC_Dense_Hist/inference_results) by extension 'cmake'
[0.206s] Level 1:colcon.colcon_core.package_identification:_identify(SAC_Dense_Hist/inference_results) by extension 'python'
[0.206s] Level 1:colcon.colcon_core.package_identification:_identify(SAC_Dense_Hist/inference_results) by extensions ['python_setup_py']
[0.206s] Level 1:colcon.colcon_core.package_identification:_identify(SAC_Dense_Hist/inference_results) by extension 'python_setup_py'
[0.206s] Level 1:colcon.colcon_core.package_identification:_identify(SAC_Dense_Hist/log) by extensions ['ignore', 'ignore_ament_install']
[0.206s] Level 1:colcon.colcon_core.package_identification:_identify(SAC_Dense_Hist/log) by extension 'ignore'
[0.206s] Level 1:colcon.colcon_core.package_identification:_identify(SAC_Dense_Hist/log) by extension 'ignore_ament_install'
[0.206s] Level 1:colcon.colcon_core.package_identification:_identify(SAC_Dense_Hist/log) by extensions ['colcon_pkg']
[0.206s] Level 1:colcon.colcon_core.package_identification:_identify(SAC_Dense_Hist/log) by extension 'colcon_pkg'
[0.206s] Level 1:colcon.colcon_core.package_identification:_identify(SAC_Dense_Hist/log) by extensions ['colcon_meta']
[0.206s] Level 1:colcon.colcon_core.package_identification:_identify(SAC_Dense_Hist/log) by extension 'colcon_meta'
[0.207s] Level 1:colcon.colcon_core.package_identification:_identify(SAC_Dense_Hist/log) by extensions ['ros']
[0.207s] Level 1:colcon.colcon_core.package_identification:_identify(SAC_Dense_Hist/log) by extension 'ros'
[0.207s] Level 1:colcon.colcon_core.package_identification:_identify(SAC_Dense_Hist/log) by extensions ['cmake', 'python']
[0.207s] Level 1:colcon.colcon_core.package_identification:_identify(SAC_Dense_Hist/log) by extension 'cmake'
[0.207s] Level 1:colcon.colcon_core.package_identification:_identify(SAC_Dense_Hist/log) by extension 'python'
[0.207s] Level 1:colcon.colcon_core.package_identification:_identify(SAC_Dense_Hist/log) by extensions ['python_setup_py']
[0.207s] Level 1:colcon.colcon_core.package_identification:_identify(SAC_Dense_Hist/log) by extension 'python_setup_py'
[0.207s] Level 1:colcon.colcon_core.package_identification:_identify(SAC_Dense_Hist/log/run_1) by extensions ['ignore', 'ignore_ament_install']
[0.207s] Level 1:colcon.colcon_core.package_identification:_identify(SAC_Dense_Hist/log/run_1) by extension 'ignore'
[0.207s] Level 1:colcon.colcon_core.package_identification:_identify(SAC_Dense_Hist/log/run_1) by extension 'ignore_ament_install'
[0.207s] Level 1:colcon.colcon_core.package_identification:_identify(SAC_Dense_Hist/log/run_1) by extensions ['colcon_pkg']
[0.207s] Level 1:colcon.colcon_core.package_identification:_identify(SAC_Dense_Hist/log/run_1) by extension 'colcon_pkg'
[0.207s] Level 1:colcon.colcon_core.package_identification:_identify(SAC_Dense_Hist/log/run_1) by extensions ['colcon_meta']
[0.207s] Level 1:colcon.colcon_core.package_identification:_identify(SAC_Dense_Hist/log/run_1) by extension 'colcon_meta'
[0.207s] Level 1:colcon.colcon_core.package_identification:_identify(SAC_Dense_Hist/log/run_1) by extensions ['ros']
[0.207s] Level 1:colcon.colcon_core.package_identification:_identify(SAC_Dense_Hist/log/run_1) by extension 'ros'
[0.207s] Level 1:colcon.colcon_core.package_identification:_identify(SAC_Dense_Hist/log/run_1) by extensions ['cmake', 'python']
[0.207s] Level 1:colcon.colcon_core.package_identification:_identify(SAC_Dense_Hist/log/run_1) by extension 'cmake'
[0.207s] Level 1:colcon.colcon_core.package_identification:_identify(SAC_Dense_Hist/log/run_1) by extension 'python'
[0.207s] Level 1:colcon.colcon_core.package_identification:_identify(SAC_Dense_Hist/log/run_1) by extensions ['python_setup_py']
[0.207s] Level 1:colcon.colcon_core.package_identification:_identify(SAC_Dense_Hist/log/run_1) by extension 'python_setup_py'
[0.207s] Level 1:colcon.colcon_core.package_identification:_identify(SAC_Dense_Hist/log/run_1/best_model) by extensions ['ignore', 'ignore_ament_install']
[0.208s] Level 1:colcon.colcon_core.package_identification:_identify(SAC_Dense_Hist/log/run_1/best_model) by extension 'ignore'
[0.208s] Level 1:colcon.colcon_core.package_identification:_identify(SAC_Dense_Hist/log/run_1/best_model) by extension 'ignore_ament_install'
[0.208s] Level 1:colcon.colcon_core.package_identification:_identify(SAC_Dense_Hist/log/run_1/best_model) by extensions ['colcon_pkg']
[0.208s] Level 1:colcon.colcon_core.package_identification:_identify(SAC_Dense_Hist/log/run_1/best_model) by extension 'colcon_pkg'
[0.208s] Level 1:colcon.colcon_core.package_identification:_identify(SAC_Dense_Hist/log/run_1/best_model) by extensions ['colcon_meta']
[0.208s] Level 1:colcon.colcon_core.package_identification:_identify(SAC_Dense_Hist/log/run_1/best_model) by extension 'colcon_meta'
[0.208s] Level 1:colcon.colcon_core.package_identification:_identify(SAC_Dense_Hist/log/run_1/best_model) by extensions ['ros']
[0.208s] Level 1:colcon.colcon_core.package_identification:_identify(SAC_Dense_Hist/log/run_1/best_model) by extension 'ros'
[0.208s] Level 1:colcon.colcon_core.package_identification:_identify(SAC_Dense_Hist/log/run_1/best_model) by extensions ['cmake', 'python']
[0.208s] Level 1:colcon.colcon_core.package_identification:_identify(SAC_Dense_Hist/log/run_1/best_model) by extension 'cmake'
[0.208s] Level 1:colcon.colcon_core.package_identification:_identify(SAC_Dense_Hist/log/run_1/best_model) by extension 'python'
[0.208s] Level 1:colcon.colcon_core.package_identification:_identify(SAC_Dense_Hist/log/run_1/best_model) by extensions ['python_setup_py']
[0.208s] Level 1:colcon.colcon_core.package_identification:_identify(SAC_Dense_Hist/log/run_1/best_model) by extension 'python_setup_py'
[0.208s] Level 1:colcon.colcon_core.package_identification:_identify(SAC_Dense_Hist/log/run_1/tb) by extensions ['ignore', 'ignore_ament_install']
[0.208s] Level 1:colcon.colcon_core.package_identification:_identify(SAC_Dense_Hist/log/run_1/tb) by extension 'ignore'
[0.208s] Level 1:colcon.colcon_core.package_identification:_identify(SAC_Dense_Hist/log/run_1/tb) by extension 'ignore_ament_install'
[0.208s] Level 1:colcon.colcon_core.package_identification:_identify(SAC_Dense_Hist/log/run_1/tb) by extensions ['colcon_pkg']
[0.208s] Level 1:colcon.colcon_core.package_identification:_identify(SAC_Dense_Hist/log/run_1/tb) by extension 'colcon_pkg'
[0.208s] Level 1:colcon.colcon_core.package_identification:_identify(SAC_Dense_Hist/log/run_1/tb) by extensions ['colcon_meta']
[0.208s] Level 1:colcon.colcon_core.package_identification:_identify(SAC_Dense_Hist/log/run_1/tb) by extension 'colcon_meta'
[0.208s] Level 1:colcon.colcon_core.package_identification:_identify(SAC_Dense_Hist/log/run_1/tb) by extensions ['ros']
[0.208s] Level 1:colcon.colcon_core.package_identification:_identify(SAC_Dense_Hist/log/run_1/tb) by extension 'ros'
[0.209s] Level 1:colcon.colcon_core.package_identification:_identify(SAC_Dense_Hist/log/run_1/tb) by extensions ['cmake', 'python']
[0.209s] Level 1:colcon.colcon_core.package_identification:_identify(SAC_Dense_Hist/log/run_1/tb) by extension 'cmake'
[0.209s] Level 1:colcon.colcon_core.package_identification:_identify(SAC_Dense_Hist/log/run_1/tb) by extension 'python'
[0.209s] Level 1:colcon.colcon_core.package_identification:_identify(SAC_Dense_Hist/log/run_1/tb) by extensions ['python_setup_py']
[0.209s] Level 1:colcon.colcon_core.package_identification:_identify(SAC_Dense_Hist/log/run_1/tb) by extension 'python_setup_py'
[0.209s] Level 1:colcon.colcon_core.package_identification:_identify(SAC_Dense_Hist/log/run_1/tb/run_1) by extensions ['ignore', 'ignore_ament_install']
[0.209s] Level 1:colcon.colcon_core.package_identification:_identify(SAC_Dense_Hist/log/run_1/tb/run_1) by extension 'ignore'
[0.209s] Level 1:colcon.colcon_core.package_identification:_identify(SAC_Dense_Hist/log/run_1/tb/run_1) by extension 'ignore_ament_install'
[0.209s] Level 1:colcon.colcon_core.package_identification:_identify(SAC_Dense_Hist/log/run_1/tb/run_1) by extensions ['colcon_pkg']
[0.209s] Level 1:colcon.colcon_core.package_identification:_identify(SAC_Dense_Hist/log/run_1/tb/run_1) by extension 'colcon_pkg'
[0.209s] Level 1:colcon.colcon_core.package_identification:_identify(SAC_Dense_Hist/log/run_1/tb/run_1) by extensions ['colcon_meta']
[0.209s] Level 1:colcon.colcon_core.package_identification:_identify(SAC_Dense_Hist/log/run_1/tb/run_1) by extension 'colcon_meta'
[0.209s] Level 1:colcon.colcon_core.package_identification:_identify(SAC_Dense_Hist/log/run_1/tb/run_1) by extensions ['ros']
[0.209s] Level 1:colcon.colcon_core.package_identification:_identify(SAC_Dense_Hist/log/run_1/tb/run_1) by extension 'ros'
[0.209s] Level 1:colcon.colcon_core.package_identification:_identify(SAC_Dense_Hist/log/run_1/tb/run_1) by extensions ['cmake', 'python']
[0.209s] Level 1:colcon.colcon_core.package_identification:_identify(SAC_Dense_Hist/log/run_1/tb/run_1) by extension 'cmake'
[0.209s] Level 1:colcon.colcon_core.package_identification:_identify(SAC_Dense_Hist/log/run_1/tb/run_1) by extension 'python'
[0.209s] Level 1:colcon.colcon_core.package_identification:_identify(SAC_Dense_Hist/log/run_1/tb/run_1) by extensions ['python_setup_py']
[0.209s] Level 1:colcon.colcon_core.package_identification:_identify(SAC_Dense_Hist/log/run_1/tb/run_1) by extension 'python_setup_py'
[0.209s] Level 1:colcon.colcon_core.package_identification:_identify(SAC_Penalized) by extensions ['ignore', 'ignore_ament_install']
[0.209s] Level 1:colcon.colcon_core.package_identification:_identify(SAC_Penalized) by extension 'ignore'
[0.210s] Level 1:colcon.colcon_core.package_identification:_identify(SAC_Penalized) by extension 'ignore_ament_install'
[0.210s] Level 1:colcon.colcon_core.package_identification:_identify(SAC_Penalized) by extensions ['colcon_pkg']
[0.210s] Level 1:colcon.colcon_core.package_identification:_identify(SAC_Penalized) by extension 'colcon_pkg'
[0.210s] Level 1:colcon.colcon_core.package_identification:_identify(SAC_Penalized) by extensions ['colcon_meta']
[0.210s] Level 1:colcon.colcon_core.package_identification:_identify(SAC_Penalized) by extension 'colcon_meta'
[0.210s] Level 1:colcon.colcon_core.package_identification:_identify(SAC_Penalized) by extensions ['ros']
[0.210s] Level 1:colcon.colcon_core.package_identification:_identify(SAC_Penalized) by extension 'ros'
[0.210s] Level 1:colcon.colcon_core.package_identification:_identify(SAC_Penalized) by extensions ['cmake', 'python']
[0.210s] Level 1:colcon.colcon_core.package_identification:_identify(SAC_Penalized) by extension 'cmake'
[0.210s] Level 1:colcon.colcon_core.package_identification:_identify(SAC_Penalized) by extension 'python'
[0.210s] Level 1:colcon.colcon_core.package_identification:_identify(SAC_Penalized) by extensions ['python_setup_py']
[0.210s] Level 1:colcon.colcon_core.package_identification:_identify(SAC_Penalized) by extension 'python_setup_py'
[0.210s] Level 1:colcon.colcon_core.package_identification:_identify(SAC_Penalized/inference_results) by extensions ['ignore', 'ignore_ament_install']
[0.210s] Level 1:colcon.colcon_core.package_identification:_identify(SAC_Penalized/inference_results) by extension 'ignore'
[0.210s] Level 1:colcon.colcon_core.package_identification:_identify(SAC_Penalized/inference_results) by extension 'ignore_ament_install'
[0.210s] Level 1:colcon.colcon_core.package_identification:_identify(SAC_Penalized/inference_results) by extensions ['colcon_pkg']
[0.210s] Level 1:colcon.colcon_core.package_identification:_identify(SAC_Penalized/inference_results) by extension 'colcon_pkg'
[0.210s] Level 1:colcon.colcon_core.package_identification:_identify(SAC_Penalized/inference_results) by extensions ['colcon_meta']
[0.210s] Level 1:colcon.colcon_core.package_identification:_identify(SAC_Penalized/inference_results) by extension 'colcon_meta'
[0.210s] Level 1:colcon.colcon_core.package_identification:_identify(SAC_Penalized/inference_results) by extensions ['ros']
[0.210s] Level 1:colcon.colcon_core.package_identification:_identify(SAC_Penalized/inference_results) by extension 'ros'
[0.210s] Level 1:colcon.colcon_core.package_identification:_identify(SAC_Penalized/inference_results) by extensions ['cmake', 'python']
[0.210s] Level 1:colcon.colcon_core.package_identification:_identify(SAC_Penalized/inference_results) by extension 'cmake'
[0.211s] Level 1:colcon.colcon_core.package_identification:_identify(SAC_Penalized/inference_results) by extension 'python'
[0.211s] Level 1:colcon.colcon_core.package_identification:_identify(SAC_Penalized/inference_results) by extensions ['python_setup_py']
[0.211s] Level 1:colcon.colcon_core.package_identification:_identify(SAC_Penalized/inference_results) by extension 'python_setup_py'
[0.211s] Level 1:colcon.colcon_core.package_identification:_identify(SAC_Penalized/log) by extensions ['ignore', 'ignore_ament_install']
[0.211s] Level 1:colcon.colcon_core.package_identification:_identify(SAC_Penalized/log) by extension 'ignore'
[0.211s] Level 1:colcon.colcon_core.package_identification:_identify(SAC_Penalized/log) by extension 'ignore_ament_install'
[0.211s] Level 1:colcon.colcon_core.package_identification:_identify(SAC_Penalized/log) by extensions ['colcon_pkg']
[0.211s] Level 1:colcon.colcon_core.package_identification:_identify(SAC_Penalized/log) by extension 'colcon_pkg'
[0.211s] Level 1:colcon.colcon_core.package_identification:_identify(SAC_Penalized/log) by extensions ['colcon_meta']
[0.211s] Level 1:colcon.colcon_core.package_identification:_identify(SAC_Penalized/log) by extension 'colcon_meta'
[0.211s] Level 1:colcon.colcon_core.package_identification:_identify(SAC_Penalized/log) by extensions ['ros']
[0.211s] Level 1:colcon.colcon_core.package_identification:_identify(SAC_Penalized/log) by extension 'ros'
[0.211s] Level 1:colcon.colcon_core.package_identification:_identify(SAC_Penalized/log) by extensions ['cmake', 'python']
[0.211s] Level 1:colcon.colcon_core.package_identification:_identify(SAC_Penalized/log) by extension 'cmake'
[0.211s] Level 1:colcon.colcon_core.package_identification:_identify(SAC_Penalized/log) by extension 'python'
[0.211s] Level 1:colcon.colcon_core.package_identification:_identify(SAC_Penalized/log) by extensions ['python_setup_py']
[0.211s] Level 1:colcon.colcon_core.package_identification:_identify(SAC_Penalized/log) by extension 'python_setup_py'
[0.211s] Level 1:colcon.colcon_core.package_identification:_identify(SAC_Penalized/log/run_1) by extensions ['ignore', 'ignore_ament_install']
[0.211s] Level 1:colcon.colcon_core.package_identification:_identify(SAC_Penalized/log/run_1) by extension 'ignore'
[0.211s] Level 1:colcon.colcon_core.package_identification:_identify(SAC_Penalized/log/run_1) by extension 'ignore_ament_install'
[0.211s] Level 1:colcon.colcon_core.package_identification:_identify(SAC_Penalized/log/run_1) by extensions ['colcon_pkg']
[0.211s] Level 1:colcon.colcon_core.package_identification:_identify(SAC_Penalized/log/run_1) by extension 'colcon_pkg'
[0.212s] Level 1:colcon.colcon_core.package_identification:_identify(SAC_Penalized/log/run_1) by extensions ['colcon_meta']
[0.212s] Level 1:colcon.colcon_core.package_identification:_identify(SAC_Penalized/log/run_1) by extension 'colcon_meta'
[0.212s] Level 1:colcon.colcon_core.package_identification:_identify(SAC_Penalized/log/run_1) by extensions ['ros']
[0.212s] Level 1:colcon.colcon_core.package_identification:_identify(SAC_Penalized/log/run_1) by extension 'ros'
[0.212s] Level 1:colcon.colcon_core.package_identification:_identify(SAC_Penalized/log/run_1) by extensions ['cmake', 'python']
[0.212s] Level 1:colcon.colcon_core.package_identification:_identify(SAC_Penalized/log/run_1) by extension 'cmake'
[0.212s] Level 1:colcon.colcon_core.package_identification:_identify(SAC_Penalized/log/run_1) by extension 'python'
[0.212s] Level 1:colcon.colcon_core.package_identification:_identify(SAC_Penalized/log/run_1) by extensions ['python_setup_py']
[0.212s] Level 1:colcon.colcon_core.package_identification:_identify(SAC_Penalized/log/run_1) by extension 'python_setup_py'
[0.212s] Level 1:colcon.colcon_core.package_identification:_identify(SAC_Penalized/log/run_1/best_model) by extensions ['ignore', 'ignore_ament_install']
[0.212s] Level 1:colcon.colcon_core.package_identification:_identify(SAC_Penalized/log/run_1/best_model) by extension 'ignore'
[0.212s] Level 1:colcon.colcon_core.package_identification:_identify(SAC_Penalized/log/run_1/best_model) by extension 'ignore_ament_install'
[0.212s] Level 1:colcon.colcon_core.package_identification:_identify(SAC_Penalized/log/run_1/best_model) by extensions ['colcon_pkg']
[0.212s] Level 1:colcon.colcon_core.package_identification:_identify(SAC_Penalized/log/run_1/best_model) by extension 'colcon_pkg'
[0.212s] Level 1:colcon.colcon_core.package_identification:_identify(SAC_Penalized/log/run_1/best_model) by extensions ['colcon_meta']
[0.212s] Level 1:colcon.colcon_core.package_identification:_identify(SAC_Penalized/log/run_1/best_model) by extension 'colcon_meta'
[0.212s] Level 1:colcon.colcon_core.package_identification:_identify(SAC_Penalized/log/run_1/best_model) by extensions ['ros']
[0.212s] Level 1:colcon.colcon_core.package_identification:_identify(SAC_Penalized/log/run_1/best_model) by extension 'ros'
[0.212s] Level 1:colcon.colcon_core.package_identification:_identify(SAC_Penalized/log/run_1/best_model) by extensions ['cmake', 'python']
[0.212s] Level 1:colcon.colcon_core.package_identification:_identify(SAC_Penalized/log/run_1/best_model) by extension 'cmake'
[0.212s] Level 1:colcon.colcon_core.package_identification:_identify(SAC_Penalized/log/run_1/best_model) by extension 'python'
[0.212s] Level 1:colcon.colcon_core.package_identification:_identify(SAC_Penalized/log/run_1/best_model) by extensions ['python_setup_py']
[0.212s] Level 1:colcon.colcon_core.package_identification:_identify(SAC_Penalized/log/run_1/best_model) by extension 'python_setup_py'
[0.213s] Level 1:colcon.colcon_core.package_identification:_identify(SAC_Penalized/log/run_1/tb) by extensions ['ignore', 'ignore_ament_install']
[0.213s] Level 1:colcon.colcon_core.package_identification:_identify(SAC_Penalized/log/run_1/tb) by extension 'ignore'
[0.213s] Level 1:colcon.colcon_core.package_identification:_identify(SAC_Penalized/log/run_1/tb) by extension 'ignore_ament_install'
[0.213s] Level 1:colcon.colcon_core.package_identification:_identify(SAC_Penalized/log/run_1/tb) by extensions ['colcon_pkg']
[0.213s] Level 1:colcon.colcon_core.package_identification:_identify(SAC_Penalized/log/run_1/tb) by extension 'colcon_pkg'
[0.213s] Level 1:colcon.colcon_core.package_identification:_identify(SAC_Penalized/log/run_1/tb) by extensions ['colcon_meta']
[0.213s] Level 1:colcon.colcon_core.package_identification:_identify(SAC_Penalized/log/run_1/tb) by extension 'colcon_meta'
[0.213s] Level 1:colcon.colcon_core.package_identification:_identify(SAC_Penalized/log/run_1/tb) by extensions ['ros']
[0.213s] Level 1:colcon.colcon_core.package_identification:_identify(SAC_Penalized/log/run_1/tb) by extension 'ros'
[0.213s] Level 1:colcon.colcon_core.package_identification:_identify(SAC_Penalized/log/run_1/tb) by extensions ['cmake', 'python']
[0.213s] Level 1:colcon.colcon_core.package_identification:_identify(SAC_Penalized/log/run_1/tb) by extension 'cmake'
[0.213s] Level 1:colcon.colcon_core.package_identification:_identify(SAC_Penalized/log/run_1/tb) by extension 'python'
[0.213s] Level 1:colcon.colcon_core.package_identification:_identify(SAC_Penalized/log/run_1/tb) by extensions ['python_setup_py']
[0.213s] Level 1:colcon.colcon_core.package_identification:_identify(SAC_Penalized/log/run_1/tb) by extension 'python_setup_py'
[0.213s] Level 1:colcon.colcon_core.package_identification:_identify(SAC_Penalized/log/run_1/tb/run_1) by extensions ['ignore', 'ignore_ament_install']
[0.213s] Level 1:colcon.colcon_core.package_identification:_identify(SAC_Penalized/log/run_1/tb/run_1) by extension 'ignore'
[0.213s] Level 1:colcon.colcon_core.package_identification:_identify(SAC_Penalized/log/run_1/tb/run_1) by extension 'ignore_ament_install'
[0.213s] Level 1:colcon.colcon_core.package_identification:_identify(SAC_Penalized/log/run_1/tb/run_1) by extensions ['colcon_pkg']
[0.213s] Level 1:colcon.colcon_core.package_identification:_identify(SAC_Penalized/log/run_1/tb/run_1) by extension 'colcon_pkg'
[0.213s] Level 1:colcon.colcon_core.package_identification:_identify(SAC_Penalized/log/run_1/tb/run_1) by extensions ['colcon_meta']
[0.213s] Level 1:colcon.colcon_core.package_identification:_identify(SAC_Penalized/log/run_1/tb/run_1) by extension 'colcon_meta'
[0.214s] Level 1:colcon.colcon_core.package_identification:_identify(SAC_Penalized/log/run_1/tb/run_1) by extensions ['ros']
[0.214s] Level 1:colcon.colcon_core.package_identification:_identify(SAC_Penalized/log/run_1/tb/run_1) by extension 'ros'
[0.214s] Level 1:colcon.colcon_core.package_identification:_identify(SAC_Penalized/log/run_1/tb/run_1) by extensions ['cmake', 'python']
[0.214s] Level 1:colcon.colcon_core.package_identification:_identify(SAC_Penalized/log/run_1/tb/run_1) by extension 'cmake'
[0.214s] Level 1:colcon.colcon_core.package_identification:_identify(SAC_Penalized/log/run_1/tb/run_1) by extension 'python'
[0.214s] Level 1:colcon.colcon_core.package_identification:_identify(SAC_Penalized/log/run_1/tb/run_1) by extensions ['python_setup_py']
[0.214s] Level 1:colcon.colcon_core.package_identification:_identify(SAC_Penalized/log/run_1/tb/run_1) by extension 'python_setup_py'
[0.214s] Level 1:colcon.colcon_core.package_identification:_identify(SAC_Sparse_HER) by extensions ['ignore', 'ignore_ament_install']
[0.214s] Level 1:colcon.colcon_core.package_identification:_identify(SAC_Sparse_HER) by extension 'ignore'
[0.214s] Level 1:colcon.colcon_core.package_identification:_identify(SAC_Sparse_HER) by extension 'ignore_ament_install'
[0.214s] Level 1:colcon.colcon_core.package_identification:_identify(SAC_Sparse_HER) by extensions ['colcon_pkg']
[0.214s] Level 1:colcon.colcon_core.package_identification:_identify(SAC_Sparse_HER) by extension 'colcon_pkg'
[0.214s] Level 1:colcon.colcon_core.package_identification:_identify(SAC_Sparse_HER) by extensions ['colcon_meta']
[0.214s] Level 1:colcon.colcon_core.package_identification:_identify(SAC_Sparse_HER) by extension 'colcon_meta'
[0.214s] Level 1:colcon.colcon_core.package_identification:_identify(SAC_Sparse_HER) by extensions ['ros']
[0.214s] Level 1:colcon.colcon_core.package_identification:_identify(SAC_Sparse_HER) by extension 'ros'
[0.214s] Level 1:colcon.colcon_core.package_identification:_identify(SAC_Sparse_HER) by extensions ['cmake', 'python']
[0.214s] Level 1:colcon.colcon_core.package_identification:_identify(SAC_Sparse_HER) by extension 'cmake'
[0.214s] Level 1:colcon.colcon_core.package_identification:_identify(SAC_Sparse_HER) by extension 'python'
[0.214s] Level 1:colcon.colcon_core.package_identification:_identify(SAC_Sparse_HER) by extensions ['python_setup_py']
[0.214s] Level 1:colcon.colcon_core.package_identification:_identify(SAC_Sparse_HER) by extension 'python_setup_py'
[0.214s] Level 1:colcon.colcon_core.package_identification:_identify(SAC_Sparse_HER/inference_results) by extensions ['ignore', 'ignore_ament_install']
[0.215s] Level 1:colcon.colcon_core.package_identification:_identify(SAC_Sparse_HER/inference_results) by extension 'ignore'
[0.215s] Level 1:colcon.colcon_core.package_identification:_identify(SAC_Sparse_HER/inference_results) by extension 'ignore_ament_install'
[0.215s] Level 1:colcon.colcon_core.package_identification:_identify(SAC_Sparse_HER/inference_results) by extensions ['colcon_pkg']
[0.215s] Level 1:colcon.colcon_core.package_identification:_identify(SAC_Sparse_HER/inference_results) by extension 'colcon_pkg'
[0.215s] Level 1:colcon.colcon_core.package_identification:_identify(SAC_Sparse_HER/inference_results) by extensions ['colcon_meta']
[0.215s] Level 1:colcon.colcon_core.package_identification:_identify(SAC_Sparse_HER/inference_results) by extension 'colcon_meta'
[0.215s] Level 1:colcon.colcon_core.package_identification:_identify(SAC_Sparse_HER/inference_results) by extensions ['ros']
[0.215s] Level 1:colcon.colcon_core.package_identification:_identify(SAC_Sparse_HER/inference_results) by extension 'ros'
[0.215s] Level 1:colcon.colcon_core.package_identification:_identify(SAC_Sparse_HER/inference_results) by extensions ['cmake', 'python']
[0.215s] Level 1:colcon.colcon_core.package_identification:_identify(SAC_Sparse_HER/inference_results) by extension 'cmake'
[0.215s] Level 1:colcon.colcon_core.package_identification:_identify(SAC_Sparse_HER/inference_results) by extension 'python'
[0.215s] Level 1:colcon.colcon_core.package_identification:_identify(SAC_Sparse_HER/inference_results) by extensions ['python_setup_py']
[0.215s] Level 1:colcon.colcon_core.package_identification:_identify(SAC_Sparse_HER/inference_results) by extension 'python_setup_py'
[0.215s] Level 1:colcon.colcon_core.package_identification:_identify(SAC_Sparse_HER/log) by extensions ['ignore', 'ignore_ament_install']
[0.215s] Level 1:colcon.colcon_core.package_identification:_identify(SAC_Sparse_HER/log) by extension 'ignore'
[0.215s] Level 1:colcon.colcon_core.package_identification:_identify(SAC_Sparse_HER/log) by extension 'ignore_ament_install'
[0.215s] Level 1:colcon.colcon_core.package_identification:_identify(SAC_Sparse_HER/log) by extensions ['colcon_pkg']
[0.215s] Level 1:colcon.colcon_core.package_identification:_identify(SAC_Sparse_HER/log) by extension 'colcon_pkg'
[0.215s] Level 1:colcon.colcon_core.package_identification:_identify(SAC_Sparse_HER/log) by extensions ['colcon_meta']
[0.215s] Level 1:colcon.colcon_core.package_identification:_identify(SAC_Sparse_HER/log) by extension 'colcon_meta'
[0.215s] Level 1:colcon.colcon_core.package_identification:_identify(SAC_Sparse_HER/log) by extensions ['ros']
[0.215s] Level 1:colcon.colcon_core.package_identification:_identify(SAC_Sparse_HER/log) by extension 'ros'
[0.215s] Level 1:colcon.colcon_core.package_identification:_identify(SAC_Sparse_HER/log) by extensions ['cmake', 'python']
[0.216s] Level 1:colcon.colcon_core.package_identification:_identify(SAC_Sparse_HER/log) by extension 'cmake'
[0.216s] Level 1:colcon.colcon_core.package_identification:_identify(SAC_Sparse_HER/log) by extension 'python'
[0.216s] Level 1:colcon.colcon_core.package_identification:_identify(SAC_Sparse_HER/log) by extensions ['python_setup_py']
[0.216s] Level 1:colcon.colcon_core.package_identification:_identify(SAC_Sparse_HER/log) by extension 'python_setup_py'
[0.216s] Level 1:colcon.colcon_core.package_identification:_identify(SAC_Sparse_HER/log/run_1) by extensions ['ignore', 'ignore_ament_install']
[0.216s] Level 1:colcon.colcon_core.package_identification:_identify(SAC_Sparse_HER/log/run_1) by extension 'ignore'
[0.216s] Level 1:colcon.colcon_core.package_identification:_identify(SAC_Sparse_HER/log/run_1) by extension 'ignore_ament_install'
[0.216s] Level 1:colcon.colcon_core.package_identification:_identify(SAC_Sparse_HER/log/run_1) by extensions ['colcon_pkg']
[0.216s] Level 1:colcon.colcon_core.package_identification:_identify(SAC_Sparse_HER/log/run_1) by extension 'colcon_pkg'
[0.216s] Level 1:colcon.colcon_core.package_identification:_identify(SAC_Sparse_HER/log/run_1) by extensions ['colcon_meta']
[0.216s] Level 1:colcon.colcon_core.package_identification:_identify(SAC_Sparse_HER/log/run_1) by extension 'colcon_meta'
[0.216s] Level 1:colcon.colcon_core.package_identification:_identify(SAC_Sparse_HER/log/run_1) by extensions ['ros']
[0.216s] Level 1:colcon.colcon_core.package_identification:_identify(SAC_Sparse_HER/log/run_1) by extension 'ros'
[0.216s] Level 1:colcon.colcon_core.package_identification:_identify(SAC_Sparse_HER/log/run_1) by extensions ['cmake', 'python']
[0.216s] Level 1:colcon.colcon_core.package_identification:_identify(SAC_Sparse_HER/log/run_1) by extension 'cmake'
[0.216s] Level 1:colcon.colcon_core.package_identification:_identify(SAC_Sparse_HER/log/run_1) by extension 'python'
[0.216s] Level 1:colcon.colcon_core.package_identification:_identify(SAC_Sparse_HER/log/run_1) by extensions ['python_setup_py']
[0.216s] Level 1:colcon.colcon_core.package_identification:_identify(SAC_Sparse_HER/log/run_1) by extension 'python_setup_py'
[0.216s] Level 1:colcon.colcon_core.package_identification:_identify(SAC_Sparse_HER/log/run_1/best_model) by extensions ['ignore', 'ignore_ament_install']
[0.216s] Level 1:colcon.colcon_core.package_identification:_identify(SAC_Sparse_HER/log/run_1/best_model) by extension 'ignore'
[0.216s] Level 1:colcon.colcon_core.package_identification:_identify(SAC_Sparse_HER/log/run_1/best_model) by extension 'ignore_ament_install'
[0.216s] Level 1:colcon.colcon_core.package_identification:_identify(SAC_Sparse_HER/log/run_1/best_model) by extensions ['colcon_pkg']
[0.217s] Level 1:colcon.colcon_core.package_identification:_identify(SAC_Sparse_HER/log/run_1/best_model) by extension 'colcon_pkg'
[0.217s] Level 1:colcon.colcon_core.package_identification:_identify(SAC_Sparse_HER/log/run_1/best_model) by extensions ['colcon_meta']
[0.217s] Level 1:colcon.colcon_core.package_identification:_identify(SAC_Sparse_HER/log/run_1/best_model) by extension 'colcon_meta'
[0.217s] Level 1:colcon.colcon_core.package_identification:_identify(SAC_Sparse_HER/log/run_1/best_model) by extensions ['ros']
[0.217s] Level 1:colcon.colcon_core.package_identification:_identify(SAC_Sparse_HER/log/run_1/best_model) by extension 'ros'
[0.217s] Level 1:colcon.colcon_core.package_identification:_identify(SAC_Sparse_HER/log/run_1/best_model) by extensions ['cmake', 'python']
[0.217s] Level 1:colcon.colcon_core.package_identification:_identify(SAC_Sparse_HER/log/run_1/best_model) by extension 'cmake'
[0.217s] Level 1:colcon.colcon_core.package_identification:_identify(SAC_Sparse_HER/log/run_1/best_model) by extension 'python'
[0.217s] Level 1:colcon.colcon_core.package_identification:_identify(SAC_Sparse_HER/log/run_1/best_model) by extensions ['python_setup_py']
[0.217s] Level 1:colcon.colcon_core.package_identification:_identify(SAC_Sparse_HER/log/run_1/best_model) by extension 'python_setup_py'
[0.217s] Level 1:colcon.colcon_core.package_identification:_identify(SAC_Sparse_HER/log/run_1/tb) by extensions ['ignore', 'ignore_ament_install']
[0.217s] Level 1:colcon.colcon_core.package_identification:_identify(SAC_Sparse_HER/log/run_1/tb) by extension 'ignore'
[0.217s] Level 1:colcon.colcon_core.package_identification:_identify(SAC_Sparse_HER/log/run_1/tb) by extension 'ignore_ament_install'
[0.217s] Level 1:colcon.colcon_core.package_identification:_identify(SAC_Sparse_HER/log/run_1/tb) by extensions ['colcon_pkg']
[0.217s] Level 1:colcon.colcon_core.package_identification:_identify(SAC_Sparse_HER/log/run_1/tb) by extension 'colcon_pkg'
[0.217s] Level 1:colcon.colcon_core.package_identification:_identify(SAC_Sparse_HER/log/run_1/tb) by extensions ['colcon_meta']
[0.217s] Level 1:colcon.colcon_core.package_identification:_identify(SAC_Sparse_HER/log/run_1/tb) by extension 'colcon_meta'
[0.217s] Level 1:colcon.colcon_core.package_identification:_identify(SAC_Sparse_HER/log/run_1/tb) by extensions ['ros']
[0.217s] Level 1:colcon.colcon_core.package_identification:_identify(SAC_Sparse_HER/log/run_1/tb) by extension 'ros'
[0.217s] Level 1:colcon.colcon_core.package_identification:_identify(SAC_Sparse_HER/log/run_1/tb) by extensions ['cmake', 'python']
[0.217s] Level 1:colcon.colcon_core.package_identification:_identify(SAC_Sparse_HER/log/run_1/tb) by extension 'cmake'
[0.217s] Level 1:colcon.colcon_core.package_identification:_identify(SAC_Sparse_HER/log/run_1/tb) by extension 'python'
[0.217s] Level 1:colcon.colcon_core.package_identification:_identify(SAC_Sparse_HER/log/run_1/tb) by extensions ['python_setup_py']
[0.218s] Level 1:colcon.colcon_core.package_identification:_identify(SAC_Sparse_HER/log/run_1/tb) by extension 'python_setup_py'
[0.218s] Level 1:colcon.colcon_core.package_identification:_identify(SAC_Sparse_HER/log/run_1/tb/run_1) by extensions ['ignore', 'ignore_ament_install']
[0.218s] Level 1:colcon.colcon_core.package_identification:_identify(SAC_Sparse_HER/log/run_1/tb/run_1) by extension 'ignore'
[0.218s] Level 1:colcon.colcon_core.package_identification:_identify(SAC_Sparse_HER/log/run_1/tb/run_1) by extension 'ignore_ament_install'
[0.218s] Level 1:colcon.colcon_core.package_identification:_identify(SAC_Sparse_HER/log/run_1/tb/run_1) by extensions ['colcon_pkg']
[0.218s] Level 1:colcon.colcon_core.package_identification:_identify(SAC_Sparse_HER/log/run_1/tb/run_1) by extension 'colcon_pkg'
[0.218s] Level 1:colcon.colcon_core.package_identification:_identify(SAC_Sparse_HER/log/run_1/tb/run_1) by extensions ['colcon_meta']
[0.218s] Level 1:colcon.colcon_core.package_identification:_identify(SAC_Sparse_HER/log/run_1/tb/run_1) by extension 'colcon_meta'
[0.218s] Level 1:colcon.colcon_core.package_identification:_identify(SAC_Sparse_HER/log/run_1/tb/run_1) by extensions ['ros']
[0.218s] Level 1:colcon.colcon_core.package_identification:_identify(SAC_Sparse_HER/log/run_1/tb/run_1) by extension 'ros'
[0.218s] Level 1:colcon.colcon_core.package_identification:_identify(SAC_Sparse_HER/log/run_1/tb/run_1) by extensions ['cmake', 'python']
[0.218s] Level 1:colcon.colcon_core.package_identification:_identify(SAC_Sparse_HER/log/run_1/tb/run_1) by extension 'cmake'
[0.218s] Level 1:colcon.colcon_core.package_identification:_identify(SAC_Sparse_HER/log/run_1/tb/run_1) by extension 'python'
[0.218s] Level 1:colcon.colcon_core.package_identification:_identify(SAC_Sparse_HER/log/run_1/tb/run_1) by extensions ['python_setup_py']
[0.218s] Level 1:colcon.colcon_core.package_identification:_identify(SAC_Sparse_HER/log/run_1/tb/run_1) by extension 'python_setup_py'
[0.218s] Level 1:colcon.colcon_core.package_identification:_identify(SAC_Sparse_HER_Hist) by extensions ['ignore', 'ignore_ament_install']
[0.218s] Level 1:colcon.colcon_core.package_identification:_identify(SAC_Sparse_HER_Hist) by extension 'ignore'
[0.218s] Level 1:colcon.colcon_core.package_identification:_identify(SAC_Sparse_HER_Hist) by extension 'ignore_ament_install'
[0.218s] Level 1:colcon.colcon_core.package_identification:_identify(SAC_Sparse_HER_Hist) by extensions ['colcon_pkg']
[0.218s] Level 1:colcon.colcon_core.package_identification:_identify(SAC_Sparse_HER_Hist) by extension 'colcon_pkg'
[0.218s] Level 1:colcon.colcon_core.package_identification:_identify(SAC_Sparse_HER_Hist) by extensions ['colcon_meta']
[0.219s] Level 1:colcon.colcon_core.package_identification:_identify(SAC_Sparse_HER_Hist) by extension 'colcon_meta'
[0.219s] Level 1:colcon.colcon_core.package_identification:_identify(SAC_Sparse_HER_Hist) by extensions ['ros']
[0.219s] Level 1:colcon.colcon_core.package_identification:_identify(SAC_Sparse_HER_Hist) by extension 'ros'
[0.219s] Level 1:colcon.colcon_core.package_identification:_identify(SAC_Sparse_HER_Hist) by extensions ['cmake', 'python']
[0.219s] Level 1:colcon.colcon_core.package_identification:_identify(SAC_Sparse_HER_Hist) by extension 'cmake'
[0.219s] Level 1:colcon.colcon_core.package_identification:_identify(SAC_Sparse_HER_Hist) by extension 'python'
[0.219s] Level 1:colcon.colcon_core.package_identification:_identify(SAC_Sparse_HER_Hist) by extensions ['python_setup_py']
[0.219s] Level 1:colcon.colcon_core.package_identification:_identify(SAC_Sparse_HER_Hist) by extension 'python_setup_py'
[0.219s] Level 1:colcon.colcon_core.package_identification:_identify(SAC_Sparse_HER_Hist/inference_results) by extensions ['ignore', 'ignore_ament_install']
[0.219s] Level 1:colcon.colcon_core.package_identification:_identify(SAC_Sparse_HER_Hist/inference_results) by extension 'ignore'
[0.219s] Level 1:colcon.colcon_core.package_identification:_identify(SAC_Sparse_HER_Hist/inference_results) by extension 'ignore_ament_install'
[0.219s] Level 1:colcon.colcon_core.package_identification:_identify(SAC_Sparse_HER_Hist/inference_results) by extensions ['colcon_pkg']
[0.219s] Level 1:colcon.colcon_core.package_identification:_identify(SAC_Sparse_HER_Hist/inference_results) by extension 'colcon_pkg'
[0.219s] Level 1:colcon.colcon_core.package_identification:_identify(SAC_Sparse_HER_Hist/inference_results) by extensions ['colcon_meta']
[0.219s] Level 1:colcon.colcon_core.package_identification:_identify(SAC_Sparse_HER_Hist/inference_results) by extension 'colcon_meta'
[0.219s] Level 1:colcon.colcon_core.package_identification:_identify(SAC_Sparse_HER_Hist/inference_results) by extensions ['ros']
[0.219s] Level 1:colcon.colcon_core.package_identification:_identify(SAC_Sparse_HER_Hist/inference_results) by extension 'ros'
[0.219s] Level 1:colcon.colcon_core.package_identification:_identify(SAC_Sparse_HER_Hist/inference_results) by extensions ['cmake', 'python']
[0.219s] Level 1:colcon.colcon_core.package_identification:_identify(SAC_Sparse_HER_Hist/inference_results) by extension 'cmake'
[0.219s] Level 1:colcon.colcon_core.package_identification:_identify(SAC_Sparse_HER_Hist/inference_results) by extension 'python'
[0.219s] Level 1:colcon.colcon_core.package_identification:_identify(SAC_Sparse_HER_Hist/inference_results) by extensions ['python_setup_py']
[0.219s] Level 1:colcon.colcon_core.package_identification:_identify(SAC_Sparse_HER_Hist/inference_results) by extension 'python_setup_py'
[0.219s] Level 1:colcon.colcon_core.package_identification:_identify(SAC_Sparse_HER_Hist/log) by extensions ['ignore', 'ignore_ament_install']
[0.220s] Level 1:colcon.colcon_core.package_identification:_identify(SAC_Sparse_HER_Hist/log) by extension 'ignore'
[0.220s] Level 1:colcon.colcon_core.package_identification:_identify(SAC_Sparse_HER_Hist/log) by extension 'ignore_ament_install'
[0.220s] Level 1:colcon.colcon_core.package_identification:_identify(SAC_Sparse_HER_Hist/log) by extensions ['colcon_pkg']
[0.220s] Level 1:colcon.colcon_core.package_identification:_identify(SAC_Sparse_HER_Hist/log) by extension 'colcon_pkg'
[0.220s] Level 1:colcon.colcon_core.package_identification:_identify(SAC_Sparse_HER_Hist/log) by extensions ['colcon_meta']
[0.220s] Level 1:colcon.colcon_core.package_identification:_identify(SAC_Sparse_HER_Hist/log) by extension 'colcon_meta'
[0.220s] Level 1:colcon.colcon_core.package_identification:_identify(SAC_Sparse_HER_Hist/log) by extensions ['ros']
[0.220s] Level 1:colcon.colcon_core.package_identification:_identify(SAC_Sparse_HER_Hist/log) by extension 'ros'
[0.220s] Level 1:colcon.colcon_core.package_identification:_identify(SAC_Sparse_HER_Hist/log) by extensions ['cmake', 'python']
[0.220s] Level 1:colcon.colcon_core.package_identification:_identify(SAC_Sparse_HER_Hist/log) by extension 'cmake'
[0.220s] Level 1:colcon.colcon_core.package_identification:_identify(SAC_Sparse_HER_Hist/log) by extension 'python'
[0.220s] Level 1:colcon.colcon_core.package_identification:_identify(SAC_Sparse_HER_Hist/log) by extensions ['python_setup_py']
[0.220s] Level 1:colcon.colcon_core.package_identification:_identify(SAC_Sparse_HER_Hist/log) by extension 'python_setup_py'
[0.220s] Level 1:colcon.colcon_core.package_identification:_identify(SAC_Sparse_HER_Hist/log/run_1) by extensions ['ignore', 'ignore_ament_install']
[0.220s] Level 1:colcon.colcon_core.package_identification:_identify(SAC_Sparse_HER_Hist/log/run_1) by extension 'ignore'
[0.220s] Level 1:colcon.colcon_core.package_identification:_identify(SAC_Sparse_HER_Hist/log/run_1) by extension 'ignore_ament_install'
[0.220s] Level 1:colcon.colcon_core.package_identification:_identify(SAC_Sparse_HER_Hist/log/run_1) by extensions ['colcon_pkg']
[0.220s] Level 1:colcon.colcon_core.package_identification:_identify(SAC_Sparse_HER_Hist/log/run_1) by extension 'colcon_pkg'
[0.220s] Level 1:colcon.colcon_core.package_identification:_identify(SAC_Sparse_HER_Hist/log/run_1) by extensions ['colcon_meta']
[0.220s] Level 1:colcon.colcon_core.package_identification:_identify(SAC_Sparse_HER_Hist/log/run_1) by extension 'colcon_meta'
[0.220s] Level 1:colcon.colcon_core.package_identification:_identify(SAC_Sparse_HER_Hist/log/run_1) by extensions ['ros']
[0.220s] Level 1:colcon.colcon_core.package_identification:_identify(SAC_Sparse_HER_Hist/log/run_1) by extension 'ros'
[0.221s] Level 1:colcon.colcon_core.package_identification:_identify(SAC_Sparse_HER_Hist/log/run_1) by extensions ['cmake', 'python']
[0.221s] Level 1:colcon.colcon_core.package_identification:_identify(SAC_Sparse_HER_Hist/log/run_1) by extension 'cmake'
[0.221s] Level 1:colcon.colcon_core.package_identification:_identify(SAC_Sparse_HER_Hist/log/run_1) by extension 'python'
[0.221s] Level 1:colcon.colcon_core.package_identification:_identify(SAC_Sparse_HER_Hist/log/run_1) by extensions ['python_setup_py']
[0.221s] Level 1:colcon.colcon_core.package_identification:_identify(SAC_Sparse_HER_Hist/log/run_1) by extension 'python_setup_py'
[0.221s] Level 1:colcon.colcon_core.package_identification:_identify(SAC_Sparse_HER_Hist/log/run_1/best_model) by extensions ['ignore', 'ignore_ament_install']
[0.221s] Level 1:colcon.colcon_core.package_identification:_identify(SAC_Sparse_HER_Hist/log/run_1/best_model) by extension 'ignore'
[0.221s] Level 1:colcon.colcon_core.package_identification:_identify(SAC_Sparse_HER_Hist/log/run_1/best_model) by extension 'ignore_ament_install'
[0.221s] Level 1:colcon.colcon_core.package_identification:_identify(SAC_Sparse_HER_Hist/log/run_1/best_model) by extensions ['colcon_pkg']
[0.221s] Level 1:colcon.colcon_core.package_identification:_identify(SAC_Sparse_HER_Hist/log/run_1/best_model) by extension 'colcon_pkg'
[0.221s] Level 1:colcon.colcon_core.package_identification:_identify(SAC_Sparse_HER_Hist/log/run_1/best_model) by extensions ['colcon_meta']
[0.221s] Level 1:colcon.colcon_core.package_identification:_identify(SAC_Sparse_HER_Hist/log/run_1/best_model) by extension 'colcon_meta'
[0.221s] Level 1:colcon.colcon_core.package_identification:_identify(SAC_Sparse_HER_Hist/log/run_1/best_model) by extensions ['ros']
[0.221s] Level 1:colcon.colcon_core.package_identification:_identify(SAC_Sparse_HER_Hist/log/run_1/best_model) by extension 'ros'
[0.221s] Level 1:colcon.colcon_core.package_identification:_identify(SAC_Sparse_HER_Hist/log/run_1/best_model) by extensions ['cmake', 'python']
[0.221s] Level 1:colcon.colcon_core.package_identification:_identify(SAC_Sparse_HER_Hist/log/run_1/best_model) by extension 'cmake'
[0.221s] Level 1:colcon.colcon_core.package_identification:_identify(SAC_Sparse_HER_Hist/log/run_1/best_model) by extension 'python'
[0.221s] Level 1:colcon.colcon_core.package_identification:_identify(SAC_Sparse_HER_Hist/log/run_1/best_model) by extensions ['python_setup_py']
[0.221s] Level 1:colcon.colcon_core.package_identification:_identify(SAC_Sparse_HER_Hist/log/run_1/best_model) by extension 'python_setup_py'
[0.221s] Level 1:colcon.colcon_core.package_identification:_identify(SAC_Sparse_HER_Hist/log/run_1/tb) by extensions ['ignore', 'ignore_ament_install']
[0.221s] Level 1:colcon.colcon_core.package_identification:_identify(SAC_Sparse_HER_Hist/log/run_1/tb) by extension 'ignore'
[0.221s] Level 1:colcon.colcon_core.package_identification:_identify(SAC_Sparse_HER_Hist/log/run_1/tb) by extension 'ignore_ament_install'
[0.222s] Level 1:colcon.colcon_core.package_identification:_identify(SAC_Sparse_HER_Hist/log/run_1/tb) by extensions ['colcon_pkg']
[0.222s] Level 1:colcon.colcon_core.package_identification:_identify(SAC_Sparse_HER_Hist/log/run_1/tb) by extension 'colcon_pkg'
[0.222s] Level 1:colcon.colcon_core.package_identification:_identify(SAC_Sparse_HER_Hist/log/run_1/tb) by extensions ['colcon_meta']
[0.222s] Level 1:colcon.colcon_core.package_identification:_identify(SAC_Sparse_HER_Hist/log/run_1/tb) by extension 'colcon_meta'
[0.222s] Level 1:colcon.colcon_core.package_identification:_identify(SAC_Sparse_HER_Hist/log/run_1/tb) by extensions ['ros']
[0.222s] Level 1:colcon.colcon_core.package_identification:_identify(SAC_Sparse_HER_Hist/log/run_1/tb) by extension 'ros'
[0.222s] Level 1:colcon.colcon_core.package_identification:_identify(SAC_Sparse_HER_Hist/log/run_1/tb) by extensions ['cmake', 'python']
[0.222s] Level 1:colcon.colcon_core.package_identification:_identify(SAC_Sparse_HER_Hist/log/run_1/tb) by extension 'cmake'
[0.222s] Level 1:colcon.colcon_core.package_identification:_identify(SAC_Sparse_HER_Hist/log/run_1/tb) by extension 'python'
[0.222s] Level 1:colcon.colcon_core.package_identification:_identify(SAC_Sparse_HER_Hist/log/run_1/tb) by extensions ['python_setup_py']
[0.222s] Level 1:colcon.colcon_core.package_identification:_identify(SAC_Sparse_HER_Hist/log/run_1/tb) by extension 'python_setup_py'
[0.222s] Level 1:colcon.colcon_core.package_identification:_identify(SAC_Sparse_HER_Hist/log/run_1/tb/run_1) by extensions ['ignore', 'ignore_ament_install']
[0.222s] Level 1:colcon.colcon_core.package_identification:_identify(SAC_Sparse_HER_Hist/log/run_1/tb/run_1) by extension 'ignore'
[0.222s] Level 1:colcon.colcon_core.package_identification:_identify(SAC_Sparse_HER_Hist/log/run_1/tb/run_1) by extension 'ignore_ament_install'
[0.222s] Level 1:colcon.colcon_core.package_identification:_identify(SAC_Sparse_HER_Hist/log/run_1/tb/run_1) by extensions ['colcon_pkg']
[0.222s] Level 1:colcon.colcon_core.package_identification:_identify(SAC_Sparse_HER_Hist/log/run_1/tb/run_1) by extension 'colcon_pkg'
[0.222s] Level 1:colcon.colcon_core.package_identification:_identify(SAC_Sparse_HER_Hist/log/run_1/tb/run_1) by extensions ['colcon_meta']
[0.222s] Level 1:colcon.colcon_core.package_identification:_identify(SAC_Sparse_HER_Hist/log/run_1/tb/run_1) by extension 'colcon_meta'
[0.222s] Level 1:colcon.colcon_core.package_identification:_identify(SAC_Sparse_HER_Hist/log/run_1/tb/run_1) by extensions ['ros']
[0.222s] Level 1:colcon.colcon_core.package_identification:_identify(SAC_Sparse_HER_Hist/log/run_1/tb/run_1) by extension 'ros'
[0.222s] Level 1:colcon.colcon_core.package_identification:_identify(SAC_Sparse_HER_Hist/log/run_1/tb/run_1) by extensions ['cmake', 'python']
[0.222s] Level 1:colcon.colcon_core.package_identification:_identify(SAC_Sparse_HER_Hist/log/run_1/tb/run_1) by extension 'cmake'
[0.223s] Level 1:colcon.colcon_core.package_identification:_identify(SAC_Sparse_HER_Hist/log/run_1/tb/run_1) by extension 'python'
[0.223s] Level 1:colcon.colcon_core.package_identification:_identify(SAC_Sparse_HER_Hist/log/run_1/tb/run_1) by extensions ['python_setup_py']
[0.223s] Level 1:colcon.colcon_core.package_identification:_identify(SAC_Sparse_HER_Hist/log/run_1/tb/run_1) by extension 'python_setup_py'
[0.223s] Level 1:colcon.colcon_core.package_identification:_identify(assets) by extensions ['ignore', 'ignore_ament_install']
[0.223s] Level 1:colcon.colcon_core.package_identification:_identify(assets) by extension 'ignore'
[0.223s] Level 1:colcon.colcon_core.package_identification:_identify(assets) by extension 'ignore_ament_install'
[0.223s] Level 1:colcon.colcon_core.package_identification:_identify(assets) by extensions ['colcon_pkg']
[0.223s] Level 1:colcon.colcon_core.package_identification:_identify(assets) by extension 'colcon_pkg'
[0.223s] Level 1:colcon.colcon_core.package_identification:_identify(assets) by extensions ['colcon_meta']
[0.223s] Level 1:colcon.colcon_core.package_identification:_identify(assets) by extension 'colcon_meta'
[0.223s] Level 1:colcon.colcon_core.package_identification:_identify(assets) by extensions ['ros']
[0.223s] Level 1:colcon.colcon_core.package_identification:_identify(assets) by extension 'ros'
[0.223s] Level 1:colcon.colcon_core.package_identification:_identify(assets) by extensions ['cmake', 'python']
[0.223s] Level 1:colcon.colcon_core.package_identification:_identify(assets) by extension 'cmake'
[0.223s] Level 1:colcon.colcon_core.package_identification:_identify(assets) by extension 'python'
[0.223s] Level 1:colcon.colcon_core.package_identification:_identify(assets) by extensions ['python_setup_py']
[0.223s] Level 1:colcon.colcon_core.package_identification:_identify(assets) by extension 'python_setup_py'
[0.223s] Level 1:colcon.colcon_core.package_identification:_identify(assets/bunker) by extensions ['ignore', 'ignore_ament_install']
[0.223s] Level 1:colcon.colcon_core.package_identification:_identify(assets/bunker) by extension 'ignore'
[0.223s] Level 1:colcon.colcon_core.package_identification:_identify(assets/bunker) by extension 'ignore_ament_install'
[0.223s] Level 1:colcon.colcon_core.package_identification:_identify(assets/bunker) by extensions ['colcon_pkg']
[0.223s] Level 1:colcon.colcon_core.package_identification:_identify(assets/bunker) by extension 'colcon_pkg'
[0.224s] Level 1:colcon.colcon_core.package_identification:_identify(assets/bunker) by extensions ['colcon_meta']
[0.224s] Level 1:colcon.colcon_core.package_identification:_identify(assets/bunker) by extension 'colcon_meta'
[0.224s] Level 1:colcon.colcon_core.package_identification:_identify(assets/bunker) by extensions ['ros']
[0.224s] Level 1:colcon.colcon_core.package_identification:_identify(assets/bunker) by extension 'ros'
[0.224s] Level 1:colcon.colcon_core.package_identification:_identify(assets/bunker) by extensions ['cmake', 'python']
[0.224s] Level 1:colcon.colcon_core.package_identification:_identify(assets/bunker) by extension 'cmake'
[0.224s] Level 1:colcon.colcon_core.package_identification:_identify(assets/bunker) by extension 'python'
[0.224s] Level 1:colcon.colcon_core.package_identification:_identify(assets/bunker) by extensions ['python_setup_py']
[0.224s] Level 1:colcon.colcon_core.package_identification:_identify(assets/bunker) by extension 'python_setup_py'
[0.224s] Level 1:colcon.colcon_core.package_identification:_identify(assets/worlds) by extensions ['ignore', 'ignore_ament_install']
[0.224s] Level 1:colcon.colcon_core.package_identification:_identify(assets/worlds) by extension 'ignore'
[0.224s] Level 1:colcon.colcon_core.package_identification:_identify(assets/worlds) by extension 'ignore_ament_install'
[0.224s] Level 1:colcon.colcon_core.package_identification:_identify(assets/worlds) by extensions ['colcon_pkg']
[0.224s] Level 1:colcon.colcon_core.package_identification:_identify(assets/worlds) by extension 'colcon_pkg'
[0.224s] Level 1:colcon.colcon_core.package_identification:_identify(assets/worlds) by extensions ['colcon_meta']
[0.224s] Level 1:colcon.colcon_core.package_identification:_identify(assets/worlds) by extension 'colcon_meta'
[0.224s] Level 1:colcon.colcon_core.package_identification:_identify(assets/worlds) by extensions ['ros']
[0.224s] Level 1:colcon.colcon_core.package_identification:_identify(assets/worlds) by extension 'ros'
[0.224s] Level 1:colcon.colcon_core.package_identification:_identify(assets/worlds) by extensions ['cmake', 'python']
[0.224s] Level 1:colcon.colcon_core.package_identification:_identify(assets/worlds) by extension 'cmake'
[0.224s] Level 1:colcon.colcon_core.package_identification:_identify(assets/worlds) by extension 'python'
[0.224s] Level 1:colcon.colcon_core.package_identification:_identify(assets/worlds) by extensions ['python_setup_py']
[0.224s] Level 1:colcon.colcon_core.package_identification:_identify(assets/worlds) by extension 'python_setup_py'
[0.225s] Level 1:colcon.colcon_core.package_identification:_identify(assets/worlds/test) by extensions ['ignore', 'ignore_ament_install']
[0.225s] Level 1:colcon.colcon_core.package_identification:_identify(assets/worlds/test) by extension 'ignore'
[0.225s] Level 1:colcon.colcon_core.package_identification:_identify(assets/worlds/test) by extension 'ignore_ament_install'
[0.225s] Level 1:colcon.colcon_core.package_identification:_identify(assets/worlds/test) by extensions ['colcon_pkg']
[0.225s] Level 1:colcon.colcon_core.package_identification:_identify(assets/worlds/test) by extension 'colcon_pkg'
[0.225s] Level 1:colcon.colcon_core.package_identification:_identify(assets/worlds/test) by extensions ['colcon_meta']
[0.225s] Level 1:colcon.colcon_core.package_identification:_identify(assets/worlds/test) by extension 'colcon_meta'
[0.225s] Level 1:colcon.colcon_core.package_identification:_identify(assets/worlds/test) by extensions ['ros']
[0.225s] Level 1:colcon.colcon_core.package_identification:_identify(assets/worlds/test) by extension 'ros'
[0.225s] Level 1:colcon.colcon_core.package_identification:_identify(assets/worlds/test) by extensions ['cmake', 'python']
[0.225s] Level 1:colcon.colcon_core.package_identification:_identify(assets/worlds/test) by extension 'cmake'
[0.225s] Level 1:colcon.colcon_core.package_identification:_identify(assets/worlds/test) by extension 'python'
[0.225s] Level 1:colcon.colcon_core.package_identification:_identify(assets/worlds/test) by extensions ['python_setup_py']
[0.225s] Level 1:colcon.colcon_core.package_identification:_identify(assets/worlds/test) by extension 'python_setup_py'
[0.225s] Level 1:colcon.colcon_core.package_identification:_identify(assets/worlds/train) by extensions ['ignore', 'ignore_ament_install']
[0.225s] Level 1:colcon.colcon_core.package_identification:_identify(assets/worlds/train) by extension 'ignore'
[0.225s] Level 1:colcon.colcon_core.package_identification:_identify(assets/worlds/train) by extension 'ignore_ament_install'
[0.225s] Level 1:colcon.colcon_core.package_identification:_identify(assets/worlds/train) by extensions ['colcon_pkg']
[0.225s] Level 1:colcon.colcon_core.package_identification:_identify(assets/worlds/train) by extension 'colcon_pkg'
[0.225s] Level 1:colcon.colcon_core.package_identification:_identify(assets/worlds/train) by extensions ['colcon_meta']
[0.225s] Level 1:colcon.colcon_core.package_identification:_identify(assets/worlds/train) by extension 'colcon_meta'
[0.225s] Level 1:colcon.colcon_core.package_identification:_identify(assets/worlds/train) by extensions ['ros']
[0.225s] Level 1:colcon.colcon_core.package_identification:_identify(assets/worlds/train) by extension 'ros'
[0.226s] Level 1:colcon.colcon_core.package_identification:_identify(assets/worlds/train) by extensions ['cmake', 'python']
[0.226s] Level 1:colcon.colcon_core.package_identification:_identify(assets/worlds/train) by extension 'cmake'
[0.226s] Level 1:colcon.colcon_core.package_identification:_identify(assets/worlds/train) by extension 'python'
[0.226s] Level 1:colcon.colcon_core.package_identification:_identify(assets/worlds/train) by extensions ['python_setup_py']
[0.226s] Level 1:colcon.colcon_core.package_identification:_identify(assets/worlds/train) by extension 'python_setup_py'
[0.226s] Level 1:colcon.colcon_core.package_identification:_identify(assets/worlds/val) by extensions ['ignore', 'ignore_ament_install']
[0.226s] Level 1:colcon.colcon_core.package_identification:_identify(assets/worlds/val) by extension 'ignore'
[0.226s] Level 1:colcon.colcon_core.package_identification:_identify(assets/worlds/val) by extension 'ignore_ament_install'
[0.226s] Level 1:colcon.colcon_core.package_identification:_identify(assets/worlds/val) by extensions ['colcon_pkg']
[0.226s] Level 1:colcon.colcon_core.package_identification:_identify(assets/worlds/val) by extension 'colcon_pkg'
[0.226s] Level 1:colcon.colcon_core.package_identification:_identify(assets/worlds/val) by extensions ['colcon_meta']
[0.226s] Level 1:colcon.colcon_core.package_identification:_identify(assets/worlds/val) by extension 'colcon_meta'
[0.226s] Level 1:colcon.colcon_core.package_identification:_identify(assets/worlds/val) by extensions ['ros']
[0.226s] Level 1:colcon.colcon_core.package_identification:_identify(assets/worlds/val) by extension 'ros'
[0.226s] Level 1:colcon.colcon_core.package_identification:_identify(assets/worlds/val) by extensions ['cmake', 'python']
[0.226s] Level 1:colcon.colcon_core.package_identification:_identify(assets/worlds/val) by extension 'cmake'
[0.226s] Level 1:colcon.colcon_core.package_identification:_identify(assets/worlds/val) by extension 'python'
[0.226s] Level 1:colcon.colcon_core.package_identification:_identify(assets/worlds/val) by extensions ['python_setup_py']
[0.226s] Level 1:colcon.colcon_core.package_identification:_identify(assets/worlds/val) by extension 'python_setup_py'
[0.226s] Level 1:colcon.colcon_core.package_identification:_identify(build) by extensions ['ignore', 'ignore_ament_install']
[0.226s] Level 1:colcon.colcon_core.package_identification:_identify(build) by extension 'ignore'
[0.227s] Level 1:colcon.colcon_core.package_identification:_identify(build) ignored
[0.227s] Level 1:colcon.colcon_core.package_identification:_identify(install) by extensions ['ignore', 'ignore_ament_install']
[0.227s] Level 1:colcon.colcon_core.package_identification:_identify(install) by extension 'ignore'
[0.227s] Level 1:colcon.colcon_core.package_identification:_identify(install) ignored
[0.227s] Level 1:colcon.colcon_core.package_identification:_identify(lib) by extensions ['ignore', 'ignore_ament_install']
[0.227s] Level 1:colcon.colcon_core.package_identification:_identify(lib) by extension 'ignore'
[0.227s] Level 1:colcon.colcon_core.package_identification:_identify(lib) by extension 'ignore_ament_install'
[0.227s] Level 1:colcon.colcon_core.package_identification:_identify(lib) by extensions ['colcon_pkg']
[0.227s] Level 1:colcon.colcon_core.package_identification:_identify(lib) by extension 'colcon_pkg'
[0.227s] Level 1:colcon.colcon_core.package_identification:_identify(lib) by extensions ['colcon_meta']
[0.227s] Level 1:colcon.colcon_core.package_identification:_identify(lib) by extension 'colcon_meta'
[0.227s] Level 1:colcon.colcon_core.package_identification:_identify(lib) by extensions ['ros']
[0.227s] Level 1:colcon.colcon_core.package_identification:_identify(lib) by extension 'ros'
[0.227s] Level 1:colcon.colcon_core.package_identification:_identify(lib) by extensions ['cmake', 'python']
[0.227s] Level 1:colcon.colcon_core.package_identification:_identify(lib) by extension 'cmake'
[0.227s] Level 1:colcon.colcon_core.package_identification:_identify(lib) by extension 'python'
[0.227s] Level 1:colcon.colcon_core.package_identification:_identify(lib) by extensions ['python_setup_py']
[0.227s] Level 1:colcon.colcon_core.package_identification:_identify(lib) by extension 'python_setup_py'
[0.227s] Level 1:colcon.colcon_core.package_identification:_identify(log) by extensions ['ignore', 'ignore_ament_install']
[0.228s] Level 1:colcon.colcon_core.package_identification:_identify(log) by extension 'ignore'
[0.228s] Level 1:colcon.colcon_core.package_identification:_identify(log) ignored
[0.228s] Level 1:colcon.colcon_core.package_identification:_identify(media) by extensions ['ignore', 'ignore_ament_install']
[0.228s] Level 1:colcon.colcon_core.package_identification:_identify(media) by extension 'ignore'
[0.228s] Level 1:colcon.colcon_core.package_identification:_identify(media) by extension 'ignore_ament_install'
[0.228s] Level 1:colcon.colcon_core.package_identification:_identify(media) by extensions ['colcon_pkg']
[0.228s] Level 1:colcon.colcon_core.package_identification:_identify(media) by extension 'colcon_pkg'
[0.228s] Level 1:colcon.colcon_core.package_identification:_identify(media) by extensions ['colcon_meta']
[0.228s] Level 1:colcon.colcon_core.package_identification:_identify(media) by extension 'colcon_meta'
[0.228s] Level 1:colcon.colcon_core.package_identification:_identify(media) by extensions ['ros']
[0.228s] Level 1:colcon.colcon_core.package_identification:_identify(media) by extension 'ros'
[0.228s] Level 1:colcon.colcon_core.package_identification:_identify(media) by extensions ['cmake', 'python']
[0.228s] Level 1:colcon.colcon_core.package_identification:_identify(media) by extension 'cmake'
[0.228s] Level 1:colcon.colcon_core.package_identification:_identify(media) by extension 'python'
[0.228s] Level 1:colcon.colcon_core.package_identification:_identify(media) by extensions ['python_setup_py']
[0.228s] Level 1:colcon.colcon_core.package_identification:_identify(media) by extension 'python_setup_py'
[0.228s] Level 1:colcon.colcon_core.package_identification:_identify(media/SAC_Dense) by extensions ['ignore', 'ignore_ament_install']
[0.228s] Level 1:colcon.colcon_core.package_identification:_identify(media/SAC_Dense) by extension 'ignore'
[0.228s] Level 1:colcon.colcon_core.package_identification:_identify(media/SAC_Dense) by extension 'ignore_ament_install'
[0.228s] Level 1:colcon.colcon_core.package_identification:_identify(media/SAC_Dense) by extensions ['colcon_pkg']
[0.228s] Level 1:colcon.colcon_core.package_identification:_identify(media/SAC_Dense) by extension 'colcon_pkg'
[0.228s] Level 1:colcon.colcon_core.package_identification:_identify(media/SAC_Dense) by extensions ['colcon_meta']
[0.229s] Level 1:colcon.colcon_core.package_identification:_identify(media/SAC_Dense) by extension 'colcon_meta'
[0.229s] Level 1:colcon.colcon_core.package_identification:_identify(media/SAC_Dense) by extensions ['ros']
[0.229s] Level 1:colcon.colcon_core.package_identification:_identify(media/SAC_Dense) by extension 'ros'
[0.229s] Level 1:colcon.colcon_core.package_identification:_identify(media/SAC_Dense) by extensions ['cmake', 'python']
[0.229s] Level 1:colcon.colcon_core.package_identification:_identify(media/SAC_Dense) by extension 'cmake'
[0.229s] Level 1:colcon.colcon_core.package_identification:_identify(media/SAC_Dense) by extension 'python'
[0.229s] Level 1:colcon.colcon_core.package_identification:_identify(media/SAC_Dense) by extensions ['python_setup_py']
[0.229s] Level 1:colcon.colcon_core.package_identification:_identify(media/SAC_Dense) by extension 'python_setup_py'
[0.229s] Level 1:colcon.colcon_core.package_identification:_identify(media/SAC_Dense_Hist) by extensions ['ignore', 'ignore_ament_install']
[0.229s] Level 1:colcon.colcon_core.package_identification:_identify(media/SAC_Dense_Hist) by extension 'ignore'
[0.229s] Level 1:colcon.colcon_core.package_identification:_identify(media/SAC_Dense_Hist) by extension 'ignore_ament_install'
[0.229s] Level 1:colcon.colcon_core.package_identification:_identify(media/SAC_Dense_Hist) by extensions ['colcon_pkg']
[0.229s] Level 1:colcon.colcon_core.package_identification:_identify(media/SAC_Dense_Hist) by extension 'colcon_pkg'
[0.229s] Level 1:colcon.colcon_core.package_identification:_identify(media/SAC_Dense_Hist) by extensions ['colcon_meta']
[0.229s] Level 1:colcon.colcon_core.package_identification:_identify(media/SAC_Dense_Hist) by extension 'colcon_meta'
[0.229s] Level 1:colcon.colcon_core.package_identification:_identify(media/SAC_Dense_Hist) by extensions ['ros']
[0.229s] Level 1:colcon.colcon_core.package_identification:_identify(media/SAC_Dense_Hist) by extension 'ros'
[0.229s] Level 1:colcon.colcon_core.package_identification:_identify(media/SAC_Dense_Hist) by extensions ['cmake', 'python']
[0.229s] Level 1:colcon.colcon_core.package_identification:_identify(media/SAC_Dense_Hist) by extension 'cmake'
[0.229s] Level 1:colcon.colcon_core.package_identification:_identify(media/SAC_Dense_Hist) by extension 'python'
[0.229s] Level 1:colcon.colcon_core.package_identification:_identify(media/SAC_Dense_Hist) by extensions ['python_setup_py']
[0.229s] Level 1:colcon.colcon_core.package_identification:_identify(media/SAC_Dense_Hist) by extension 'python_setup_py'
[0.229s] Level 1:colcon.colcon_core.package_identification:_identify(media/SAC_Penalized) by extensions ['ignore', 'ignore_ament_install']
[0.230s] Level 1:colcon.colcon_core.package_identification:_identify(media/SAC_Penalized) by extension 'ignore'
[0.230s] Level 1:colcon.colcon_core.package_identification:_identify(media/SAC_Penalized) by extension 'ignore_ament_install'
[0.230s] Level 1:colcon.colcon_core.package_identification:_identify(media/SAC_Penalized) by extensions ['colcon_pkg']
[0.230s] Level 1:colcon.colcon_core.package_identification:_identify(media/SAC_Penalized) by extension 'colcon_pkg'
[0.230s] Level 1:colcon.colcon_core.package_identification:_identify(media/SAC_Penalized) by extensions ['colcon_meta']
[0.230s] Level 1:colcon.colcon_core.package_identification:_identify(media/SAC_Penalized) by extension 'colcon_meta'
[0.230s] Level 1:colcon.colcon_core.package_identification:_identify(media/SAC_Penalized) by extensions ['ros']
[0.230s] Level 1:colcon.colcon_core.package_identification:_identify(media/SAC_Penalized) by extension 'ros'
[0.230s] Level 1:colcon.colcon_core.package_identification:_identify(media/SAC_Penalized) by extensions ['cmake', 'python']
[0.230s] Level 1:colcon.colcon_core.package_identification:_identify(media/SAC_Penalized) by extension 'cmake'
[0.230s] Level 1:colcon.colcon_core.package_identification:_identify(media/SAC_Penalized) by extension 'python'
[0.230s] Level 1:colcon.colcon_core.package_identification:_identify(media/SAC_Penalized) by extensions ['python_setup_py']
[0.230s] Level 1:colcon.colcon_core.package_identification:_identify(media/SAC_Penalized) by extension 'python_setup_py'
[0.230s] Level 1:colcon.colcon_core.package_identification:_identify(media/SAC_Sparse_HER) by extensions ['ignore', 'ignore_ament_install']
[0.230s] Level 1:colcon.colcon_core.package_identification:_identify(media/SAC_Sparse_HER) by extension 'ignore'
[0.230s] Level 1:colcon.colcon_core.package_identification:_identify(media/SAC_Sparse_HER) by extension 'ignore_ament_install'
[0.230s] Level 1:colcon.colcon_core.package_identification:_identify(media/SAC_Sparse_HER) by extensions ['colcon_pkg']
[0.230s] Level 1:colcon.colcon_core.package_identification:_identify(media/SAC_Sparse_HER) by extension 'colcon_pkg'
[0.230s] Level 1:colcon.colcon_core.package_identification:_identify(media/SAC_Sparse_HER) by extensions ['colcon_meta']
[0.230s] Level 1:colcon.colcon_core.package_identification:_identify(media/SAC_Sparse_HER) by extension 'colcon_meta'
[0.230s] Level 1:colcon.colcon_core.package_identification:_identify(media/SAC_Sparse_HER) by extensions ['ros']
[0.230s] Level 1:colcon.colcon_core.package_identification:_identify(media/SAC_Sparse_HER) by extension 'ros'
[0.231s] Level 1:colcon.colcon_core.package_identification:_identify(media/SAC_Sparse_HER) by extensions ['cmake', 'python']
[0.231s] Level 1:colcon.colcon_core.package_identification:_identify(media/SAC_Sparse_HER) by extension 'cmake'
[0.231s] Level 1:colcon.colcon_core.package_identification:_identify(media/SAC_Sparse_HER) by extension 'python'
[0.231s] Level 1:colcon.colcon_core.package_identification:_identify(media/SAC_Sparse_HER) by extensions ['python_setup_py']
[0.231s] Level 1:colcon.colcon_core.package_identification:_identify(media/SAC_Sparse_HER) by extension 'python_setup_py'
[0.231s] Level 1:colcon.colcon_core.package_identification:_identify(media/SAC_Sparse_HER_Hist) by extensions ['ignore', 'ignore_ament_install']
[0.231s] Level 1:colcon.colcon_core.package_identification:_identify(media/SAC_Sparse_HER_Hist) by extension 'ignore'
[0.231s] Level 1:colcon.colcon_core.package_identification:_identify(media/SAC_Sparse_HER_Hist) by extension 'ignore_ament_install'
[0.231s] Level 1:colcon.colcon_core.package_identification:_identify(media/SAC_Sparse_HER_Hist) by extensions ['colcon_pkg']
[0.231s] Level 1:colcon.colcon_core.package_identification:_identify(media/SAC_Sparse_HER_Hist) by extension 'colcon_pkg'
[0.231s] Level 1:colcon.colcon_core.package_identification:_identify(media/SAC_Sparse_HER_Hist) by extensions ['colcon_meta']
[0.231s] Level 1:colcon.colcon_core.package_identification:_identify(media/SAC_Sparse_HER_Hist) by extension 'colcon_meta'
[0.231s] Level 1:colcon.colcon_core.package_identification:_identify(media/SAC_Sparse_HER_Hist) by extensions ['ros']
[0.231s] Level 1:colcon.colcon_core.package_identification:_identify(media/SAC_Sparse_HER_Hist) by extension 'ros'
[0.231s] Level 1:colcon.colcon_core.package_identification:_identify(media/SAC_Sparse_HER_Hist) by extensions ['cmake', 'python']
[0.231s] Level 1:colcon.colcon_core.package_identification:_identify(media/SAC_Sparse_HER_Hist) by extension 'cmake'
[0.231s] Level 1:colcon.colcon_core.package_identification:_identify(media/SAC_Sparse_HER_Hist) by extension 'python'
[0.231s] Level 1:colcon.colcon_core.package_identification:_identify(media/SAC_Sparse_HER_Hist) by extensions ['python_setup_py']
[0.231s] Level 1:colcon.colcon_core.package_identification:_identify(media/SAC_Sparse_HER_Hist) by extension 'python_setup_py'
[0.231s] Level 1:colcon.colcon_core.package_discovery:discover_packages(recursive) using defaults
[0.231s] Level 1:colcon.colcon_core.package_discovery:discover_packages(ignore) discover
[0.231s] Level 1:colcon.colcon_core.package_discovery:discover_packages(ignore) using defaults
[0.231s] Level 1:colcon.colcon_core.package_discovery:discover_packages(path) discover
[0.231s] Level 1:colcon.colcon_core.package_discovery:discover_packages(path) using defaults
[0.255s] Level 1:colcon.colcon_core.package_discovery:discover_packages(prefix_path) check parameters
[0.255s] Level 1:colcon.colcon_core.package_discovery:discover_packages(prefix_path) discover
[0.256s] DEBUG:colcon.colcon_installed_package_information.package_discovery:Found 1 installed packages in /home/toris/ros2_ws/install
[0.257s] DEBUG:colcon.colcon_installed_package_information.package_discovery:Found 359 installed packages in /opt/ros/humble
[0.258s] Level 1:colcon.colcon_core.package_discovery:discover_packages(prefix_path) using defaults
[0.291s] INFO:colcon.colcon_core.executor:Executing jobs using 'parallel' executor
[0.292s] DEBUG:colcon.colcon_parallel_executor.executor.parallel:run_until_complete
[0.292s] DEBUG:colcon.colcon_parallel_executor.executor.parallel:closing loop
[0.292s] DEBUG:colcon.colcon_parallel_executor.executor.parallel:loop closed
[0.292s] DEBUG:colcon.colcon_parallel_executor.executor.parallel:run_until_complete finished with '0'
[0.292s] DEBUG:colcon.colcon_core.event_reactor:joining thread
[0.295s] INFO:colcon.colcon_core.plugin_system:Skipping extension 'colcon_notification.desktop_notification.terminal_notifier': Not used on non-Darwin systems
[0.295s] INFO:colcon.colcon_core.plugin_system:Skipping extension 'colcon_notification.desktop_notification.win32': Not used on non-Windows systems
[0.296s] INFO:colcon.colcon_notification.desktop_notification:Sending desktop notification using 'notify2'
[0.304s] DEBUG:colcon.colcon_core.event_reactor:joined thread
[0.306s] INFO:colcon.colcon_core.plugin_system:Skipping extension 'colcon_core.shell.bat': Not used on non-Windows systems
[0.307s] INFO:colcon.colcon_core.shell:Creating prefix script '/home/toris/rl_nav/install/local_setup.ps1'
[0.308s] INFO:colcon.colcon_core.shell:Creating prefix util module '/home/toris/rl_nav/install/_local_setup_util_ps1.py'
[0.310s] INFO:colcon.colcon_core.shell:Creating prefix chain script '/home/toris/rl_nav/install/setup.ps1'
[0.311s] INFO:colcon.colcon_core.shell:Creating prefix script '/home/toris/rl_nav/install/local_setup.sh'
[0.311s] INFO:colcon.colcon_core.shell:Creating prefix util module '/home/toris/rl_nav/install/_local_setup_util_sh.py'
[0.312s] INFO:colcon.colcon_core.shell:Creating prefix chain script '/home/toris/rl_nav/install/setup.sh'
[0.313s] INFO:colcon.colcon_core.shell:Creating prefix script '/home/toris/rl_nav/install/local_setup.bash'
[0.313s] INFO:colcon.colcon_core.shell:Creating prefix chain script '/home/toris/rl_nav/install/setup.bash'
[0.315s] INFO:colcon.colcon_core.shell:Creating prefix script '/home/toris/rl_nav/install/local_setup.zsh'
[0.315s] INFO:colcon.colcon_core.shell:Creating prefix chain script '/home/toris/rl_nav/install/setup.zsh'
