[0.287s] DEBUG:colcon:Command line arguments: ['/usr/bin/colcon', 'build']
[0.287s] DEBUG:colcon:Parsed command line arguments: Namespace(log_base=None, log_level=None, verb_name='build', build_base='build', install_base='install', merge_install=False, symlink_install=False, test_result_base=None, continue_on_error=False, executor='parallel', parallel_workers=16, event_handlers=None, ignore_user_meta=False, metas=['./colcon.meta'], base_paths=['.'], packages_ignore=None, packages_ignore_regex=None, paths=None, packages_up_to=None, packages_up_to_regex=None, packages_above=None, packages_above_and_dependencies=None, packages_above_depth=None, packages_select_by_dep=None, packages_skip_by_dep=None, packages_skip_up_to=None, packages_select_build_failed=False, packages_skip_build_finished=False, packages_select_test_failures=False, packages_skip_test_passed=False, packages_select=None, packages_skip=None, packages_select_regex=None, packages_skip_regex=None, packages_start=None, packages_end=None, allow_overriding=[], cmake_args=None, cmake_target=None, cmake_target_skip_unavailable=False, cmake_clean_cache=False, cmake_clean_first=False, cmake_force_configure=False, ament_cmake_args=None, catkin_cmake_args=None, catkin_skip_building_tests=False, verb_parser=<colcon_defaults.argument_parser.defaults.DefaultArgumentsDecorator object at 0x7adda4175210>, verb_extension=<colcon_core.verb.build.BuildVerb object at 0x7adda42e9e40>, main=<bound method BuildVerb.main of <colcon_core.verb.build.BuildVerb object at 0x7adda42e9e40>>)
[0.627s] Level 1:colcon.colcon_core.package_discovery:discover_packages(colcon_meta) check parameters
[0.627s] Level 1:colcon.colcon_core.package_discovery:discover_packages(recursive) check parameters
[0.627s] Level 1:colcon.colcon_core.package_discovery:discover_packages(ignore) check parameters
[0.627s] Level 1:colcon.colcon_core.package_discovery:discover_packages(path) check parameters
[0.627s] Level 1:colcon.colcon_core.package_discovery:discover_packages(colcon_meta) discover
[0.627s] Level 1:colcon.colcon_core.package_discovery:discover_packages(recursive) discover
[0.627s] INFO:colcon.colcon_core.package_discovery:Crawling recursively for packages in '/home/toris/rl_nav'
[0.627s] Level 1:colcon.colcon_core.package_identification:_identify(.) by extensions ['ignore', 'ignore_ament_install']
[0.627s] Level 1:colcon.colcon_core.package_identification:_identify(.) by extension 'ignore'
[0.627s] Level 1:colcon.colcon_core.package_identification:_identify(.) by extension 'ignore_ament_install'
[0.627s] Level 1:colcon.colcon_core.package_identification:_identify(.) by extensions ['colcon_pkg']
[0.627s] Level 1:colcon.colcon_core.package_identification:_identify(.) by extension 'colcon_pkg'
[0.627s] Level 1:colcon.colcon_core.package_identification:_identify(.) by extensions ['colcon_meta']
[0.627s] Level 1:colcon.colcon_core.package_identification:_identify(.) by extension 'colcon_meta'
[0.627s] Level 1:colcon.colcon_core.package_identification:_identify(.) by extensions ['ros']
[0.627s] Level 1:colcon.colcon_core.package_identification:_identify(.) by extension 'ros'
[0.645s] Level 1:colcon.colcon_core.package_identification:_identify(.) by extensions ['cmake', 'python']
[0.645s] Level 1:colcon.colcon_core.package_identification:_identify(.) by extension 'cmake'
[0.645s] Level 1:colcon.colcon_core.package_identification:_identify(.) by extension 'python'
[0.645s] Level 1:colcon.colcon_core.package_identification:_identify(.) by extensions ['python_setup_py']
[0.645s] Level 1:colcon.colcon_core.package_identification:_identify(.) by extension 'python_setup_py'
[0.646s] Level 1:colcon.colcon_core.package_identification:_identify(SAC_Dense) by extensions ['ignore', 'ignore_ament_install']
[0.646s] Level 1:colcon.colcon_core.package_identification:_identify(SAC_Dense) by extension 'ignore'
[0.646s] Level 1:colcon.colcon_core.package_identification:_identify(SAC_Dense) by extension 'ignore_ament_install'
[0.646s] Level 1:colcon.colcon_core.package_identification:_identify(SAC_Dense) by extensions ['colcon_pkg']
[0.646s] Level 1:colcon.colcon_core.package_identification:_identify(SAC_Dense) by extension 'colcon_pkg'
[0.646s] Level 1:colcon.colcon_core.package_identification:_identify(SAC_Dense) by extensions ['colcon_meta']
[0.646s] Level 1:colcon.colcon_core.package_identification:_identify(SAC_Dense) by extension 'colcon_meta'
[0.646s] Level 1:colcon.colcon_core.package_identification:_identify(SAC_Dense) by extensions ['ros']
[0.646s] Level 1:colcon.colcon_core.package_identification:_identify(SAC_Dense) by extension 'ros'
[0.646s] Level 1:colcon.colcon_core.package_identification:_identify(SAC_Dense) by extensions ['cmake', 'python']
[0.646s] Level 1:colcon.colcon_core.package_identification:_identify(SAC_Dense) by extension 'cmake'
[0.647s] Level 1:colcon.colcon_core.package_identification:_identify(SAC_Dense) by extension 'python'
[0.647s] Level 1:colcon.colcon_core.package_identification:_identify(SAC_Dense) by extensions ['python_setup_py']
[0.647s] Level 1:colcon.colcon_core.package_identification:_identify(SAC_Dense) by extension 'python_setup_py'
[0.647s] Level 1:colcon.colcon_core.package_identification:_identify(SAC_Dense/inference_results) by extensions ['ignore', 'ignore_ament_install']
[0.647s] Level 1:colcon.colcon_core.package_identification:_identify(SAC_Dense/inference_results) by extension 'ignore'
[0.647s] Level 1:colcon.colcon_core.package_identification:_identify(SAC_Dense/inference_results) by extension 'ignore_ament_install'
[0.647s] Level 1:colcon.colcon_core.package_identification:_identify(SAC_Dense/inference_results) by extensions ['colcon_pkg']
[0.647s] Level 1:colcon.colcon_core.package_identification:_identify(SAC_Dense/inference_results) by extension 'colcon_pkg'
[0.647s] Level 1:colcon.colcon_core.package_identification:_identify(SAC_Dense/inference_results) by extensions ['colcon_meta']
[0.647s] Level 1:colcon.colcon_core.package_identification:_identify(SAC_Dense/inference_results) by extension 'colcon_meta'
[0.647s] Level 1:colcon.colcon_core.package_identification:_identify(SAC_Dense/inference_results) by extensions ['ros']
[0.647s] Level 1:colcon.colcon_core.package_identification:_identify(SAC_Dense/inference_results) by extension 'ros'
[0.647s] Level 1:colcon.colcon_core.package_identification:_identify(SAC_Dense/inference_results) by extensions ['cmake', 'python']
[0.647s] Level 1:colcon.colcon_core.package_identification:_identify(SAC_Dense/inference_results) by extension 'cmake'
[0.647s] Level 1:colcon.colcon_core.package_identification:_identify(SAC_Dense/inference_results) by extension 'python'
[0.648s] Level 1:colcon.colcon_core.package_identification:_identify(SAC_Dense/inference_results) by extensions ['python_setup_py']
[0.648s] Level 1:colcon.colcon_core.package_identification:_identify(SAC_Dense/inference_results) by extension 'python_setup_py'
[0.648s] Level 1:colcon.colcon_core.package_identification:_identify(SAC_Dense/log) by extensions ['ignore', 'ignore_ament_install']
[0.648s] Level 1:colcon.colcon_core.package_identification:_identify(SAC_Dense/log) by extension 'ignore'
[0.648s] Level 1:colcon.colcon_core.package_identification:_identify(SAC_Dense/log) by extension 'ignore_ament_install'
[0.648s] Level 1:colcon.colcon_core.package_identification:_identify(SAC_Dense/log) by extensions ['colcon_pkg']
[0.648s] Level 1:colcon.colcon_core.package_identification:_identify(SAC_Dense/log) by extension 'colcon_pkg'
[0.648s] Level 1:colcon.colcon_core.package_identification:_identify(SAC_Dense/log) by extensions ['colcon_meta']
[0.648s] Level 1:colcon.colcon_core.package_identification:_identify(SAC_Dense/log) by extension 'colcon_meta'
[0.648s] Level 1:colcon.colcon_core.package_identification:_identify(SAC_Dense/log) by extensions ['ros']
[0.648s] Level 1:colcon.colcon_core.package_identification:_identify(SAC_Dense/log) by extension 'ros'
[0.648s] Level 1:colcon.colcon_core.package_identification:_identify(SAC_Dense/log) by extensions ['cmake', 'python']
[0.648s] Level 1:colcon.colcon_core.package_identification:_identify(SAC_Dense/log) by extension 'cmake'
[0.648s] Level 1:colcon.colcon_core.package_identification:_identify(SAC_Dense/log) by extension 'python'
[0.648s] Level 1:colcon.colcon_core.package_identification:_identify(SAC_Dense/log) by extensions ['python_setup_py']
[0.648s] Level 1:colcon.colcon_core.package_identification:_identify(SAC_Dense/log) by extension 'python_setup_py'
[0.648s] Level 1:colcon.colcon_core.package_identification:_identify(SAC_Dense/log/run_1) by extensions ['ignore', 'ignore_ament_install']
[0.649s] Level 1:colcon.colcon_core.package_identification:_identify(SAC_Dense/log/run_1) by extension 'ignore'
[0.649s] Level 1:colcon.colcon_core.package_identification:_identify(SAC_Dense/log/run_1) by extension 'ignore_ament_install'
[0.649s] Level 1:colcon.colcon_core.package_identification:_identify(SAC_Dense/log/run_1) by extensions ['colcon_pkg']
[0.649s] Level 1:colcon.colcon_core.package_identification:_identify(SAC_Dense/log/run_1) by extension 'colcon_pkg'
[0.649s] Level 1:colcon.colcon_core.package_identification:_identify(SAC_Dense/log/run_1) by extensions ['colcon_meta']
[0.649s] Level 1:colcon.colcon_core.package_identification:_identify(SAC_Dense/log/run_1) by extension 'colcon_meta'
[0.649s] Level 1:colcon.colcon_core.package_identification:_identify(SAC_Dense/log/run_1) by extensions ['ros']
[0.649s] Level 1:colcon.colcon_core.package_identification:_identify(SAC_Dense/log/run_1) by extension 'ros'
[0.649s] Level 1:colcon.colcon_core.package_identification:_identify(SAC_Dense/log/run_1) by extensions ['cmake', 'python']
[0.649s] Level 1:colcon.colcon_core.package_identification:_identify(SAC_Dense/log/run_1) by extension 'cmake'
[0.649s] Level 1:colcon.colcon_core.package_identification:_identify(SAC_Dense/log/run_1) by extension 'python'
[0.649s] Level 1:colcon.colcon_core.package_identification:_identify(SAC_Dense/log/run_1) by extensions ['python_setup_py']
[0.649s] Level 1:colcon.colcon_core.package_identification:_identify(SAC_Dense/log/run_1) by extension 'python_setup_py'
[0.649s] Level 1:colcon.colcon_core.package_identification:_identify(SAC_Dense/log/run_1/best_model) by extensions ['ignore', 'ignore_ament_install']
[0.649s] Level 1:colcon.colcon_core.package_identification:_identify(SAC_Dense/log/run_1/best_model) by extension 'ignore'
[0.649s] Level 1:colcon.colcon_core.package_identification:_identify(SAC_Dense/log/run_1/best_model) by extension 'ignore_ament_install'
[0.649s] Level 1:colcon.colcon_core.package_identification:_identify(SAC_Dense/log/run_1/best_model) by extensions ['colcon_pkg']
[0.649s] Level 1:colcon.colcon_core.package_identification:_identify(SAC_Dense/log/run_1/best_model) by extension 'colcon_pkg'
[0.649s] Level 1:colcon.colcon_core.package_identification:_identify(SAC_Dense/log/run_1/best_model) by extensions ['colcon_meta']
[0.649s] Level 1:colcon.colcon_core.package_identification:_identify(SAC_Dense/log/run_1/best_model) by extension 'colcon_meta'
[0.649s] Level 1:colcon.colcon_core.package_identification:_identify(SAC_Dense/log/run_1/best_model) by extensions ['ros']
[0.649s] Level 1:colcon.colcon_core.package_identification:_identify(SAC_Dense/log/run_1/best_model) by extension 'ros'
[0.649s] Level 1:colcon.colcon_core.package_identification:_identify(SAC_Dense/log/run_1/best_model) by extensions ['cmake', 'python']
[0.649s] Level 1:colcon.colcon_core.package_identification:_identify(SAC_Dense/log/run_1/best_model) by extension 'cmake'
[0.649s] Level 1:colcon.colcon_core.package_identification:_identify(SAC_Dense/log/run_1/best_model) by extension 'python'
[0.649s] Level 1:colcon.colcon_core.package_identification:_identify(SAC_Dense/log/run_1/best_model) by extensions ['python_setup_py']
[0.649s] Level 1:colcon.colcon_core.package_identification:_identify(SAC_Dense/log/run_1/best_model) by extension 'python_setup_py'
[0.649s] Level 1:colcon.colcon_core.package_identification:_identify(SAC_Dense/log/run_1/tb) by extensions ['ignore', 'ignore_ament_install']
[0.650s] Level 1:colcon.colcon_core.package_identification:_identify(SAC_Dense/log/run_1/tb) by extension 'ignore'
[0.650s] Level 1:colcon.colcon_core.package_identification:_identify(SAC_Dense/log/run_1/tb) by extension 'ignore_ament_install'
[0.650s] Level 1:colcon.colcon_core.package_identification:_identify(SAC_Dense/log/run_1/tb) by extensions ['colcon_pkg']
[0.650s] Level 1:colcon.colcon_core.package_identification:_identify(SAC_Dense/log/run_1/tb) by extension 'colcon_pkg'
[0.650s] Level 1:colcon.colcon_core.package_identification:_identify(SAC_Dense/log/run_1/tb) by extensions ['colcon_meta']
[0.650s] Level 1:colcon.colcon_core.package_identification:_identify(SAC_Dense/log/run_1/tb) by extension 'colcon_meta'
[0.650s] Level 1:colcon.colcon_core.package_identification:_identify(SAC_Dense/log/run_1/tb) by extensions ['ros']
[0.650s] Level 1:colcon.colcon_core.package_identification:_identify(SAC_Dense/log/run_1/tb) by extension 'ros'
[0.650s] Level 1:colcon.colcon_core.package_identification:_identify(SAC_Dense/log/run_1/tb) by extensions ['cmake', 'python']
[0.650s] Level 1:colcon.colcon_core.package_identification:_identify(SAC_Dense/log/run_1/tb) by extension 'cmake'
[0.650s] Level 1:colcon.colcon_core.package_identification:_identify(SAC_Dense/log/run_1/tb) by extension 'python'
[0.650s] Level 1:colcon.colcon_core.package_identification:_identify(SAC_Dense/log/run_1/tb) by extensions ['python_setup_py']
[0.650s] Level 1:colcon.colcon_core.package_identification:_identify(SAC_Dense/log/run_1/tb) by extension 'python_setup_py'
[0.650s] Level 1:colcon.colcon_core.package_identification:_identify(SAC_Dense/log/run_1/tb/run_1) by extensions ['ignore', 'ignore_ament_install']
[0.650s] Level 1:colcon.colcon_core.package_identification:_identify(SAC_Dense/log/run_1/tb/run_1) by extension 'ignore'
[0.650s] Level 1:colcon.colcon_core.package_identification:_identify(SAC_Dense/log/run_1/tb/run_1) by extension 'ignore_ament_install'
[0.650s] Level 1:colcon.colcon_core.package_identification:_identify(SAC_Dense/log/run_1/tb/run_1) by extensions ['colcon_pkg']
[0.650s] Level 1:colcon.colcon_core.package_identification:_identify(SAC_Dense/log/run_1/tb/run_1) by extension 'colcon_pkg'
[0.650s] Level 1:colcon.colcon_core.package_identification:_identify(SAC_Dense/log/run_1/tb/run_1) by extensions ['colcon_meta']
[0.650s] Level 1:colcon.colcon_core.package_identification:_identify(SAC_Dense/log/run_1/tb/run_1) by extension 'colcon_meta'
[0.650s] Level 1:colcon.colcon_core.package_identification:_identify(SAC_Dense/log/run_1/tb/run_1) by extensions ['ros']
[0.650s] Level 1:colcon.colcon_core.package_identification:_identify(SAC_Dense/log/run_1/tb/run_1) by extension 'ros'
[0.650s] Level 1:colcon.colcon_core.package_identification:_identify(SAC_Dense/log/run_1/tb/run_1) by extensions ['cmake', 'python']
[0.650s] Level 1:colcon.colcon_core.package_identification:_identify(SAC_Dense/log/run_1/tb/run_1) by extension 'cmake'
[0.650s] Level 1:colcon.colcon_core.package_identification:_identify(SAC_Dense/log/run_1/tb/run_1) by extension 'python'
[0.650s] Level 1:colcon.colcon_core.package_identification:_identify(SAC_Dense/log/run_1/tb/run_1) by extensions ['python_setup_py']
[0.650s] Level 1:colcon.colcon_core.package_identification:_identify(SAC_Dense/log/run_1/tb/run_1) by extension 'python_setup_py'
[0.650s] Level 1:colcon.colcon_core.package_identification:_identify(SAC_Dense_Hist) by extensions ['ignore', 'ignore_ament_install']
[0.651s] Level 1:colcon.colcon_core.package_identification:_identify(SAC_Dense_Hist) by extension 'ignore'
[0.651s] Level 1:colcon.colcon_core.package_identification:_identify(SAC_Dense_Hist) by extension 'ignore_ament_install'
[0.651s] Level 1:colcon.colcon_core.package_identification:_identify(SAC_Dense_Hist) by extensions ['colcon_pkg']
[0.651s] Level 1:colcon.colcon_core.package_identification:_identify(SAC_Dense_Hist) by extension 'colcon_pkg'
[0.651s] Level 1:colcon.colcon_core.package_identification:_identify(SAC_Dense_Hist) by extensions ['colcon_meta']
[0.651s] Level 1:colcon.colcon_core.package_identification:_identify(SAC_Dense_Hist) by extension 'colcon_meta'
[0.651s] Level 1:colcon.colcon_core.package_identification:_identify(SAC_Dense_Hist) by extensions ['ros']
[0.651s] Level 1:colcon.colcon_core.package_identification:_identify(SAC_Dense_Hist) by extension 'ros'
[0.651s] Level 1:colcon.colcon_core.package_identification:_identify(SAC_Dense_Hist) by extensions ['cmake', 'python']
[0.651s] Level 1:colcon.colcon_core.package_identification:_identify(SAC_Dense_Hist) by extension 'cmake'
[0.651s] Level 1:colcon.colcon_core.package_identification:_identify(SAC_Dense_Hist) by extension 'python'
[0.651s] Level 1:colcon.colcon_core.package_identification:_identify(SAC_Dense_Hist) by extensions ['python_setup_py']
[0.651s] Level 1:colcon.colcon_core.package_identification:_identify(SAC_Dense_Hist) by extension 'python_setup_py'
[0.651s] Level 1:colcon.colcon_core.package_identification:_identify(SAC_Dense_Hist/inference_results) by extensions ['ignore', 'ignore_ament_install']
[0.651s] Level 1:colcon.colcon_core.package_identification:_identify(SAC_Dense_Hist/inference_results) by extension 'ignore'
[0.651s] Level 1:colcon.colcon_core.package_identification:_identify(SAC_Dense_Hist/inference_results) by extension 'ignore_ament_install'
[0.651s] Level 1:colcon.colcon_core.package_identification:_identify(SAC_Dense_Hist/inference_results) by extensions ['colcon_pkg']
[0.651s] Level 1:colcon.colcon_core.package_identification:_identify(SAC_Dense_Hist/inference_results) by extension 'colcon_pkg'
[0.651s] Level 1:colcon.colcon_core.package_identification:_identify(SAC_Dense_Hist/inference_results) by extensions ['colcon_meta']
[0.651s] Level 1:colcon.colcon_core.package_identification:_identify(SAC_Dense_Hist/inference_results) by extension 'colcon_meta'
[0.651s] Level 1:colcon.colcon_core.package_identification:_identify(SAC_Dense_Hist/inference_results) by extensions ['ros']
[0.651s] Level 1:colcon.colcon_core.package_identification:_identify(SAC_Dense_Hist/inference_results) by extension 'ros'
[0.651s] Level 1:colcon.colcon_core.package_identification:_identify(SAC_Dense_Hist/inference_results) by extensions ['cmake', 'python']
[0.651s] Level 1:colcon.colcon_core.package_identification:_identify(SAC_Dense_Hist/inference_results) by extension 'cmake'
[0.651s] Level 1:colcon.colcon_core.package_identification:_identify(SAC_Dense_Hist/inference_results) by extension 'python'
[0.651s] Level 1:colcon.colcon_core.package_identification:_identify(SAC_Dense_Hist/inference_results) by extensions ['python_setup_py']
[0.651s] Level 1:colcon.colcon_core.package_identification:_identify(SAC_Dense_Hist/inference_results) by extension 'python_setup_py'
[0.651s] Level 1:colcon.colcon_core.package_identification:_identify(SAC_Dense_Hist/log) by extensions ['ignore', 'ignore_ament_install']
[0.652s] Level 1:colcon.colcon_core.package_identification:_identify(SAC_Dense_Hist/log) by extension 'ignore'
[0.652s] Level 1:colcon.colcon_core.package_identification:_identify(SAC_Dense_Hist/log) by extension 'ignore_ament_install'
[0.652s] Level 1:colcon.colcon_core.package_identification:_identify(SAC_Dense_Hist/log) by extensions ['colcon_pkg']
[0.652s] Level 1:colcon.colcon_core.package_identification:_identify(SAC_Dense_Hist/log) by extension 'colcon_pkg'
[0.652s] Level 1:colcon.colcon_core.package_identification:_identify(SAC_Dense_Hist/log) by extensions ['colcon_meta']
[0.652s] Level 1:colcon.colcon_core.package_identification:_identify(SAC_Dense_Hist/log) by extension 'colcon_meta'
[0.652s] Level 1:colcon.colcon_core.package_identification:_identify(SAC_Dense_Hist/log) by extensions ['ros']
[0.652s] Level 1:colcon.colcon_core.package_identification:_identify(SAC_Dense_Hist/log) by extension 'ros'
[0.652s] Level 1:colcon.colcon_core.package_identification:_identify(SAC_Dense_Hist/log) by extensions ['cmake', 'python']
[0.652s] Level 1:colcon.colcon_core.package_identification:_identify(SAC_Dense_Hist/log) by extension 'cmake'
[0.652s] Level 1:colcon.colcon_core.package_identification:_identify(SAC_Dense_Hist/log) by extension 'python'
[0.652s] Level 1:colcon.colcon_core.package_identification:_identify(SAC_Dense_Hist/log) by extensions ['python_setup_py']
[0.652s] Level 1:colcon.colcon_core.package_identification:_identify(SAC_Dense_Hist/log) by extension 'python_setup_py'
[0.652s] Level 1:colcon.colcon_core.package_identification:_identify(SAC_Dense_Hist/log/run_1) by extensions ['ignore', 'ignore_ament_install']
[0.652s] Level 1:colcon.colcon_core.package_identification:_identify(SAC_Dense_Hist/log/run_1) by extension 'ignore'
[0.652s] Level 1:colcon.colcon_core.package_identification:_identify(SAC_Dense_Hist/log/run_1) by extension 'ignore_ament_install'
[0.652s] Level 1:colcon.colcon_core.package_identification:_identify(SAC_Dense_Hist/log/run_1) by extensions ['colcon_pkg']
[0.652s] Level 1:colcon.colcon_core.package_identification:_identify(SAC_Dense_Hist/log/run_1) by extension 'colcon_pkg'
[0.652s] Level 1:colcon.colcon_core.package_identification:_identify(SAC_Dense_Hist/log/run_1) by extensions ['colcon_meta']
[0.652s] Level 1:colcon.colcon_core.package_identification:_identify(SAC_Dense_Hist/log/run_1) by extension 'colcon_meta'
[0.652s] Level 1:colcon.colcon_core.package_identification:_identify(SAC_Dense_Hist/log/run_1) by extensions ['ros']
[0.652s] Level 1:colcon.colcon_core.package_identification:_identify(SAC_Dense_Hist/log/run_1) by extension 'ros'
[0.652s] Level 1:colcon.colcon_core.package_identification:_identify(SAC_Dense_Hist/log/run_1) by extensions ['cmake', 'python']
[0.652s] Level 1:colcon.colcon_core.package_identification:_identify(SAC_Dense_Hist/log/run_1) by extension 'cmake'
[0.652s] Level 1:colcon.colcon_core.package_identification:_identify(SAC_Dense_Hist/log/run_1) by extension 'python'
[0.652s] Level 1:colcon.colcon_core.package_identification:_identify(SAC_Dense_Hist/log/run_1) by extensions ['python_setup_py']
[0.652s] Level 1:colcon.colcon_core.package_identification:_identify(SAC_Dense_Hist/log/run_1) by extension 'python_setup_py'
[0.653s] Level 1:colcon.colcon_core.package_identification:_identify(SAC_Dense_Hist/log/run_1/best_model) by extensions ['ignore', 'ignore_ament_install']
[0.653s] Level 1:colcon.colcon_core.package_identification:_identify(SAC_Dense_Hist/log/run_1/best_model) by extension 'ignore'
[0.653s] Level 1:colcon.colcon_core.package_identification:_identify(SAC_Dense_Hist/log/run_1/best_model) by extension 'ignore_ament_install'
[0.653s] Level 1:colcon.colcon_core.package_identification:_identify(SAC_Dense_Hist/log/run_1/best_model) by extensions ['colcon_pkg']
[0.653s] Level 1:colcon.colcon_core.package_identification:_identify(SAC_Dense_Hist/log/run_1/best_model) by extension 'colcon_pkg'
[0.653s] Level 1:colcon.colcon_core.package_identification:_identify(SAC_Dense_Hist/log/run_1/best_model) by extensions ['colcon_meta']
[0.653s] Level 1:colcon.colcon_core.package_identification:_identify(SAC_Dense_Hist/log/run_1/best_model) by extension 'colcon_meta'
[0.653s] Level 1:colcon.colcon_core.package_identification:_identify(SAC_Dense_Hist/log/run_1/best_model) by extensions ['ros']
[0.653s] Level 1:colcon.colcon_core.package_identification:_identify(SAC_Dense_Hist/log/run_1/best_model) by extension 'ros'
[0.653s] Level 1:colcon.colcon_core.package_identification:_identify(SAC_Dense_Hist/log/run_1/best_model) by extensions ['cmake', 'python']
[0.653s] Level 1:colcon.colcon_core.package_identification:_identify(SAC_Dense_Hist/log/run_1/best_model) by extension 'cmake'
[0.653s] Level 1:colcon.colcon_core.package_identification:_identify(SAC_Dense_Hist/log/run_1/best_model) by extension 'python'
[0.653s] Level 1:colcon.colcon_core.package_identification:_identify(SAC_Dense_Hist/log/run_1/best_model) by extensions ['python_setup_py']
[0.653s] Level 1:colcon.colcon_core.package_identification:_identify(SAC_Dense_Hist/log/run_1/best_model) by extension 'python_setup_py'
[0.653s] Level 1:colcon.colcon_core.package_identification:_identify(SAC_Dense_Hist/log/run_1/tb) by extensions ['ignore', 'ignore_ament_install']
[0.653s] Level 1:colcon.colcon_core.package_identification:_identify(SAC_Dense_Hist/log/run_1/tb) by extension 'ignore'
[0.653s] Level 1:colcon.colcon_core.package_identification:_identify(SAC_Dense_Hist/log/run_1/tb) by extension 'ignore_ament_install'
[0.653s] Level 1:colcon.colcon_core.package_identification:_identify(SAC_Dense_Hist/log/run_1/tb) by extensions ['colcon_pkg']
[0.653s] Level 1:colcon.colcon_core.package_identification:_identify(SAC_Dense_Hist/log/run_1/tb) by extension 'colcon_pkg'
[0.653s] Level 1:colcon.colcon_core.package_identification:_identify(SAC_Dense_Hist/log/run_1/tb) by extensions ['colcon_meta']
[0.654s] Level 1:colcon.colcon_core.package_identification:_identify(SAC_Dense_Hist/log/run_1/tb) by extension 'colcon_meta'
[0.654s] Level 1:colcon.colcon_core.package_identification:_identify(SAC_Dense_Hist/log/run_1/tb) by extensions ['ros']
[0.654s] Level 1:colcon.colcon_core.package_identification:_identify(SAC_Dense_Hist/log/run_1/tb) by extension 'ros'
[0.654s] Level 1:colcon.colcon_core.package_identification:_identify(SAC_Dense_Hist/log/run_1/tb) by extensions ['cmake', 'python']
[0.654s] Level 1:colcon.colcon_core.package_identification:_identify(SAC_Dense_Hist/log/run_1/tb) by extension 'cmake'
[0.654s] Level 1:colcon.colcon_core.package_identification:_identify(SAC_Dense_Hist/log/run_1/tb) by extension 'python'
[0.654s] Level 1:colcon.colcon_core.package_identification:_identify(SAC_Dense_Hist/log/run_1/tb) by extensions ['python_setup_py']
[0.654s] Level 1:colcon.colcon_core.package_identification:_identify(SAC_Dense_Hist/log/run_1/tb) by extension 'python_setup_py'
[0.654s] Level 1:colcon.colcon_core.package_identification:_identify(SAC_Dense_Hist/log/run_1/tb/run_1) by extensions ['ignore', 'ignore_ament_install']
[0.654s] Level 1:colcon.colcon_core.package_identification:_identify(SAC_Dense_Hist/log/run_1/tb/run_1) by extension 'ignore'
[0.654s] Level 1:colcon.colcon_core.package_identification:_identify(SAC_Dense_Hist/log/run_1/tb/run_1) by extension 'ignore_ament_install'
[0.654s] Level 1:colcon.colcon_core.package_identification:_identify(SAC_Dense_Hist/log/run_1/tb/run_1) by extensions ['colcon_pkg']
[0.654s] Level 1:colcon.colcon_core.package_identification:_identify(SAC_Dense_Hist/log/run_1/tb/run_1) by extension 'colcon_pkg'
[0.654s] Level 1:colcon.colcon_core.package_identification:_identify(SAC_Dense_Hist/log/run_1/tb/run_1) by extensions ['colcon_meta']
[0.654s] Level 1:colcon.colcon_core.package_identification:_identify(SAC_Dense_Hist/log/run_1/tb/run_1) by extension 'colcon_meta'
[0.654s] Level 1:colcon.colcon_core.package_identification:_identify(SAC_Dense_Hist/log/run_1/tb/run_1) by extensions ['ros']
[0.654s] Level 1:colcon.colcon_core.package_identification:_identify(SAC_Dense_Hist/log/run_1/tb/run_1) by extension 'ros'
[0.654s] Level 1:colcon.colcon_core.package_identification:_identify(SAC_Dense_Hist/log/run_1/tb/run_1) by extensions ['cmake', 'python']
[0.654s] Level 1:colcon.colcon_core.package_identification:_identify(SAC_Dense_Hist/log/run_1/tb/run_1) by extension 'cmake'
[0.654s] Level 1:colcon.colcon_core.package_identification:_identify(SAC_Dense_Hist/log/run_1/tb/run_1) by extension 'python'
[0.655s] Level 1:colcon.colcon_core.package_identification:_identify(SAC_Dense_Hist/log/run_1/tb/run_1) by extensions ['python_setup_py']
[0.655s] Level 1:colcon.colcon_core.package_identification:_identify(SAC_Dense_Hist/log/run_1/tb/run_1) by extension 'python_setup_py'
[0.655s] Level 1:colcon.colcon_core.package_identification:_identify(SAC_Penalized) by extensions ['ignore', 'ignore_ament_install']
[0.655s] Level 1:colcon.colcon_core.package_identification:_identify(SAC_Penalized) by extension 'ignore'
[0.655s] Level 1:colcon.colcon_core.package_identification:_identify(SAC_Penalized) by extension 'ignore_ament_install'
[0.655s] Level 1:colcon.colcon_core.package_identification:_identify(SAC_Penalized) by extensions ['colcon_pkg']
[0.655s] Level 1:colcon.colcon_core.package_identification:_identify(SAC_Penalized) by extension 'colcon_pkg'
[0.655s] Level 1:colcon.colcon_core.package_identification:_identify(SAC_Penalized) by extensions ['colcon_meta']
[0.655s] Level 1:colcon.colcon_core.package_identification:_identify(SAC_Penalized) by extension 'colcon_meta'
[0.655s] Level 1:colcon.colcon_core.package_identification:_identify(SAC_Penalized) by extensions ['ros']
[0.655s] Level 1:colcon.colcon_core.package_identification:_identify(SAC_Penalized) by extension 'ros'
[0.655s] Level 1:colcon.colcon_core.package_identification:_identify(SAC_Penalized) by extensions ['cmake', 'python']
[0.655s] Level 1:colcon.colcon_core.package_identification:_identify(SAC_Penalized) by extension 'cmake'
[0.655s] Level 1:colcon.colcon_core.package_identification:_identify(SAC_Penalized) by extension 'python'
[0.655s] Level 1:colcon.colcon_core.package_identification:_identify(SAC_Penalized) by extensions ['python_setup_py']
[0.655s] Level 1:colcon.colcon_core.package_identification:_identify(SAC_Penalized) by extension 'python_setup_py'
[0.655s] Level 1:colcon.colcon_core.package_identification:_identify(SAC_Penalized/inference_results) by extensions ['ignore', 'ignore_ament_install']
[0.655s] Level 1:colcon.colcon_core.package_identification:_identify(SAC_Penalized/inference_results) by extension 'ignore'
[0.655s] Level 1:colcon.colcon_core.package_identification:_identify(SAC_Penalized/inference_results) by extension 'ignore_ament_install'
[0.656s] Level 1:colcon.colcon_core.package_identification:_identify(SAC_Penalized/inference_results) by extensions ['colcon_pkg']
[0.656s] Level 1:colcon.colcon_core.package_identification:_identify(SAC_Penalized/inference_results) by extension 'colcon_pkg'
[0.656s] Level 1:colcon.colcon_core.package_identification:_identify(SAC_Penalized/inference_results) by extensions ['colcon_meta']
[0.656s] Level 1:colcon.colcon_core.package_identification:_identify(SAC_Penalized/inference_results) by extension 'colcon_meta'
[0.656s] Level 1:colcon.colcon_core.package_identification:_identify(SAC_Penalized/inference_results) by extensions ['ros']
[0.656s] Level 1:colcon.colcon_core.package_identification:_identify(SAC_Penalized/inference_results) by extension 'ros'
[0.656s] Level 1:colcon.colcon_core.package_identification:_identify(SAC_Penalized/inference_results) by extensions ['cmake', 'python']
[0.656s] Level 1:colcon.colcon_core.package_identification:_identify(SAC_Penalized/inference_results) by extension 'cmake'
[0.656s] Level 1:colcon.colcon_core.package_identification:_identify(SAC_Penalized/inference_results) by extension 'python'
[0.656s] Level 1:colcon.colcon_core.package_identification:_identify(SAC_Penalized/inference_results) by extensions ['python_setup_py']
[0.656s] Level 1:colcon.colcon_core.package_identification:_identify(SAC_Penalized/inference_results) by extension 'python_setup_py'
[0.656s] Level 1:colcon.colcon_core.package_identification:_identify(SAC_Penalized/log) by extensions ['ignore', 'ignore_ament_install']
[0.656s] Level 1:colcon.colcon_core.package_identification:_identify(SAC_Penalized/log) by extension 'ignore'
[0.656s] Level 1:colcon.colcon_core.package_identification:_identify(SAC_Penalized/log) by extension 'ignore_ament_install'
[0.656s] Level 1:colcon.colcon_core.package_identification:_identify(SAC_Penalized/log) by extensions ['colcon_pkg']
[0.656s] Level 1:colcon.colcon_core.package_identification:_identify(SAC_Penalized/log) by extension 'colcon_pkg'
[0.656s] Level 1:colcon.colcon_core.package_identification:_identify(SAC_Penalized/log) by extensions ['colcon_meta']
[0.656s] Level 1:colcon.colcon_core.package_identification:_identify(SAC_Penalized/log) by extension 'colcon_meta'
[0.656s] Level 1:colcon.colcon_core.package_identification:_identify(SAC_Penalized/log) by extensions ['ros']
[0.656s] Level 1:colcon.colcon_core.package_identification:_identify(SAC_Penalized/log) by extension 'ros'
[0.656s] Level 1:colcon.colcon_core.package_identification:_identify(SAC_Penalized/log) by extensions ['cmake', 'python']
[0.656s] Level 1:colcon.colcon_core.package_identification:_identify(SAC_Penalized/log) by extension 'cmake'
[0.656s] Level 1:colcon.colcon_core.package_identification:_identify(SAC_Penalized/log) by extension 'python'
[0.656s] Level 1:colcon.colcon_core.package_identification:_identify(SAC_Penalized/log) by extensions ['python_setup_py']
[0.656s] Level 1:colcon.colcon_core.package_identification:_identify(SAC_Penalized/log) by extension 'python_setup_py'
[0.657s] Level 1:colcon.colcon_core.package_identification:_identify(SAC_Penalized/log/run_1) by extensions ['ignore', 'ignore_ament_install']
[0.657s] Level 1:colcon.colcon_core.package_identification:_identify(SAC_Penalized/log/run_1) by extension 'ignore'
[0.657s] Level 1:colcon.colcon_core.package_identification:_identify(SAC_Penalized/log/run_1) by extension 'ignore_ament_install'
[0.657s] Level 1:colcon.colcon_core.package_identification:_identify(SAC_Penalized/log/run_1) by extensions ['colcon_pkg']
[0.657s] Level 1:colcon.colcon_core.package_identification:_identify(SAC_Penalized/log/run_1) by extension 'colcon_pkg'
[0.657s] Level 1:colcon.colcon_core.package_identification:_identify(SAC_Penalized/log/run_1) by extensions ['colcon_meta']
[0.657s] Level 1:colcon.colcon_core.package_identification:_identify(SAC_Penalized/log/run_1) by extension 'colcon_meta'
[0.657s] Level 1:colcon.colcon_core.package_identification:_identify(SAC_Penalized/log/run_1) by extensions ['ros']
[0.657s] Level 1:colcon.colcon_core.package_identification:_identify(SAC_Penalized/log/run_1) by extension 'ros'
[0.657s] Level 1:colcon.colcon_core.package_identification:_identify(SAC_Penalized/log/run_1) by extensions ['cmake', 'python']
[0.657s] Level 1:colcon.colcon_core.package_identification:_identify(SAC_Penalized/log/run_1) by extension 'cmake'
[0.657s] Level 1:colcon.colcon_core.package_identification:_identify(SAC_Penalized/log/run_1) by extension 'python'
[0.657s] Level 1:colcon.colcon_core.package_identification:_identify(SAC_Penalized/log/run_1) by extensions ['python_setup_py']
[0.657s] Level 1:colcon.colcon_core.package_identification:_identify(SAC_Penalized/log/run_1) by extension 'python_setup_py'
[0.657s] Level 1:colcon.colcon_core.package_identification:_identify(SAC_Penalized/log/run_1/best_model) by extensions ['ignore', 'ignore_ament_install']
[0.657s] Level 1:colcon.colcon_core.package_identification:_identify(SAC_Penalized/log/run_1/best_model) by extension 'ignore'
[0.657s] Level 1:colcon.colcon_core.package_identification:_identify(SAC_Penalized/log/run_1/best_model) by extension 'ignore_ament_install'
[0.657s] Level 1:colcon.colcon_core.package_identification:_identify(SAC_Penalized/log/run_1/best_model) by extensions ['colcon_pkg']
[0.657s] Level 1:colcon.colcon_core.package_identification:_identify(SAC_Penalized/log/run_1/best_model) by extension 'colcon_pkg'
[0.657s] Level 1:colcon.colcon_core.package_identification:_identify(SAC_Penalized/log/run_1/best_model) by extensions ['colcon_meta']
[0.657s] Level 1:colcon.colcon_core.package_identification:_identify(SAC_Penalized/log/run_1/best_model) by extension 'colcon_meta'
[0.658s] Level 1:colcon.colcon_core.package_identification:_identify(SAC_Penalized/log/run_1/best_model) by extensions ['ros']
[0.658s] Level 1:colcon.colcon_core.package_identification:_identify(SAC_Penalized/log/run_1/best_model) by extension 'ros'
[0.658s] Level 1:colcon.colcon_core.package_identification:_identify(SAC_Penalized/log/run_1/best_model) by extensions ['cmake', 'python']
[0.658s] Level 1:colcon.colcon_core.package_identification:_identify(SAC_Penalized/log/run_1/best_model) by extension 'cmake'
[0.658s] Level 1:colcon.colcon_core.package_identification:_identify(SAC_Penalized/log/run_1/best_model) by extension 'python'
[0.658s] Level 1:colcon.colcon_core.package_identification:_identify(SAC_Penalized/log/run_1/best_model) by extensions ['python_setup_py']
[0.658s] Level 1:colcon.colcon_core.package_identification:_identify(SAC_Penalized/log/run_1/best_model) by extension 'python_setup_py'
[0.658s] Level 1:colcon.colcon_core.package_identification:_identify(SAC_Penalized/log/run_1/tb) by extensions ['ignore', 'ignore_ament_install']
[0.658s] Level 1:colcon.colcon_core.package_identification:_identify(SAC_Penalized/log/run_1/tb) by extension 'ignore'
[0.658s] Level 1:colcon.colcon_core.package_identification:_identify(SAC_Penalized/log/run_1/tb) by extension 'ignore_ament_install'
[0.658s] Level 1:colcon.colcon_core.package_identification:_identify(SAC_Penalized/log/run_1/tb) by extensions ['colcon_pkg']
[0.658s] Level 1:colcon.colcon_core.package_identification:_identify(SAC_Penalized/log/run_1/tb) by extension 'colcon_pkg'
[0.658s] Level 1:colcon.colcon_core.package_identification:_identify(SAC_Penalized/log/run_1/tb) by extensions ['colcon_meta']
[0.658s] Level 1:colcon.colcon_core.package_identification:_identify(SAC_Penalized/log/run_1/tb) by extension 'colcon_meta'
[0.658s] Level 1:colcon.colcon_core.package_identification:_identify(SAC_Penalized/log/run_1/tb) by extensions ['ros']
[0.658s] Level 1:colcon.colcon_core.package_identification:_identify(SAC_Penalized/log/run_1/tb) by extension 'ros'
[0.659s] Level 1:colcon.colcon_core.package_identification:_identify(SAC_Penalized/log/run_1/tb) by extensions ['cmake', 'python']
[0.659s] Level 1:colcon.colcon_core.package_identification:_identify(SAC_Penalized/log/run_1/tb) by extension 'cmake'
[0.659s] Level 1:colcon.colcon_core.package_identification:_identify(SAC_Penalized/log/run_1/tb) by extension 'python'
[0.659s] Level 1:colcon.colcon_core.package_identification:_identify(SAC_Penalized/log/run_1/tb) by extensions ['python_setup_py']
[0.659s] Level 1:colcon.colcon_core.package_identification:_identify(SAC_Penalized/log/run_1/tb) by extension 'python_setup_py'
[0.659s] Level 1:colcon.colcon_core.package_identification:_identify(SAC_Penalized/log/run_1/tb/run_1) by extensions ['ignore', 'ignore_ament_install']
[0.659s] Level 1:colcon.colcon_core.package_identification:_identify(SAC_Penalized/log/run_1/tb/run_1) by extension 'ignore'
[0.659s] Level 1:colcon.colcon_core.package_identification:_identify(SAC_Penalized/log/run_1/tb/run_1) by extension 'ignore_ament_install'
[0.659s] Level 1:colcon.colcon_core.package_identification:_identify(SAC_Penalized/log/run_1/tb/run_1) by extensions ['colcon_pkg']
[0.659s] Level 1:colcon.colcon_core.package_identification:_identify(SAC_Penalized/log/run_1/tb/run_1) by extension 'colcon_pkg'
[0.659s] Level 1:colcon.colcon_core.package_identification:_identify(SAC_Penalized/log/run_1/tb/run_1) by extensions ['colcon_meta']
[0.659s] Level 1:colcon.colcon_core.package_identification:_identify(SAC_Penalized/log/run_1/tb/run_1) by extension 'colcon_meta'
[0.659s] Level 1:colcon.colcon_core.package_identification:_identify(SAC_Penalized/log/run_1/tb/run_1) by extensions ['ros']
[0.659s] Level 1:colcon.colcon_core.package_identification:_identify(SAC_Penalized/log/run_1/tb/run_1) by extension 'ros'
[0.659s] Level 1:colcon.colcon_core.package_identification:_identify(SAC_Penalized/log/run_1/tb/run_1) by extensions ['cmake', 'python']
[0.659s] Level 1:colcon.colcon_core.package_identification:_identify(SAC_Penalized/log/run_1/tb/run_1) by extension 'cmake'
[0.660s] Level 1:colcon.colcon_core.package_identification:_identify(SAC_Penalized/log/run_1/tb/run_1) by extension 'python'
[0.660s] Level 1:colcon.colcon_core.package_identification:_identify(SAC_Penalized/log/run_1/tb/run_1) by extensions ['python_setup_py']
[0.660s] Level 1:colcon.colcon_core.package_identification:_identify(SAC_Penalized/log/run_1/tb/run_1) by extension 'python_setup_py'
[0.660s] Level 1:colcon.colcon_core.package_identification:_identify(SAC_Sparse_HER) by extensions ['ignore', 'ignore_ament_install']
[0.660s] Level 1:colcon.colcon_core.package_identification:_identify(SAC_Sparse_HER) by extension 'ignore'
[0.660s] Level 1:colcon.colcon_core.package_identification:_identify(SAC_Sparse_HER) by extension 'ignore_ament_install'
[0.660s] Level 1:colcon.colcon_core.package_identification:_identify(SAC_Sparse_HER) by extensions ['colcon_pkg']
[0.660s] Level 1:colcon.colcon_core.package_identification:_identify(SAC_Sparse_HER) by extension 'colcon_pkg'
[0.660s] Level 1:colcon.colcon_core.package_identification:_identify(SAC_Sparse_HER) by extensions ['colcon_meta']
[0.660s] Level 1:colcon.colcon_core.package_identification:_identify(SAC_Sparse_HER) by extension 'colcon_meta'
[0.660s] Level 1:colcon.colcon_core.package_identification:_identify(SAC_Sparse_HER) by extensions ['ros']
[0.660s] Level 1:colcon.colcon_core.package_identification:_identify(SAC_Sparse_HER) by extension 'ros'
[0.660s] Level 1:colcon.colcon_core.package_identification:_identify(SAC_Sparse_HER) by extensions ['cmake', 'python']
[0.660s] Level 1:colcon.colcon_core.package_identification:_identify(SAC_Sparse_HER) by extension 'cmake'
[0.660s] Level 1:colcon.colcon_core.package_identification:_identify(SAC_Sparse_HER) by extension 'python'
[0.660s] Level 1:colcon.colcon_core.package_identification:_identify(SAC_Sparse_HER) by extensions ['python_setup_py']
[0.660s] Level 1:colcon.colcon_core.package_identification:_identify(SAC_Sparse_HER) by extension 'python_setup_py'
[0.662s] Level 1:colcon.colcon_core.package_identification:_identify(SAC_Sparse_HER/__pycache__) by extensions ['ignore', 'ignore_ament_install']
[0.662s] Level 1:colcon.colcon_core.package_identification:_identify(SAC_Sparse_HER/__pycache__) by extension 'ignore'
[0.662s] Level 1:colcon.colcon_core.package_identification:_identify(SAC_Sparse_HER/__pycache__) by extension 'ignore_ament_install'
[0.662s] Level 1:colcon.colcon_core.package_identification:_identify(SAC_Sparse_HER/__pycache__) by extensions ['colcon_pkg']
[0.662s] Level 1:colcon.colcon_core.package_identification:_identify(SAC_Sparse_HER/__pycache__) by extension 'colcon_pkg'
[0.662s] Level 1:colcon.colcon_core.package_identification:_identify(SAC_Sparse_HER/__pycache__) by extensions ['colcon_meta']
[0.662s] Level 1:colcon.colcon_core.package_identification:_identify(SAC_Sparse_HER/__pycache__) by extension 'colcon_meta'
[0.662s] Level 1:colcon.colcon_core.package_identification:_identify(SAC_Sparse_HER/__pycache__) by extensions ['ros']
[0.662s] Level 1:colcon.colcon_core.package_identification:_identify(SAC_Sparse_HER/__pycache__) by extension 'ros'
[0.663s] Level 1:colcon.colcon_core.package_identification:_identify(SAC_Sparse_HER/__pycache__) by extensions ['cmake', 'python']
[0.663s] Level 1:colcon.colcon_core.package_identification:_identify(SAC_Sparse_HER/__pycache__) by extension 'cmake'
[0.663s] Level 1:colcon.colcon_core.package_identification:_identify(SAC_Sparse_HER/__pycache__) by extension 'python'
[0.663s] Level 1:colcon.colcon_core.package_identification:_identify(SAC_Sparse_HER/__pycache__) by extensions ['python_setup_py']
[0.663s] Level 1:colcon.colcon_core.package_identification:_identify(SAC_Sparse_HER/__pycache__) by extension 'python_setup_py'
[0.663s] Level 1:colcon.colcon_core.package_identification:_identify(SAC_Sparse_HER/build) by extensions ['ignore', 'ignore_ament_install']
[0.663s] Level 1:colcon.colcon_core.package_identification:_identify(SAC_Sparse_HER/build) by extension 'ignore'
[0.663s] Level 1:colcon.colcon_core.package_identification:_identify(SAC_Sparse_HER/build) ignored
[0.663s] Level 1:colcon.colcon_core.package_identification:_identify(SAC_Sparse_HER/inference_results) by extensions ['ignore', 'ignore_ament_install']
[0.663s] Level 1:colcon.colcon_core.package_identification:_identify(SAC_Sparse_HER/inference_results) by extension 'ignore'
[0.663s] Level 1:colcon.colcon_core.package_identification:_identify(SAC_Sparse_HER/inference_results) by extension 'ignore_ament_install'
[0.663s] Level 1:colcon.colcon_core.package_identification:_identify(SAC_Sparse_HER/inference_results) by extensions ['colcon_pkg']
[0.663s] Level 1:colcon.colcon_core.package_identification:_identify(SAC_Sparse_HER/inference_results) by extension 'colcon_pkg'
[0.664s] Level 1:colcon.colcon_core.package_identification:_identify(SAC_Sparse_HER/inference_results) by extensions ['colcon_meta']
[0.664s] Level 1:colcon.colcon_core.package_identification:_identify(SAC_Sparse_HER/inference_results) by extension 'colcon_meta'
[0.664s] Level 1:colcon.colcon_core.package_identification:_identify(SAC_Sparse_HER/inference_results) by extensions ['ros']
[0.664s] Level 1:colcon.colcon_core.package_identification:_identify(SAC_Sparse_HER/inference_results) by extension 'ros'
[0.664s] Level 1:colcon.colcon_core.package_identification:_identify(SAC_Sparse_HER/inference_results) by extensions ['cmake', 'python']
[0.664s] Level 1:colcon.colcon_core.package_identification:_identify(SAC_Sparse_HER/inference_results) by extension 'cmake'
[0.664s] Level 1:colcon.colcon_core.package_identification:_identify(SAC_Sparse_HER/inference_results) by extension 'python'
[0.664s] Level 1:colcon.colcon_core.package_identification:_identify(SAC_Sparse_HER/inference_results) by extensions ['python_setup_py']
[0.664s] Level 1:colcon.colcon_core.package_identification:_identify(SAC_Sparse_HER/inference_results) by extension 'python_setup_py'
[0.665s] Level 1:colcon.colcon_core.package_identification:_identify(SAC_Sparse_HER/install) by extensions ['ignore', 'ignore_ament_install']
[0.665s] Level 1:colcon.colcon_core.package_identification:_identify(SAC_Sparse_HER/install) by extension 'ignore'
[0.665s] Level 1:colcon.colcon_core.package_identification:_identify(SAC_Sparse_HER/install) ignored
[0.665s] Level 1:colcon.colcon_core.package_identification:_identify(SAC_Sparse_HER/log) by extensions ['ignore', 'ignore_ament_install']
[0.665s] Level 1:colcon.colcon_core.package_identification:_identify(SAC_Sparse_HER/log) by extension 'ignore'
[0.665s] Level 1:colcon.colcon_core.package_identification:_identify(SAC_Sparse_HER/log) ignored
[0.666s] Level 1:colcon.colcon_core.package_identification:_identify(SAC_Sparse_HER_Hist) by extensions ['ignore', 'ignore_ament_install']
[0.666s] Level 1:colcon.colcon_core.package_identification:_identify(SAC_Sparse_HER_Hist) by extension 'ignore'
[0.666s] Level 1:colcon.colcon_core.package_identification:_identify(SAC_Sparse_HER_Hist) by extension 'ignore_ament_install'
[0.666s] Level 1:colcon.colcon_core.package_identification:_identify(SAC_Sparse_HER_Hist) by extensions ['colcon_pkg']
[0.666s] Level 1:colcon.colcon_core.package_identification:_identify(SAC_Sparse_HER_Hist) by extension 'colcon_pkg'
[0.666s] Level 1:colcon.colcon_core.package_identification:_identify(SAC_Sparse_HER_Hist) by extensions ['colcon_meta']
[0.666s] Level 1:colcon.colcon_core.package_identification:_identify(SAC_Sparse_HER_Hist) by extension 'colcon_meta'
[0.666s] Level 1:colcon.colcon_core.package_identification:_identify(SAC_Sparse_HER_Hist) by extensions ['ros']
[0.666s] Level 1:colcon.colcon_core.package_identification:_identify(SAC_Sparse_HER_Hist) by extension 'ros'
[0.666s] Level 1:colcon.colcon_core.package_identification:_identify(SAC_Sparse_HER_Hist) by extensions ['cmake', 'python']
[0.666s] Level 1:colcon.colcon_core.package_identification:_identify(SAC_Sparse_HER_Hist) by extension 'cmake'
[0.666s] Level 1:colcon.colcon_core.package_identification:_identify(SAC_Sparse_HER_Hist) by extension 'python'
[0.666s] Level 1:colcon.colcon_core.package_identification:_identify(SAC_Sparse_HER_Hist) by extensions ['python_setup_py']
[0.666s] Level 1:colcon.colcon_core.package_identification:_identify(SAC_Sparse_HER_Hist) by extension 'python_setup_py'
[0.666s] Level 1:colcon.colcon_core.package_identification:_identify(SAC_Sparse_HER_Hist/__pycache__) by extensions ['ignore', 'ignore_ament_install']
[0.667s] Level 1:colcon.colcon_core.package_identification:_identify(SAC_Sparse_HER_Hist/__pycache__) by extension 'ignore'
[0.667s] Level 1:colcon.colcon_core.package_identification:_identify(SAC_Sparse_HER_Hist/__pycache__) by extension 'ignore_ament_install'
[0.667s] Level 1:colcon.colcon_core.package_identification:_identify(SAC_Sparse_HER_Hist/__pycache__) by extensions ['colcon_pkg']
[0.667s] Level 1:colcon.colcon_core.package_identification:_identify(SAC_Sparse_HER_Hist/__pycache__) by extension 'colcon_pkg'
[0.667s] Level 1:colcon.colcon_core.package_identification:_identify(SAC_Sparse_HER_Hist/__pycache__) by extensions ['colcon_meta']
[0.667s] Level 1:colcon.colcon_core.package_identification:_identify(SAC_Sparse_HER_Hist/__pycache__) by extension 'colcon_meta'
[0.667s] Level 1:colcon.colcon_core.package_identification:_identify(SAC_Sparse_HER_Hist/__pycache__) by extensions ['ros']
[0.667s] Level 1:colcon.colcon_core.package_identification:_identify(SAC_Sparse_HER_Hist/__pycache__) by extension 'ros'
[0.667s] Level 1:colcon.colcon_core.package_identification:_identify(SAC_Sparse_HER_Hist/__pycache__) by extensions ['cmake', 'python']
[0.667s] Level 1:colcon.colcon_core.package_identification:_identify(SAC_Sparse_HER_Hist/__pycache__) by extension 'cmake'
[0.667s] Level 1:colcon.colcon_core.package_identification:_identify(SAC_Sparse_HER_Hist/__pycache__) by extension 'python'
[0.667s] Level 1:colcon.colcon_core.package_identification:_identify(SAC_Sparse_HER_Hist/__pycache__) by extensions ['python_setup_py']
[0.667s] Level 1:colcon.colcon_core.package_identification:_identify(SAC_Sparse_HER_Hist/__pycache__) by extension 'python_setup_py'
[0.667s] Level 1:colcon.colcon_core.package_identification:_identify(SAC_Sparse_HER_Hist/inference_results) by extensions ['ignore', 'ignore_ament_install']
[0.667s] Level 1:colcon.colcon_core.package_identification:_identify(SAC_Sparse_HER_Hist/inference_results) by extension 'ignore'
[0.667s] Level 1:colcon.colcon_core.package_identification:_identify(SAC_Sparse_HER_Hist/inference_results) by extension 'ignore_ament_install'
[0.667s] Level 1:colcon.colcon_core.package_identification:_identify(SAC_Sparse_HER_Hist/inference_results) by extensions ['colcon_pkg']
[0.667s] Level 1:colcon.colcon_core.package_identification:_identify(SAC_Sparse_HER_Hist/inference_results) by extension 'colcon_pkg'
[0.667s] Level 1:colcon.colcon_core.package_identification:_identify(SAC_Sparse_HER_Hist/inference_results) by extensions ['colcon_meta']
[0.667s] Level 1:colcon.colcon_core.package_identification:_identify(SAC_Sparse_HER_Hist/inference_results) by extension 'colcon_meta'
[0.667s] Level 1:colcon.colcon_core.package_identification:_identify(SAC_Sparse_HER_Hist/inference_results) by extensions ['ros']
[0.667s] Level 1:colcon.colcon_core.package_identification:_identify(SAC_Sparse_HER_Hist/inference_results) by extension 'ros'
[0.667s] Level 1:colcon.colcon_core.package_identification:_identify(SAC_Sparse_HER_Hist/inference_results) by extensions ['cmake', 'python']
[0.667s] Level 1:colcon.colcon_core.package_identification:_identify(SAC_Sparse_HER_Hist/inference_results) by extension 'cmake'
[0.667s] Level 1:colcon.colcon_core.package_identification:_identify(SAC_Sparse_HER_Hist/inference_results) by extension 'python'
[0.667s] Level 1:colcon.colcon_core.package_identification:_identify(SAC_Sparse_HER_Hist/inference_results) by extensions ['python_setup_py']
[0.667s] Level 1:colcon.colcon_core.package_identification:_identify(SAC_Sparse_HER_Hist/inference_results) by extension 'python_setup_py'
[0.668s] Level 1:colcon.colcon_core.package_identification:_identify(SAC_Sparse_HER_Hist/log) by extensions ['ignore', 'ignore_ament_install']
[0.668s] Level 1:colcon.colcon_core.package_identification:_identify(SAC_Sparse_HER_Hist/log) by extension 'ignore'
[0.668s] Level 1:colcon.colcon_core.package_identification:_identify(SAC_Sparse_HER_Hist/log) by extension 'ignore_ament_install'
[0.668s] Level 1:colcon.colcon_core.package_identification:_identify(SAC_Sparse_HER_Hist/log) by extensions ['colcon_pkg']
[0.668s] Level 1:colcon.colcon_core.package_identification:_identify(SAC_Sparse_HER_Hist/log) by extension 'colcon_pkg'
[0.668s] Level 1:colcon.colcon_core.package_identification:_identify(SAC_Sparse_HER_Hist/log) by extensions ['colcon_meta']
[0.668s] Level 1:colcon.colcon_core.package_identification:_identify(SAC_Sparse_HER_Hist/log) by extension 'colcon_meta'
[0.668s] Level 1:colcon.colcon_core.package_identification:_identify(SAC_Sparse_HER_Hist/log) by extensions ['ros']
[0.668s] Level 1:colcon.colcon_core.package_identification:_identify(SAC_Sparse_HER_Hist/log) by extension 'ros'
[0.668s] Level 1:colcon.colcon_core.package_identification:_identify(SAC_Sparse_HER_Hist/log) by extensions ['cmake', 'python']
[0.668s] Level 1:colcon.colcon_core.package_identification:_identify(SAC_Sparse_HER_Hist/log) by extension 'cmake'
[0.668s] Level 1:colcon.colcon_core.package_identification:_identify(SAC_Sparse_HER_Hist/log) by extension 'python'
[0.668s] Level 1:colcon.colcon_core.package_identification:_identify(SAC_Sparse_HER_Hist/log) by extensions ['python_setup_py']
[0.668s] Level 1:colcon.colcon_core.package_identification:_identify(SAC_Sparse_HER_Hist/log) by extension 'python_setup_py'
[0.668s] Level 1:colcon.colcon_core.package_identification:_identify(SAC_Sparse_HER_Hist/log/run_1) by extensions ['ignore', 'ignore_ament_install']
[0.668s] Level 1:colcon.colcon_core.package_identification:_identify(SAC_Sparse_HER_Hist/log/run_1) by extension 'ignore'
[0.668s] Level 1:colcon.colcon_core.package_identification:_identify(SAC_Sparse_HER_Hist/log/run_1) by extension 'ignore_ament_install'
[0.668s] Level 1:colcon.colcon_core.package_identification:_identify(SAC_Sparse_HER_Hist/log/run_1) by extensions ['colcon_pkg']
[0.668s] Level 1:colcon.colcon_core.package_identification:_identify(SAC_Sparse_HER_Hist/log/run_1) by extension 'colcon_pkg'
[0.668s] Level 1:colcon.colcon_core.package_identification:_identify(SAC_Sparse_HER_Hist/log/run_1) by extensions ['colcon_meta']
[0.668s] Level 1:colcon.colcon_core.package_identification:_identify(SAC_Sparse_HER_Hist/log/run_1) by extension 'colcon_meta'
[0.668s] Level 1:colcon.colcon_core.package_identification:_identify(SAC_Sparse_HER_Hist/log/run_1) by extensions ['ros']
[0.668s] Level 1:colcon.colcon_core.package_identification:_identify(SAC_Sparse_HER_Hist/log/run_1) by extension 'ros'
[0.668s] Level 1:colcon.colcon_core.package_identification:_identify(SAC_Sparse_HER_Hist/log/run_1) by extensions ['cmake', 'python']
[0.668s] Level 1:colcon.colcon_core.package_identification:_identify(SAC_Sparse_HER_Hist/log/run_1) by extension 'cmake'
[0.668s] Level 1:colcon.colcon_core.package_identification:_identify(SAC_Sparse_HER_Hist/log/run_1) by extension 'python'
[0.668s] Level 1:colcon.colcon_core.package_identification:_identify(SAC_Sparse_HER_Hist/log/run_1) by extensions ['python_setup_py']
[0.668s] Level 1:colcon.colcon_core.package_identification:_identify(SAC_Sparse_HER_Hist/log/run_1) by extension 'python_setup_py'
[0.669s] Level 1:colcon.colcon_core.package_identification:_identify(SAC_Sparse_HER_Hist/log/run_1/best_model) by extensions ['ignore', 'ignore_ament_install']
[0.669s] Level 1:colcon.colcon_core.package_identification:_identify(SAC_Sparse_HER_Hist/log/run_1/best_model) by extension 'ignore'
[0.669s] Level 1:colcon.colcon_core.package_identification:_identify(SAC_Sparse_HER_Hist/log/run_1/best_model) by extension 'ignore_ament_install'
[0.669s] Level 1:colcon.colcon_core.package_identification:_identify(SAC_Sparse_HER_Hist/log/run_1/best_model) by extensions ['colcon_pkg']
[0.669s] Level 1:colcon.colcon_core.package_identification:_identify(SAC_Sparse_HER_Hist/log/run_1/best_model) by extension 'colcon_pkg'
[0.669s] Level 1:colcon.colcon_core.package_identification:_identify(SAC_Sparse_HER_Hist/log/run_1/best_model) by extensions ['colcon_meta']
[0.669s] Level 1:colcon.colcon_core.package_identification:_identify(SAC_Sparse_HER_Hist/log/run_1/best_model) by extension 'colcon_meta'
[0.669s] Level 1:colcon.colcon_core.package_identification:_identify(SAC_Sparse_HER_Hist/log/run_1/best_model) by extensions ['ros']
[0.669s] Level 1:colcon.colcon_core.package_identification:_identify(SAC_Sparse_HER_Hist/log/run_1/best_model) by extension 'ros'
[0.669s] Level 1:colcon.colcon_core.package_identification:_identify(SAC_Sparse_HER_Hist/log/run_1/best_model) by extensions ['cmake', 'python']
[0.669s] Level 1:colcon.colcon_core.package_identification:_identify(SAC_Sparse_HER_Hist/log/run_1/best_model) by extension 'cmake'
[0.669s] Level 1:colcon.colcon_core.package_identification:_identify(SAC_Sparse_HER_Hist/log/run_1/best_model) by extension 'python'
[0.669s] Level 1:colcon.colcon_core.package_identification:_identify(SAC_Sparse_HER_Hist/log/run_1/best_model) by extensions ['python_setup_py']
[0.669s] Level 1:colcon.colcon_core.package_identification:_identify(SAC_Sparse_HER_Hist/log/run_1/best_model) by extension 'python_setup_py'
[0.669s] Level 1:colcon.colcon_core.package_identification:_identify(SAC_Sparse_HER_Hist/log/run_1/tb) by extensions ['ignore', 'ignore_ament_install']
[0.669s] Level 1:colcon.colcon_core.package_identification:_identify(SAC_Sparse_HER_Hist/log/run_1/tb) by extension 'ignore'
[0.669s] Level 1:colcon.colcon_core.package_identification:_identify(SAC_Sparse_HER_Hist/log/run_1/tb) by extension 'ignore_ament_install'
[0.669s] Level 1:colcon.colcon_core.package_identification:_identify(SAC_Sparse_HER_Hist/log/run_1/tb) by extensions ['colcon_pkg']
[0.669s] Level 1:colcon.colcon_core.package_identification:_identify(SAC_Sparse_HER_Hist/log/run_1/tb) by extension 'colcon_pkg'
[0.669s] Level 1:colcon.colcon_core.package_identification:_identify(SAC_Sparse_HER_Hist/log/run_1/tb) by extensions ['colcon_meta']
[0.669s] Level 1:colcon.colcon_core.package_identification:_identify(SAC_Sparse_HER_Hist/log/run_1/tb) by extension 'colcon_meta'
[0.669s] Level 1:colcon.colcon_core.package_identification:_identify(SAC_Sparse_HER_Hist/log/run_1/tb) by extensions ['ros']
[0.669s] Level 1:colcon.colcon_core.package_identification:_identify(SAC_Sparse_HER_Hist/log/run_1/tb) by extension 'ros'
[0.669s] Level 1:colcon.colcon_core.package_identification:_identify(SAC_Sparse_HER_Hist/log/run_1/tb) by extensions ['cmake', 'python']
[0.669s] Level 1:colcon.colcon_core.package_identification:_identify(SAC_Sparse_HER_Hist/log/run_1/tb) by extension 'cmake'
[0.669s] Level 1:colcon.colcon_core.package_identification:_identify(SAC_Sparse_HER_Hist/log/run_1/tb) by extension 'python'
[0.669s] Level 1:colcon.colcon_core.package_identification:_identify(SAC_Sparse_HER_Hist/log/run_1/tb) by extensions ['python_setup_py']
[0.669s] Level 1:colcon.colcon_core.package_identification:_identify(SAC_Sparse_HER_Hist/log/run_1/tb) by extension 'python_setup_py'
[0.670s] Level 1:colcon.colcon_core.package_identification:_identify(SAC_Sparse_HER_Hist/log/run_1/tb/run_1) by extensions ['ignore', 'ignore_ament_install']
[0.670s] Level 1:colcon.colcon_core.package_identification:_identify(SAC_Sparse_HER_Hist/log/run_1/tb/run_1) by extension 'ignore'
[0.670s] Level 1:colcon.colcon_core.package_identification:_identify(SAC_Sparse_HER_Hist/log/run_1/tb/run_1) by extension 'ignore_ament_install'
[0.670s] Level 1:colcon.colcon_core.package_identification:_identify(SAC_Sparse_HER_Hist/log/run_1/tb/run_1) by extensions ['colcon_pkg']
[0.670s] Level 1:colcon.colcon_core.package_identification:_identify(SAC_Sparse_HER_Hist/log/run_1/tb/run_1) by extension 'colcon_pkg'
[0.670s] Level 1:colcon.colcon_core.package_identification:_identify(SAC_Sparse_HER_Hist/log/run_1/tb/run_1) by extensions ['colcon_meta']
[0.670s] Level 1:colcon.colcon_core.package_identification:_identify(SAC_Sparse_HER_Hist/log/run_1/tb/run_1) by extension 'colcon_meta'
[0.670s] Level 1:colcon.colcon_core.package_identification:_identify(SAC_Sparse_HER_Hist/log/run_1/tb/run_1) by extensions ['ros']
[0.670s] Level 1:colcon.colcon_core.package_identification:_identify(SAC_Sparse_HER_Hist/log/run_1/tb/run_1) by extension 'ros'
[0.670s] Level 1:colcon.colcon_core.package_identification:_identify(SAC_Sparse_HER_Hist/log/run_1/tb/run_1) by extensions ['cmake', 'python']
[0.670s] Level 1:colcon.colcon_core.package_identification:_identify(SAC_Sparse_HER_Hist/log/run_1/tb/run_1) by extension 'cmake'
[0.670s] Level 1:colcon.colcon_core.package_identification:_identify(SAC_Sparse_HER_Hist/log/run_1/tb/run_1) by extension 'python'
[0.670s] Level 1:colcon.colcon_core.package_identification:_identify(SAC_Sparse_HER_Hist/log/run_1/tb/run_1) by extensions ['python_setup_py']
[0.670s] Level 1:colcon.colcon_core.package_identification:_identify(SAC_Sparse_HER_Hist/log/run_1/tb/run_1) by extension 'python_setup_py'
[0.670s] Level 1:colcon.colcon_core.package_identification:_identify(SAC_Sparse_HER_Hist/log/run_2) by extensions ['ignore', 'ignore_ament_install']
[0.670s] Level 1:colcon.colcon_core.package_identification:_identify(SAC_Sparse_HER_Hist/log/run_2) by extension 'ignore'
[0.670s] Level 1:colcon.colcon_core.package_identification:_identify(SAC_Sparse_HER_Hist/log/run_2) by extension 'ignore_ament_install'
[0.670s] Level 1:colcon.colcon_core.package_identification:_identify(SAC_Sparse_HER_Hist/log/run_2) by extensions ['colcon_pkg']
[0.670s] Level 1:colcon.colcon_core.package_identification:_identify(SAC_Sparse_HER_Hist/log/run_2) by extension 'colcon_pkg'
[0.670s] Level 1:colcon.colcon_core.package_identification:_identify(SAC_Sparse_HER_Hist/log/run_2) by extensions ['colcon_meta']
[0.670s] Level 1:colcon.colcon_core.package_identification:_identify(SAC_Sparse_HER_Hist/log/run_2) by extension 'colcon_meta'
[0.670s] Level 1:colcon.colcon_core.package_identification:_identify(SAC_Sparse_HER_Hist/log/run_2) by extensions ['ros']
[0.670s] Level 1:colcon.colcon_core.package_identification:_identify(SAC_Sparse_HER_Hist/log/run_2) by extension 'ros'
[0.670s] Level 1:colcon.colcon_core.package_identification:_identify(SAC_Sparse_HER_Hist/log/run_2) by extensions ['cmake', 'python']
[0.670s] Level 1:colcon.colcon_core.package_identification:_identify(SAC_Sparse_HER_Hist/log/run_2) by extension 'cmake'
[0.670s] Level 1:colcon.colcon_core.package_identification:_identify(SAC_Sparse_HER_Hist/log/run_2) by extension 'python'
[0.670s] Level 1:colcon.colcon_core.package_identification:_identify(SAC_Sparse_HER_Hist/log/run_2) by extensions ['python_setup_py']
[0.671s] Level 1:colcon.colcon_core.package_identification:_identify(SAC_Sparse_HER_Hist/log/run_2) by extension 'python_setup_py'
[0.671s] Level 1:colcon.colcon_core.package_identification:_identify(SAC_Sparse_HER_Hist/log/run_3) by extensions ['ignore', 'ignore_ament_install']
[0.671s] Level 1:colcon.colcon_core.package_identification:_identify(SAC_Sparse_HER_Hist/log/run_3) by extension 'ignore'
[0.671s] Level 1:colcon.colcon_core.package_identification:_identify(SAC_Sparse_HER_Hist/log/run_3) by extension 'ignore_ament_install'
[0.671s] Level 1:colcon.colcon_core.package_identification:_identify(SAC_Sparse_HER_Hist/log/run_3) by extensions ['colcon_pkg']
[0.671s] Level 1:colcon.colcon_core.package_identification:_identify(SAC_Sparse_HER_Hist/log/run_3) by extension 'colcon_pkg'
[0.671s] Level 1:colcon.colcon_core.package_identification:_identify(SAC_Sparse_HER_Hist/log/run_3) by extensions ['colcon_meta']
[0.671s] Level 1:colcon.colcon_core.package_identification:_identify(SAC_Sparse_HER_Hist/log/run_3) by extension 'colcon_meta'
[0.671s] Level 1:colcon.colcon_core.package_identification:_identify(SAC_Sparse_HER_Hist/log/run_3) by extensions ['ros']
[0.671s] Level 1:colcon.colcon_core.package_identification:_identify(SAC_Sparse_HER_Hist/log/run_3) by extension 'ros'
[0.671s] Level 1:colcon.colcon_core.package_identification:_identify(SAC_Sparse_HER_Hist/log/run_3) by extensions ['cmake', 'python']
[0.671s] Level 1:colcon.colcon_core.package_identification:_identify(SAC_Sparse_HER_Hist/log/run_3) by extension 'cmake'
[0.671s] Level 1:colcon.colcon_core.package_identification:_identify(SAC_Sparse_HER_Hist/log/run_3) by extension 'python'
[0.671s] Level 1:colcon.colcon_core.package_identification:_identify(SAC_Sparse_HER_Hist/log/run_3) by extensions ['python_setup_py']
[0.671s] Level 1:colcon.colcon_core.package_identification:_identify(SAC_Sparse_HER_Hist/log/run_3) by extension 'python_setup_py'
[0.671s] Level 1:colcon.colcon_core.package_identification:_identify(__pycache__) by extensions ['ignore', 'ignore_ament_install']
[0.671s] Level 1:colcon.colcon_core.package_identification:_identify(__pycache__) by extension 'ignore'
[0.671s] Level 1:colcon.colcon_core.package_identification:_identify(__pycache__) by extension 'ignore_ament_install'
[0.671s] Level 1:colcon.colcon_core.package_identification:_identify(__pycache__) by extensions ['colcon_pkg']
[0.672s] Level 1:colcon.colcon_core.package_identification:_identify(__pycache__) by extension 'colcon_pkg'
[0.672s] Level 1:colcon.colcon_core.package_identification:_identify(__pycache__) by extensions ['colcon_meta']
[0.672s] Level 1:colcon.colcon_core.package_identification:_identify(__pycache__) by extension 'colcon_meta'
[0.672s] Level 1:colcon.colcon_core.package_identification:_identify(__pycache__) by extensions ['ros']
[0.672s] Level 1:colcon.colcon_core.package_identification:_identify(__pycache__) by extension 'ros'
[0.672s] Level 1:colcon.colcon_core.package_identification:_identify(__pycache__) by extensions ['cmake', 'python']
[0.672s] Level 1:colcon.colcon_core.package_identification:_identify(__pycache__) by extension 'cmake'
[0.672s] Level 1:colcon.colcon_core.package_identification:_identify(__pycache__) by extension 'python'
[0.672s] Level 1:colcon.colcon_core.package_identification:_identify(__pycache__) by extensions ['python_setup_py']
[0.672s] Level 1:colcon.colcon_core.package_identification:_identify(__pycache__) by extension 'python_setup_py'
[0.672s] Level 1:colcon.colcon_core.package_identification:_identify(assets) by extensions ['ignore', 'ignore_ament_install']
[0.672s] Level 1:colcon.colcon_core.package_identification:_identify(assets) by extension 'ignore'
[0.672s] Level 1:colcon.colcon_core.package_identification:_identify(assets) by extension 'ignore_ament_install'
[0.672s] Level 1:colcon.colcon_core.package_identification:_identify(assets) by extensions ['colcon_pkg']
[0.672s] Level 1:colcon.colcon_core.package_identification:_identify(assets) by extension 'colcon_pkg'
[0.672s] Level 1:colcon.colcon_core.package_identification:_identify(assets) by extensions ['colcon_meta']
[0.672s] Level 1:colcon.colcon_core.package_identification:_identify(assets) by extension 'colcon_meta'
[0.672s] Level 1:colcon.colcon_core.package_identification:_identify(assets) by extensions ['ros']
[0.672s] Level 1:colcon.colcon_core.package_identification:_identify(assets) by extension 'ros'
[0.672s] Level 1:colcon.colcon_core.package_identification:_identify(assets) by extensions ['cmake', 'python']
[0.672s] Level 1:colcon.colcon_core.package_identification:_identify(assets) by extension 'cmake'
[0.672s] Level 1:colcon.colcon_core.package_identification:_identify(assets) by extension 'python'
[0.672s] Level 1:colcon.colcon_core.package_identification:_identify(assets) by extensions ['python_setup_py']
[0.672s] Level 1:colcon.colcon_core.package_identification:_identify(assets) by extension 'python_setup_py'
[0.672s] Level 1:colcon.colcon_core.package_identification:_identify(assets/bunker) by extensions ['ignore', 'ignore_ament_install']
[0.672s] Level 1:colcon.colcon_core.package_identification:_identify(assets/bunker) by extension 'ignore'
[0.672s] Level 1:colcon.colcon_core.package_identification:_identify(assets/bunker) by extension 'ignore_ament_install'
[0.673s] Level 1:colcon.colcon_core.package_identification:_identify(assets/bunker) by extensions ['colcon_pkg']
[0.673s] Level 1:colcon.colcon_core.package_identification:_identify(assets/bunker) by extension 'colcon_pkg'
[0.673s] Level 1:colcon.colcon_core.package_identification:_identify(assets/bunker) by extensions ['colcon_meta']
[0.673s] Level 1:colcon.colcon_core.package_identification:_identify(assets/bunker) by extension 'colcon_meta'
[0.673s] Level 1:colcon.colcon_core.package_identification:_identify(assets/bunker) by extensions ['ros']
[0.673s] Level 1:colcon.colcon_core.package_identification:_identify(assets/bunker) by extension 'ros'
[0.673s] Level 1:colcon.colcon_core.package_identification:_identify(assets/bunker) by extensions ['cmake', 'python']
[0.673s] Level 1:colcon.colcon_core.package_identification:_identify(assets/bunker) by extension 'cmake'
[0.673s] Level 1:colcon.colcon_core.package_identification:_identify(assets/bunker) by extension 'python'
[0.673s] Level 1:colcon.colcon_core.package_identification:_identify(assets/bunker) by extensions ['python_setup_py']
[0.673s] Level 1:colcon.colcon_core.package_identification:_identify(assets/bunker) by extension 'python_setup_py'
[0.673s] Level 1:colcon.colcon_core.package_identification:_identify(assets/worlds) by extensions ['ignore', 'ignore_ament_install']
[0.673s] Level 1:colcon.colcon_core.package_identification:_identify(assets/worlds) by extension 'ignore'
[0.673s] Level 1:colcon.colcon_core.package_identification:_identify(assets/worlds) by extension 'ignore_ament_install'
[0.673s] Level 1:colcon.colcon_core.package_identification:_identify(assets/worlds) by extensions ['colcon_pkg']
[0.673s] Level 1:colcon.colcon_core.package_identification:_identify(assets/worlds) by extension 'colcon_pkg'
[0.673s] Level 1:colcon.colcon_core.package_identification:_identify(assets/worlds) by extensions ['colcon_meta']
[0.673s] Level 1:colcon.colcon_core.package_identification:_identify(assets/worlds) by extension 'colcon_meta'
[0.673s] Level 1:colcon.colcon_core.package_identification:_identify(assets/worlds) by extensions ['ros']
[0.673s] Level 1:colcon.colcon_core.package_identification:_identify(assets/worlds) by extension 'ros'
[0.673s] Level 1:colcon.colcon_core.package_identification:_identify(assets/worlds) by extensions ['cmake', 'python']
[0.674s] Level 1:colcon.colcon_core.package_identification:_identify(assets/worlds) by extension 'cmake'
[0.674s] Level 1:colcon.colcon_core.package_identification:_identify(assets/worlds) by extension 'python'
[0.674s] Level 1:colcon.colcon_core.package_identification:_identify(assets/worlds) by extensions ['python_setup_py']
[0.674s] Level 1:colcon.colcon_core.package_identification:_identify(assets/worlds) by extension 'python_setup_py'
[0.674s] Level 1:colcon.colcon_core.package_identification:_identify(assets/worlds/test) by extensions ['ignore', 'ignore_ament_install']
[0.674s] Level 1:colcon.colcon_core.package_identification:_identify(assets/worlds/test) by extension 'ignore'
[0.674s] Level 1:colcon.colcon_core.package_identification:_identify(assets/worlds/test) by extension 'ignore_ament_install'
[0.674s] Level 1:colcon.colcon_core.package_identification:_identify(assets/worlds/test) by extensions ['colcon_pkg']
[0.674s] Level 1:colcon.colcon_core.package_identification:_identify(assets/worlds/test) by extension 'colcon_pkg'
[0.675s] Level 1:colcon.colcon_core.package_identification:_identify(assets/worlds/test) by extensions ['colcon_meta']
[0.675s] Level 1:colcon.colcon_core.package_identification:_identify(assets/worlds/test) by extension 'colcon_meta'
[0.675s] Level 1:colcon.colcon_core.package_identification:_identify(assets/worlds/test) by extensions ['ros']
[0.675s] Level 1:colcon.colcon_core.package_identification:_identify(assets/worlds/test) by extension 'ros'
[0.675s] Level 1:colcon.colcon_core.package_identification:_identify(assets/worlds/test) by extensions ['cmake', 'python']
[0.675s] Level 1:colcon.colcon_core.package_identification:_identify(assets/worlds/test) by extension 'cmake'
[0.675s] Level 1:colcon.colcon_core.package_identification:_identify(assets/worlds/test) by extension 'python'
[0.675s] Level 1:colcon.colcon_core.package_identification:_identify(assets/worlds/test) by extensions ['python_setup_py']
[0.675s] Level 1:colcon.colcon_core.package_identification:_identify(assets/worlds/test) by extension 'python_setup_py'
[0.675s] Level 1:colcon.colcon_core.package_identification:_identify(assets/worlds/train) by extensions ['ignore', 'ignore_ament_install']
[0.676s] Level 1:colcon.colcon_core.package_identification:_identify(assets/worlds/train) by extension 'ignore'
[0.676s] Level 1:colcon.colcon_core.package_identification:_identify(assets/worlds/train) by extension 'ignore_ament_install'
[0.676s] Level 1:colcon.colcon_core.package_identification:_identify(assets/worlds/train) by extensions ['colcon_pkg']
[0.676s] Level 1:colcon.colcon_core.package_identification:_identify(assets/worlds/train) by extension 'colcon_pkg'
[0.676s] Level 1:colcon.colcon_core.package_identification:_identify(assets/worlds/train) by extensions ['colcon_meta']
[0.676s] Level 1:colcon.colcon_core.package_identification:_identify(assets/worlds/train) by extension 'colcon_meta'
[0.676s] Level 1:colcon.colcon_core.package_identification:_identify(assets/worlds/train) by extensions ['ros']
[0.676s] Level 1:colcon.colcon_core.package_identification:_identify(assets/worlds/train) by extension 'ros'
[0.676s] Level 1:colcon.colcon_core.package_identification:_identify(assets/worlds/train) by extensions ['cmake', 'python']
[0.676s] Level 1:colcon.colcon_core.package_identification:_identify(assets/worlds/train) by extension 'cmake'
[0.676s] Level 1:colcon.colcon_core.package_identification:_identify(assets/worlds/train) by extension 'python'
[0.676s] Level 1:colcon.colcon_core.package_identification:_identify(assets/worlds/train) by extensions ['python_setup_py']
[0.676s] Level 1:colcon.colcon_core.package_identification:_identify(assets/worlds/train) by extension 'python_setup_py'
[0.677s] Level 1:colcon.colcon_core.package_identification:_identify(assets/worlds/val) by extensions ['ignore', 'ignore_ament_install']
[0.677s] Level 1:colcon.colcon_core.package_identification:_identify(assets/worlds/val) by extension 'ignore'
[0.677s] Level 1:colcon.colcon_core.package_identification:_identify(assets/worlds/val) by extension 'ignore_ament_install'
[0.677s] Level 1:colcon.colcon_core.package_identification:_identify(assets/worlds/val) by extensions ['colcon_pkg']
[0.677s] Level 1:colcon.colcon_core.package_identification:_identify(assets/worlds/val) by extension 'colcon_pkg'
[0.677s] Level 1:colcon.colcon_core.package_identification:_identify(assets/worlds/val) by extensions ['colcon_meta']
[0.677s] Level 1:colcon.colcon_core.package_identification:_identify(assets/worlds/val) by extension 'colcon_meta'
[0.677s] Level 1:colcon.colcon_core.package_identification:_identify(assets/worlds/val) by extensions ['ros']
[0.677s] Level 1:colcon.colcon_core.package_identification:_identify(assets/worlds/val) by extension 'ros'
[0.677s] Level 1:colcon.colcon_core.package_identification:_identify(assets/worlds/val) by extensions ['cmake', 'python']
[0.677s] Level 1:colcon.colcon_core.package_identification:_identify(assets/worlds/val) by extension 'cmake'
[0.677s] Level 1:colcon.colcon_core.package_identification:_identify(assets/worlds/val) by extension 'python'
[0.677s] Level 1:colcon.colcon_core.package_identification:_identify(assets/worlds/val) by extensions ['python_setup_py']
[0.677s] Level 1:colcon.colcon_core.package_identification:_identify(assets/worlds/val) by extension 'python_setup_py'
[0.677s] Level 1:colcon.colcon_core.package_identification:_identify(build) by extensions ['ignore', 'ignore_ament_install']
[0.677s] Level 1:colcon.colcon_core.package_identification:_identify(build) by extension 'ignore'
[0.677s] Level 1:colcon.colcon_core.package_identification:_identify(build) ignored
[0.677s] Level 1:colcon.colcon_core.package_identification:_identify(install) by extensions ['ignore', 'ignore_ament_install']
[0.677s] Level 1:colcon.colcon_core.package_identification:_identify(install) by extension 'ignore'
[0.677s] Level 1:colcon.colcon_core.package_identification:_identify(install) ignored
[0.677s] Level 1:colcon.colcon_core.package_identification:_identify(lib) by extensions ['ignore', 'ignore_ament_install']
[0.678s] Level 1:colcon.colcon_core.package_identification:_identify(lib) by extension 'ignore'
[0.678s] Level 1:colcon.colcon_core.package_identification:_identify(lib) by extension 'ignore_ament_install'
[0.678s] Level 1:colcon.colcon_core.package_identification:_identify(lib) by extensions ['colcon_pkg']
[0.678s] Level 1:colcon.colcon_core.package_identification:_identify(lib) by extension 'colcon_pkg'
[0.678s] Level 1:colcon.colcon_core.package_identification:_identify(lib) by extensions ['colcon_meta']
[0.678s] Level 1:colcon.colcon_core.package_identification:_identify(lib) by extension 'colcon_meta'
[0.678s] Level 1:colcon.colcon_core.package_identification:_identify(lib) by extensions ['ros']
[0.678s] Level 1:colcon.colcon_core.package_identification:_identify(lib) by extension 'ros'
[0.678s] Level 1:colcon.colcon_core.package_identification:_identify(lib) by extensions ['cmake', 'python']
[0.678s] Level 1:colcon.colcon_core.package_identification:_identify(lib) by extension 'cmake'
[0.678s] Level 1:colcon.colcon_core.package_identification:_identify(lib) by extension 'python'
[0.678s] Level 1:colcon.colcon_core.package_identification:_identify(lib) by extensions ['python_setup_py']
[0.678s] Level 1:colcon.colcon_core.package_identification:_identify(lib) by extension 'python_setup_py'
[0.679s] Level 1:colcon.colcon_core.package_identification:_identify(lib/__pycache__) by extensions ['ignore', 'ignore_ament_install']
[0.679s] Level 1:colcon.colcon_core.package_identification:_identify(lib/__pycache__) by extension 'ignore'
[0.679s] Level 1:colcon.colcon_core.package_identification:_identify(lib/__pycache__) by extension 'ignore_ament_install'
[0.679s] Level 1:colcon.colcon_core.package_identification:_identify(lib/__pycache__) by extensions ['colcon_pkg']
[0.679s] Level 1:colcon.colcon_core.package_identification:_identify(lib/__pycache__) by extension 'colcon_pkg'
[0.679s] Level 1:colcon.colcon_core.package_identification:_identify(lib/__pycache__) by extensions ['colcon_meta']
[0.679s] Level 1:colcon.colcon_core.package_identification:_identify(lib/__pycache__) by extension 'colcon_meta'
[0.679s] Level 1:colcon.colcon_core.package_identification:_identify(lib/__pycache__) by extensions ['ros']
[0.679s] Level 1:colcon.colcon_core.package_identification:_identify(lib/__pycache__) by extension 'ros'
[0.679s] Level 1:colcon.colcon_core.package_identification:_identify(lib/__pycache__) by extensions ['cmake', 'python']
[0.679s] Level 1:colcon.colcon_core.package_identification:_identify(lib/__pycache__) by extension 'cmake'
[0.679s] Level 1:colcon.colcon_core.package_identification:_identify(lib/__pycache__) by extension 'python'
[0.679s] Level 1:colcon.colcon_core.package_identification:_identify(lib/__pycache__) by extensions ['python_setup_py']
[0.679s] Level 1:colcon.colcon_core.package_identification:_identify(lib/__pycache__) by extension 'python_setup_py'
[0.680s] Level 1:colcon.colcon_core.package_identification:_identify(log) by extensions ['ignore', 'ignore_ament_install']
[0.680s] Level 1:colcon.colcon_core.package_identification:_identify(log) by extension 'ignore'
[0.680s] Level 1:colcon.colcon_core.package_identification:_identify(log) ignored
[0.680s] Level 1:colcon.colcon_core.package_identification:_identify(media) by extensions ['ignore', 'ignore_ament_install']
[0.680s] Level 1:colcon.colcon_core.package_identification:_identify(media) by extension 'ignore'
[0.680s] Level 1:colcon.colcon_core.package_identification:_identify(media) by extension 'ignore_ament_install'
[0.680s] Level 1:colcon.colcon_core.package_identification:_identify(media) by extensions ['colcon_pkg']
[0.680s] Level 1:colcon.colcon_core.package_identification:_identify(media) by extension 'colcon_pkg'
[0.680s] Level 1:colcon.colcon_core.package_identification:_identify(media) by extensions ['colcon_meta']
[0.680s] Level 1:colcon.colcon_core.package_identification:_identify(media) by extension 'colcon_meta'
[0.680s] Level 1:colcon.colcon_core.package_identification:_identify(media) by extensions ['ros']
[0.680s] Level 1:colcon.colcon_core.package_identification:_identify(media) by extension 'ros'
[0.681s] Level 1:colcon.colcon_core.package_identification:_identify(media) by extensions ['cmake', 'python']
[0.681s] Level 1:colcon.colcon_core.package_identification:_identify(media) by extension 'cmake'
[0.681s] Level 1:colcon.colcon_core.package_identification:_identify(media) by extension 'python'
[0.681s] Level 1:colcon.colcon_core.package_identification:_identify(media) by extensions ['python_setup_py']
[0.681s] Level 1:colcon.colcon_core.package_identification:_identify(media) by extension 'python_setup_py'
[0.681s] Level 1:colcon.colcon_core.package_identification:_identify(media/SAC_Dense) by extensions ['ignore', 'ignore_ament_install']
[0.681s] Level 1:colcon.colcon_core.package_identification:_identify(media/SAC_Dense) by extension 'ignore'
[0.681s] Level 1:colcon.colcon_core.package_identification:_identify(media/SAC_Dense) by extension 'ignore_ament_install'
[0.681s] Level 1:colcon.colcon_core.package_identification:_identify(media/SAC_Dense) by extensions ['colcon_pkg']
[0.681s] Level 1:colcon.colcon_core.package_identification:_identify(media/SAC_Dense) by extension 'colcon_pkg'
[0.681s] Level 1:colcon.colcon_core.package_identification:_identify(media/SAC_Dense) by extensions ['colcon_meta']
[0.681s] Level 1:colcon.colcon_core.package_identification:_identify(media/SAC_Dense) by extension 'colcon_meta'
[0.681s] Level 1:colcon.colcon_core.package_identification:_identify(media/SAC_Dense) by extensions ['ros']
[0.681s] Level 1:colcon.colcon_core.package_identification:_identify(media/SAC_Dense) by extension 'ros'
[0.681s] Level 1:colcon.colcon_core.package_identification:_identify(media/SAC_Dense) by extensions ['cmake', 'python']
[0.681s] Level 1:colcon.colcon_core.package_identification:_identify(media/SAC_Dense) by extension 'cmake'
[0.681s] Level 1:colcon.colcon_core.package_identification:_identify(media/SAC_Dense) by extension 'python'
[0.682s] Level 1:colcon.colcon_core.package_identification:_identify(media/SAC_Dense) by extensions ['python_setup_py']
[0.682s] Level 1:colcon.colcon_core.package_identification:_identify(media/SAC_Dense) by extension 'python_setup_py'
[0.682s] Level 1:colcon.colcon_core.package_identification:_identify(media/SAC_Dense_Hist) by extensions ['ignore', 'ignore_ament_install']
[0.682s] Level 1:colcon.colcon_core.package_identification:_identify(media/SAC_Dense_Hist) by extension 'ignore'
[0.682s] Level 1:colcon.colcon_core.package_identification:_identify(media/SAC_Dense_Hist) by extension 'ignore_ament_install'
[0.682s] Level 1:colcon.colcon_core.package_identification:_identify(media/SAC_Dense_Hist) by extensions ['colcon_pkg']
[0.682s] Level 1:colcon.colcon_core.package_identification:_identify(media/SAC_Dense_Hist) by extension 'colcon_pkg'
[0.682s] Level 1:colcon.colcon_core.package_identification:_identify(media/SAC_Dense_Hist) by extensions ['colcon_meta']
[0.682s] Level 1:colcon.colcon_core.package_identification:_identify(media/SAC_Dense_Hist) by extension 'colcon_meta'
[0.682s] Level 1:colcon.colcon_core.package_identification:_identify(media/SAC_Dense_Hist) by extensions ['ros']
[0.682s] Level 1:colcon.colcon_core.package_identification:_identify(media/SAC_Dense_Hist) by extension 'ros'
[0.682s] Level 1:colcon.colcon_core.package_identification:_identify(media/SAC_Dense_Hist) by extensions ['cmake', 'python']
[0.682s] Level 1:colcon.colcon_core.package_identification:_identify(media/SAC_Dense_Hist) by extension 'cmake'
[0.682s] Level 1:colcon.colcon_core.package_identification:_identify(media/SAC_Dense_Hist) by extension 'python'
[0.682s] Level 1:colcon.colcon_core.package_identification:_identify(media/SAC_Dense_Hist) by extensions ['python_setup_py']
[0.682s] Level 1:colcon.colcon_core.package_identification:_identify(media/SAC_Dense_Hist) by extension 'python_setup_py'
[0.682s] Level 1:colcon.colcon_core.package_identification:_identify(media/SAC_Penalized) by extensions ['ignore', 'ignore_ament_install']
[0.682s] Level 1:colcon.colcon_core.package_identification:_identify(media/SAC_Penalized) by extension 'ignore'
[0.682s] Level 1:colcon.colcon_core.package_identification:_identify(media/SAC_Penalized) by extension 'ignore_ament_install'
[0.682s] Level 1:colcon.colcon_core.package_identification:_identify(media/SAC_Penalized) by extensions ['colcon_pkg']
[0.682s] Level 1:colcon.colcon_core.package_identification:_identify(media/SAC_Penalized) by extension 'colcon_pkg'
[0.682s] Level 1:colcon.colcon_core.package_identification:_identify(media/SAC_Penalized) by extensions ['colcon_meta']
[0.682s] Level 1:colcon.colcon_core.package_identification:_identify(media/SAC_Penalized) by extension 'colcon_meta'
[0.682s] Level 1:colcon.colcon_core.package_identification:_identify(media/SAC_Penalized) by extensions ['ros']
[0.682s] Level 1:colcon.colcon_core.package_identification:_identify(media/SAC_Penalized) by extension 'ros'
[0.683s] Level 1:colcon.colcon_core.package_identification:_identify(media/SAC_Penalized) by extensions ['cmake', 'python']
[0.683s] Level 1:colcon.colcon_core.package_identification:_identify(media/SAC_Penalized) by extension 'cmake'
[0.683s] Level 1:colcon.colcon_core.package_identification:_identify(media/SAC_Penalized) by extension 'python'
[0.683s] Level 1:colcon.colcon_core.package_identification:_identify(media/SAC_Penalized) by extensions ['python_setup_py']
[0.683s] Level 1:colcon.colcon_core.package_identification:_identify(media/SAC_Penalized) by extension 'python_setup_py'
[0.683s] Level 1:colcon.colcon_core.package_identification:_identify(media/SAC_Sparse_HER) by extensions ['ignore', 'ignore_ament_install']
[0.683s] Level 1:colcon.colcon_core.package_identification:_identify(media/SAC_Sparse_HER) by extension 'ignore'
[0.683s] Level 1:colcon.colcon_core.package_identification:_identify(media/SAC_Sparse_HER) by extension 'ignore_ament_install'
[0.683s] Level 1:colcon.colcon_core.package_identification:_identify(media/SAC_Sparse_HER) by extensions ['colcon_pkg']
[0.683s] Level 1:colcon.colcon_core.package_identification:_identify(media/SAC_Sparse_HER) by extension 'colcon_pkg'
[0.683s] Level 1:colcon.colcon_core.package_identification:_identify(media/SAC_Sparse_HER) by extensions ['colcon_meta']
[0.683s] Level 1:colcon.colcon_core.package_identification:_identify(media/SAC_Sparse_HER) by extension 'colcon_meta'
[0.683s] Level 1:colcon.colcon_core.package_identification:_identify(media/SAC_Sparse_HER) by extensions ['ros']
[0.683s] Level 1:colcon.colcon_core.package_identification:_identify(media/SAC_Sparse_HER) by extension 'ros'
[0.683s] Level 1:colcon.colcon_core.package_identification:_identify(media/SAC_Sparse_HER) by extensions ['cmake', 'python']
[0.683s] Level 1:colcon.colcon_core.package_identification:_identify(media/SAC_Sparse_HER) by extension 'cmake'
[0.683s] Level 1:colcon.colcon_core.package_identification:_identify(media/SAC_Sparse_HER) by extension 'python'
[0.683s] Level 1:colcon.colcon_core.package_identification:_identify(media/SAC_Sparse_HER) by extensions ['python_setup_py']
[0.683s] Level 1:colcon.colcon_core.package_identification:_identify(media/SAC_Sparse_HER) by extension 'python_setup_py'
[0.683s] Level 1:colcon.colcon_core.package_identification:_identify(media/SAC_Sparse_HER_Hist) by extensions ['ignore', 'ignore_ament_install']
[0.683s] Level 1:colcon.colcon_core.package_identification:_identify(media/SAC_Sparse_HER_Hist) by extension 'ignore'
[0.683s] Level 1:colcon.colcon_core.package_identification:_identify(media/SAC_Sparse_HER_Hist) by extension 'ignore_ament_install'
[0.683s] Level 1:colcon.colcon_core.package_identification:_identify(media/SAC_Sparse_HER_Hist) by extensions ['colcon_pkg']
[0.683s] Level 1:colcon.colcon_core.package_identification:_identify(media/SAC_Sparse_HER_Hist) by extension 'colcon_pkg'
[0.683s] Level 1:colcon.colcon_core.package_identification:_identify(media/SAC_Sparse_HER_Hist) by extensions ['colcon_meta']
[0.683s] Level 1:colcon.colcon_core.package_identification:_identify(media/SAC_Sparse_HER_Hist) by extension 'colcon_meta'
[0.684s] Level 1:colcon.colcon_core.package_identification:_identify(media/SAC_Sparse_HER_Hist) by extensions ['ros']
[0.684s] Level 1:colcon.colcon_core.package_identification:_identify(media/SAC_Sparse_HER_Hist) by extension 'ros'
[0.684s] Level 1:colcon.colcon_core.package_identification:_identify(media/SAC_Sparse_HER_Hist) by extensions ['cmake', 'python']
[0.684s] Level 1:colcon.colcon_core.package_identification:_identify(media/SAC_Sparse_HER_Hist) by extension 'cmake'
[0.684s] Level 1:colcon.colcon_core.package_identification:_identify(media/SAC_Sparse_HER_Hist) by extension 'python'
[0.684s] Level 1:colcon.colcon_core.package_identification:_identify(media/SAC_Sparse_HER_Hist) by extensions ['python_setup_py']
[0.684s] Level 1:colcon.colcon_core.package_identification:_identify(media/SAC_Sparse_HER_Hist) by extension 'python_setup_py'
[0.684s] Level 1:colcon.colcon_core.package_discovery:discover_packages(recursive) using defaults
[0.684s] Level 1:colcon.colcon_core.package_discovery:discover_packages(ignore) discover
[0.684s] Level 1:colcon.colcon_core.package_discovery:discover_packages(ignore) using defaults
[0.684s] Level 1:colcon.colcon_core.package_discovery:discover_packages(path) discover
[0.684s] Level 1:colcon.colcon_core.package_discovery:discover_packages(path) using defaults
[0.724s] Level 1:colcon.colcon_core.package_discovery:discover_packages(prefix_path) check parameters
[0.724s] Level 1:colcon.colcon_core.package_discovery:discover_packages(prefix_path) discover
[0.726s] DEBUG:colcon.colcon_installed_package_information.package_discovery:Found 0 installed packages in /home/toris/rl_nav/install
[0.728s] DEBUG:colcon.colcon_installed_package_information.package_discovery:Found 359 installed packages in /opt/ros/humble
[0.730s] Level 1:colcon.colcon_core.package_discovery:discover_packages(prefix_path) using defaults
[0.773s] INFO:colcon.colcon_core.executor:Executing jobs using 'parallel' executor
[0.774s] DEBUG:colcon.colcon_parallel_executor.executor.parallel:run_until_complete
[0.774s] DEBUG:colcon.colcon_parallel_executor.executor.parallel:closing loop
[0.774s] DEBUG:colcon.colcon_parallel_executor.executor.parallel:loop closed
[0.775s] DEBUG:colcon.colcon_parallel_executor.executor.parallel:run_until_complete finished with '0'
[0.775s] DEBUG:colcon.colcon_core.event_reactor:joining thread
[0.782s] INFO:colcon.colcon_core.plugin_system:Skipping extension 'colcon_notification.desktop_notification.terminal_notifier': Not used on non-Darwin systems
[0.782s] INFO:colcon.colcon_core.plugin_system:Skipping extension 'colcon_notification.desktop_notification.win32': Not used on non-Windows systems
[0.782s] INFO:colcon.colcon_notification.desktop_notification:Sending desktop notification using 'notify2'
[0.792s] DEBUG:colcon.colcon_core.event_reactor:joined thread
[0.796s] INFO:colcon.colcon_core.plugin_system:Skipping extension 'colcon_core.shell.bat': Not used on non-Windows systems
[0.796s] INFO:colcon.colcon_core.shell:Creating prefix script '/home/toris/rl_nav/install/local_setup.ps1'
[0.797s] INFO:colcon.colcon_core.shell:Creating prefix util module '/home/toris/rl_nav/install/_local_setup_util_ps1.py'
[0.800s] INFO:colcon.colcon_core.shell:Creating prefix chain script '/home/toris/rl_nav/install/setup.ps1'
[0.804s] INFO:colcon.colcon_core.shell:Creating prefix script '/home/toris/rl_nav/install/local_setup.sh'
[0.806s] INFO:colcon.colcon_core.shell:Creating prefix util module '/home/toris/rl_nav/install/_local_setup_util_sh.py'
[0.807s] INFO:colcon.colcon_core.shell:Creating prefix chain script '/home/toris/rl_nav/install/setup.sh'
[0.810s] INFO:colcon.colcon_core.shell:Creating prefix script '/home/toris/rl_nav/install/local_setup.bash'
[0.811s] INFO:colcon.colcon_core.shell:Creating prefix chain script '/home/toris/rl_nav/install/setup.bash'
[0.814s] INFO:colcon.colcon_core.shell:Creating prefix script '/home/toris/rl_nav/install/local_setup.zsh'
[0.815s] INFO:colcon.colcon_core.shell:Creating prefix chain script '/home/toris/rl_nav/install/setup.zsh'
