[0.107s] DEBUG:colcon:Command line arguments: ['/home/tinthuongtri/.local/bin/colcon', 'build']
[0.107s] DEBUG:colcon:Parsed command line arguments: Namespace(log_base=None, log_level=None, verb_name='build', build_base='build', install_base='install', merge_install=False, symlink_install=False, test_result_base=None, continue_on_error=False, executor='parallel', parallel_workers=16, event_handlers=None, ignore_user_meta=False, metas=['./colcon.meta'], base_paths=['.'], packages_ignore=None, packages_ignore_regex=None, paths=None, packages_up_to=None, packages_up_to_regex=None, packages_above=None, packages_above_and_dependencies=None, packages_above_depth=None, packages_select_by_dep=None, packages_skip_by_dep=None, packages_skip_up_to=None, packages_select_build_failed=False, packages_skip_build_finished=False, packages_select_test_failures=False, packages_skip_test_passed=False, packages_select=None, packages_skip=None, packages_select_regex=None, packages_skip_regex=None, packages_start=None, packages_end=None, cmake_args=None, cmake_target=None, cmake_target_skip_unavailable=False, cmake_clean_cache=False, cmake_clean_first=False, cmake_force_configure=False, ament_cmake_args=None, catkin_cmake_args=None, catkin_skip_building_tests=False, verb_parser=<colcon_defaults.argument_parser.defaults.DefaultArgumentsDecorator object at 0x7a29f0e2da80>, verb_extension=<colcon_core.verb.build.BuildVerb object at 0x7a29f0fb6830>, main=<bound method BuildVerb.main of <colcon_core.verb.build.BuildVerb object at 0x7a29f0fb6830>>)
[0.142s] Level 1:colcon.colcon_core.package_discovery:discover_packages(colcon_meta) check parameters
[0.142s] Level 1:colcon.colcon_core.package_discovery:discover_packages(recursive) check parameters
[0.142s] Level 1:colcon.colcon_core.package_discovery:discover_packages(ignore) check parameters
[0.142s] Level 1:colcon.colcon_core.package_discovery:discover_packages(path) check parameters
[0.142s] Level 1:colcon.colcon_core.package_discovery:discover_packages(colcon_meta) discover
[0.142s] Level 1:colcon.colcon_core.package_discovery:discover_packages(recursive) discover
[0.142s] INFO:colcon.colcon_core.package_discovery:Crawling recursively for packages in '/home/tinthuongtri/rl_nav/SAC_Sparse_HER'
[0.142s] Level 1:colcon.colcon_core.package_identification:_identify(.) by extensions ['ignore', 'ignore_ament_install']
[0.142s] Level 1:colcon.colcon_core.package_identification:_identify(.) by extension 'ignore'
[0.142s] Level 1:colcon.colcon_core.package_identification:_identify(.) by extension 'ignore_ament_install'
[0.142s] Level 1:colcon.colcon_core.package_identification:_identify(.) by extensions ['colcon_pkg']
[0.142s] Level 1:colcon.colcon_core.package_identification:_identify(.) by extension 'colcon_pkg'
[0.142s] Level 1:colcon.colcon_core.package_identification:_identify(.) by extensions ['colcon_meta']
[0.142s] Level 1:colcon.colcon_core.package_identification:_identify(.) by extension 'colcon_meta'
[0.142s] Level 1:colcon.colcon_core.package_identification:_identify(.) by extensions ['ros']
[0.142s] Level 1:colcon.colcon_core.package_identification:_identify(.) by extension 'ros'
[0.152s] Level 1:colcon.colcon_core.package_identification:_identify(.) by extensions ['cmake', 'python']
[0.152s] Level 1:colcon.colcon_core.package_identification:_identify(.) by extension 'cmake'
[0.152s] Level 1:colcon.colcon_core.package_identification:_identify(.) by extension 'python'
[0.152s] Level 1:colcon.colcon_core.package_identification:_identify(.) by extensions ['python_setup_py']
[0.152s] Level 1:colcon.colcon_core.package_identification:_identify(.) by extension 'python_setup_py'
[0.152s] Level 1:colcon.colcon_core.package_identification:_identify(__pycache__) by extensions ['ignore', 'ignore_ament_install']
[0.152s] Level 1:colcon.colcon_core.package_identification:_identify(__pycache__) by extension 'ignore'
[0.152s] Level 1:colcon.colcon_core.package_identification:_identify(__pycache__) by extension 'ignore_ament_install'
[0.152s] Level 1:colcon.colcon_core.package_identification:_identify(__pycache__) by extensions ['colcon_pkg']
[0.152s] Level 1:colcon.colcon_core.package_identification:_identify(__pycache__) by extension 'colcon_pkg'
[0.152s] Level 1:colcon.colcon_core.package_identification:_identify(__pycache__) by extensions ['colcon_meta']
[0.152s] Level 1:colcon.colcon_core.package_identification:_identify(__pycache__) by extension 'colcon_meta'
[0.152s] Level 1:colcon.colcon_core.package_identification:_identify(__pycache__) by extensions ['ros']
[0.152s] Level 1:colcon.colcon_core.package_identification:_identify(__pycache__) by extension 'ros'
[0.152s] Level 1:colcon.colcon_core.package_identification:_identify(__pycache__) by extensions ['cmake', 'python']
[0.152s] Level 1:colcon.colcon_core.package_identification:_identify(__pycache__) by extension 'cmake'
[0.152s] Level 1:colcon.colcon_core.package_identification:_identify(__pycache__) by extension 'python'
[0.152s] Level 1:colcon.colcon_core.package_identification:_identify(__pycache__) by extensions ['python_setup_py']
[0.152s] Level 1:colcon.colcon_core.package_identification:_identify(__pycache__) by extension 'python_setup_py'
[0.152s] Level 1:colcon.colcon_core.package_identification:_identify(build) by extensions ['ignore', 'ignore_ament_install']
[0.152s] Level 1:colcon.colcon_core.package_identification:_identify(build) by extension 'ignore'
[0.152s] Level 1:colcon.colcon_core.package_identification:_identify(build) ignored
[0.152s] Level 1:colcon.colcon_core.package_identification:_identify(comparison_results) by extensions ['ignore', 'ignore_ament_install']
[0.152s] Level 1:colcon.colcon_core.package_identification:_identify(comparison_results) by extension 'ignore'
[0.153s] Level 1:colcon.colcon_core.package_identification:_identify(comparison_results) by extension 'ignore_ament_install'
[0.153s] Level 1:colcon.colcon_core.package_identification:_identify(comparison_results) by extensions ['colcon_pkg']
[0.153s] Level 1:colcon.colcon_core.package_identification:_identify(comparison_results) by extension 'colcon_pkg'
[0.153s] Level 1:colcon.colcon_core.package_identification:_identify(comparison_results) by extensions ['colcon_meta']
[0.153s] Level 1:colcon.colcon_core.package_identification:_identify(comparison_results) by extension 'colcon_meta'
[0.153s] Level 1:colcon.colcon_core.package_identification:_identify(comparison_results) by extensions ['ros']
[0.153s] Level 1:colcon.colcon_core.package_identification:_identify(comparison_results) by extension 'ros'
[0.153s] Level 1:colcon.colcon_core.package_identification:_identify(comparison_results) by extensions ['cmake', 'python']
[0.153s] Level 1:colcon.colcon_core.package_identification:_identify(comparison_results) by extension 'cmake'
[0.153s] Level 1:colcon.colcon_core.package_identification:_identify(comparison_results) by extension 'python'
[0.153s] Level 1:colcon.colcon_core.package_identification:_identify(comparison_results) by extensions ['python_setup_py']
[0.153s] Level 1:colcon.colcon_core.package_identification:_identify(comparison_results) by extension 'python_setup_py'
[0.153s] Level 1:colcon.colcon_core.package_identification:_identify(inference_results) by extensions ['ignore', 'ignore_ament_install']
[0.153s] Level 1:colcon.colcon_core.package_identification:_identify(inference_results) by extension 'ignore'
[0.153s] Level 1:colcon.colcon_core.package_identification:_identify(inference_results) by extension 'ignore_ament_install'
[0.153s] Level 1:colcon.colcon_core.package_identification:_identify(inference_results) by extensions ['colcon_pkg']
[0.153s] Level 1:colcon.colcon_core.package_identification:_identify(inference_results) by extension 'colcon_pkg'
[0.153s] Level 1:colcon.colcon_core.package_identification:_identify(inference_results) by extensions ['colcon_meta']
[0.153s] Level 1:colcon.colcon_core.package_identification:_identify(inference_results) by extension 'colcon_meta'
[0.153s] Level 1:colcon.colcon_core.package_identification:_identify(inference_results) by extensions ['ros']
[0.153s] Level 1:colcon.colcon_core.package_identification:_identify(inference_results) by extension 'ros'
[0.153s] Level 1:colcon.colcon_core.package_identification:_identify(inference_results) by extensions ['cmake', 'python']
[0.153s] Level 1:colcon.colcon_core.package_identification:_identify(inference_results) by extension 'cmake'
[0.153s] Level 1:colcon.colcon_core.package_identification:_identify(inference_results) by extension 'python'
[0.153s] Level 1:colcon.colcon_core.package_identification:_identify(inference_results) by extensions ['python_setup_py']
[0.153s] Level 1:colcon.colcon_core.package_identification:_identify(inference_results) by extension 'python_setup_py'
[0.153s] Level 1:colcon.colcon_core.package_identification:_identify(install) by extensions ['ignore', 'ignore_ament_install']
[0.153s] Level 1:colcon.colcon_core.package_identification:_identify(install) by extension 'ignore'
[0.153s] Level 1:colcon.colcon_core.package_identification:_identify(install) ignored
[0.153s] Level 1:colcon.colcon_core.package_identification:_identify(log) by extensions ['ignore', 'ignore_ament_install']
[0.153s] Level 1:colcon.colcon_core.package_identification:_identify(log) by extension 'ignore'
[0.153s] Level 1:colcon.colcon_core.package_identification:_identify(log) ignored
[0.153s] Level 1:colcon.colcon_core.package_discovery:discover_packages(recursive) using defaults
[0.153s] Level 1:colcon.colcon_core.package_discovery:discover_packages(ignore) discover
[0.153s] Level 1:colcon.colcon_core.package_discovery:discover_packages(ignore) using defaults
[0.153s] Level 1:colcon.colcon_core.package_discovery:discover_packages(path) discover
[0.153s] Level 1:colcon.colcon_core.package_discovery:discover_packages(path) using defaults
[0.169s] INFO:colcon.colcon_core.executor:Executing jobs using 'parallel' executor
[0.169s] DEBUG:colcon.colcon_parallel_executor.executor.parallel:run_until_complete
[0.169s] DEBUG:colcon.colcon_parallel_executor.executor.parallel:closing loop
[0.169s] DEBUG:colcon.colcon_parallel_executor.executor.parallel:loop closed
[0.170s] DEBUG:colcon.colcon_parallel_executor.executor.parallel:run_until_complete finished with '0'
[0.170s] DEBUG:colcon.colcon_core.event_reactor:joining thread
[0.173s] INFO:colcon.colcon_core.plugin_system:Skipping extension 'colcon_notification.desktop_notification.terminal_notifier': Not used on non-Darwin systems
[0.173s] INFO:colcon.colcon_core.plugin_system:Skipping extension 'colcon_notification.desktop_notification.win32': Not used on non-Windows systems
[0.173s] INFO:colcon.colcon_notification.desktop_notification:Sending desktop notification using 'notify2'
[0.188s] DEBUG:colcon.colcon_core.event_reactor:joined thread
[0.190s] INFO:colcon.colcon_core.plugin_system:Skipping extension 'colcon_core.shell.bat': Not used on non-Windows systems
[0.190s] INFO:colcon.colcon_core.shell:Creating prefix script '/home/tinthuongtri/rl_nav/SAC_Sparse_HER/install/local_setup.ps1'
[0.192s] INFO:colcon.colcon_core.shell:Creating prefix util module '/home/tinthuongtri/rl_nav/SAC_Sparse_HER/install/_local_setup_util_ps1.py'
[0.193s] INFO:colcon.colcon_core.shell:Creating prefix chain script '/home/tinthuongtri/rl_nav/SAC_Sparse_HER/install/setup.ps1'
[0.195s] INFO:colcon.colcon_core.shell:Creating prefix script '/home/tinthuongtri/rl_nav/SAC_Sparse_HER/install/local_setup.sh'
[0.196s] INFO:colcon.colcon_core.shell:Creating prefix util module '/home/tinthuongtri/rl_nav/SAC_Sparse_HER/install/_local_setup_util_sh.py'
[0.196s] INFO:colcon.colcon_core.shell:Creating prefix chain script '/home/tinthuongtri/rl_nav/SAC_Sparse_HER/install/setup.sh'
[0.197s] INFO:colcon.colcon_core.shell:Creating prefix script '/home/tinthuongtri/rl_nav/SAC_Sparse_HER/install/local_setup.bash'
[0.197s] INFO:colcon.colcon_core.shell:Creating prefix chain script '/home/tinthuongtri/rl_nav/SAC_Sparse_HER/install/setup.bash'
[0.198s] INFO:colcon.colcon_core.shell:Creating prefix script '/home/tinthuongtri/rl_nav/SAC_Sparse_HER/install/local_setup.zsh'
[0.199s] INFO:colcon.colcon_core.shell:Creating prefix chain script '/home/tinthuongtri/rl_nav/SAC_Sparse_HER/install/setup.zsh'
